Archive member included to satisfy reference by file (symbol)

D:/Program Files/SEGGER/SEGGER Embedded Studio for ARM 5.60/lib/libc_v7em_fpv4_sp_d16_hard_t_le_eabi.a(libc2.o)
                              Output/Release/Obj/ble_app_blinky_pca10040_s132/nrf_log_str_formatter.o (isprint)
D:/Program Files/SEGGER/SEGGER Embedded Studio for ARM 5.60/lib/libc_v7em_fpv4_sp_d16_hard_t_le_eabi.a(libc2_asm.o)
                              Output/Release/Obj/ble_app_blinky_pca10040_s132/nrf_log_frontend.o (memcpy)
D:/Program Files/SEGGER/SEGGER Embedded Studio for ARM 5.60/lib/libc_v7em_fpv4_sp_d16_hard_t_le_eabi.a(libvfprintf.o)
                              (__vfprintf_long)
D:/Program Files/SEGGER/SEGGER Embedded Studio for ARM 5.60/lib/libc_v7em_fpv4_sp_d16_hard_t_le_eabi.a(libvfscanf.o)
                              (__vfscanf_long)
D:/Program Files/SEGGER/SEGGER Embedded Studio for ARM 5.60/lib/libc_v7em_fpv4_sp_d16_hard_t_le_eabi.a(libc.o)
                              D:/Program Files/SEGGER/SEGGER Embedded Studio for ARM 5.60/lib/libc_v7em_fpv4_sp_d16_hard_t_le_eabi.a(libc2.o) (__heap_lock)
D:/Program Files/SEGGER/SEGGER Embedded Studio for ARM 5.60/lib/libc_v7em_fpv4_sp_d16_hard_t_le_eabi.a(libc_asm.o)
                              D:/Program Files/SEGGER/SEGGER Embedded Studio for ARM 5.60/lib/libc_v7em_fpv4_sp_d16_hard_t_le_eabi.a(libc2.o) (__aeabi_uldivmod)
D:/Program Files/SEGGER/SEGGER Embedded Studio for ARM 5.60/lib/libdebugio_v7em_fpv4_sp_d16_hard_t_le_eabi.a(libdebugio.o)
                              Output/Release/Obj/ble_app_blinky_pca10040_s132/thumb_crt0.o (debug_fopen)
D:/Program Files/SEGGER/SEGGER Embedded Studio for ARM 5.60/lib/libdebugio_v7em_fpv4_sp_d16_hard_t_le_eabi.a(do_nv_debug_operation.o)
                              D:/Program Files/SEGGER/SEGGER Embedded Studio for ARM 5.60/lib/libdebugio_v7em_fpv4_sp_d16_hard_t_le_eabi.a(libdebugio.o) (__do_nvdebug_operation)
D:/Program Files/SEGGER/SEGGER Embedded Studio for ARM 5.60/lib/libdebugio_v7em_fpv4_sp_d16_hard_t_le_eabi.a(mempoll_debug_operations.o)
                              (__do_debug_operation_mempoll)
D:/Program Files/SEGGER/SEGGER Embedded Studio for ARM 5.60/lib/libm_v7em_fpv4_sp_d16_hard_t_le_eabi.a(libm_asm.o)
                              D:/Program Files/SEGGER/SEGGER Embedded Studio for ARM 5.60/lib/libc_v7em_fpv4_sp_d16_hard_t_le_eabi.a(libc2.o) (__aeabi_dadd)
D:/Program Files/SEGGER/SEGGER Embedded Studio for ARM 5.60/lib/libm_v7em_fpv4_sp_d16_hard_t_le_eabi.a(libm2.o)
                              D:/Program Files/SEGGER/SEGGER Embedded Studio for ARM 5.60/lib/libc_v7em_fpv4_sp_d16_hard_t_le_eabi.a(libvfprintf.o) (frexp)

Discarded input sections

 .text          0x0000000000000000        0x0 Output/Release/Obj/ble_app_blinky_pca10040_s132/thumb_crt0.o
 .data          0x0000000000000000        0x0 Output/Release/Obj/ble_app_blinky_pca10040_s132/thumb_crt0.o
 .bss           0x0000000000000000        0x0 Output/Release/Obj/ble_app_blinky_pca10040_s132/thumb_crt0.o
 .text.__aeabi_read_tp
                0x0000000000000000        0x8 Output/Release/Obj/ble_app_blinky_pca10040_s132/thumb_crt0.o
 .text.abort    0x0000000000000000        0x2 Output/Release/Obj/ble_app_blinky_pca10040_s132/thumb_crt0.o
 .text.__assert
                0x0000000000000000        0x2 Output/Release/Obj/ble_app_blinky_pca10040_s132/thumb_crt0.o
 .text.__assert_func
                0x0000000000000000        0x2 Output/Release/Obj/ble_app_blinky_pca10040_s132/thumb_crt0.o
 .text.__aeabi_assert
                0x0000000000000000        0x2 Output/Release/Obj/ble_app_blinky_pca10040_s132/thumb_crt0.o
 .text.__sync_synchronize
                0x0000000000000000        0x2 Output/Release/Obj/ble_app_blinky_pca10040_s132/thumb_crt0.o
 .text.__getchar
                0x0000000000000000        0x4 Output/Release/Obj/ble_app_blinky_pca10040_s132/thumb_crt0.o
 .text.__putchar
                0x0000000000000000        0x4 Output/Release/Obj/ble_app_blinky_pca10040_s132/thumb_crt0.o
 .text.__open   0x0000000000000000        0x4 Output/Release/Obj/ble_app_blinky_pca10040_s132/thumb_crt0.o
 .text.__close  0x0000000000000000        0x4 Output/Release/Obj/ble_app_blinky_pca10040_s132/thumb_crt0.o
 .text.__write  0x0000000000000000        0xa Output/Release/Obj/ble_app_blinky_pca10040_s132/thumb_crt0.o
 .text.__read   0x0000000000000000        0xa Output/Release/Obj/ble_app_blinky_pca10040_s132/thumb_crt0.o
 .text.__seek   0x0000000000000000       0x1a Output/Release/Obj/ble_app_blinky_pca10040_s132/thumb_crt0.o
 .text.remove   0x0000000000000000        0x4 Output/Release/Obj/ble_app_blinky_pca10040_s132/thumb_crt0.o
 .text.rename   0x0000000000000000        0x4 Output/Release/Obj/ble_app_blinky_pca10040_s132/thumb_crt0.o
 .bss.__user_locale_name_buffer
                0x0000000000000000        0x4 Output/Release/Obj/ble_app_blinky_pca10040_s132/thumb_crt0.o
[...]
Memory Configuration

Name             Origin             Length             Attributes
UNPLACED_SECTIONS 0x0000000100000000 0x0000000000000000 xw
RAM              0x0000000020000000 0x0000000000010000 xw
FLASH            0x0000000000000000 0x0000000000080000 xw
*default*        0x0000000000000000 0xffffffffffffffff

Linker script and memory map

                0x0000000000000000                __do_debug_operation = __do_debug_operation_mempoll
                0x0000000000000000                __vfprintf = __vfprintf_long
                0x0000000000000000                __vfscanf = __vfscanf_long
                0x0000000020000000                __RAM_segment_start__ = 0x20000000
                0x0000000020010000                __RAM_segment_end__ = 0x20010000
                0x0000000000010000                __RAM_segment_size__ = 0x10000
                0x0000000000000000                __FLASH_segment_start__ = 0x0
                0x0000000000080000                __FLASH_segment_end__ = 0x80000
                0x0000000000080000                __FLASH_segment_size__ = 0x80000
                0x0000000000002000                __HEAPSIZE__ = 0x2000
                0x0000000000000000                __STACKSIZE_PROCESS__ = 0x0
                0x0000000000002000                __STACKSIZE__ = 0x2000
                0x0000000020000000                __reserved_ram_load_start__ = 0x20000000

.reserved_ram   0x0000000020000000     0x22b8
                0x0000000020000000                __reserved_ram_start__ = .
 *(.reserved_ram .reserved_ram.*)
                0x00000000200022b8                . = MAX (((__reserved_ram_start__ + 0x200022b8) - 0x20000000), .)
 *fill*         0x0000000020000000     0x22b8 
                0x00000000200022b8                __reserved_ram_end__ = (__reserved_ram_start__ + SIZEOF (.reserved_ram))
                0x00000000000022b8                __reserved_ram_size__ = SIZEOF (.reserved_ram)
                0x00000000200022b8                __reserved_ram_load_end__ = __reserved_ram_end__
                0x0000000000000001                . = ASSERT (((__reserved_ram_start__ == __reserved_ram_end__) || ((__reserved_ram_end__ - __RAM_segment_start__) <= __RAM_segment_size__)), error: .reserved_ram is too large to fit in RAM memory segment)
                0x00000000200022b8                __vectors_ram_load_start__ = 0x200022b8

.vectors_ram    0x00000000200022b8        0x0
                0x00000000200022b8                __vectors_ram_start__ = .
                0x00000000200022b8                __app_ram_start__ = __vectors_ram_start__
 *(.vectors_ram .vectors_ram.*)
                0x00000000200022b8                __vectors_ram_end__ = (__vectors_ram_start__ + SIZEOF (.vectors_ram))
                0x0000000000000000                __vectors_ram_size__ = SIZEOF (.vectors_ram)
                0x00000000200022b8                __vectors_ram_load_end__ = __vectors_ram_end__
                0x0000000000000001                . = ASSERT (((__vectors_ram_start__ == __vectors_ram_end__) || ((__vectors_ram_end__ - __RAM_segment_start__) <= __RAM_segment_size__)), error: .vectors_ram is too large to fit in RAM memory segment)
                0x0000000000000001                . = ASSERT ((__reserved_ram_end__ <= __vectors_ram_start__), error: section .reserved_ram overlaps absolute placed section .vectors_ram)
                0x00000000200022b8                __nrf_sections_run_load_start__ = ALIGN (__vectors_ram_end__, 0x4)

.nrf_sections_run
                0x00000000200022b8        0x0
                0x00000000200022b8                __nrf_sections_run_start__ = .
                0x00000000200022b8                __start_nrf_sections_run = __nrf_sections_run_start__
 *(.nrf_sections_run .nrf_sections_run.*)
                0x00000000200022b8                __nrf_sections_run_end__ = (__nrf_sections_run_start__ + SIZEOF (.nrf_sections_run))
                0x0000000000000000                __nrf_sections_run_size__ = SIZEOF (.nrf_sections_run)
                0x00000000200022b8                __nrf_sections_run_load_end__ = __nrf_sections_run_end__
                0x0000000000000001                . = ASSERT (((__nrf_sections_run_start__ == __nrf_sections_run_end__) || ((__nrf_sections_run_end__ - __RAM_segment_start__) <= __RAM_segment_size__)), error: .nrf_sections_run is too large to fit in RAM memory segment)
                0x0000000000000000                __reserved_flash_load_start__ = 0x0

.reserved_flash
                0x0000000000000000    0x26000
                0x0000000000000000                __reserved_flash_start__ = .
 *(.reserved_flash .reserved_flash.*)
                0x0000000000026000                . = MAX (((__reserved_flash_start__ + 0x26000) - 0x0), .)
 *fill*         0x0000000000000000    0x26000 
                0x0000000000026000                __reserved_flash_end__ = (__reserved_flash_start__ + SIZEOF (.reserved_flash))
                0x0000000000026000                __reserved_flash_size__ = SIZEOF (.reserved_flash)
                0x0000000000026000                __reserved_flash_load_end__ = __reserved_flash_end__
                0x0000000000000001                . = ASSERT (((__reserved_flash_start__ == __reserved_flash_end__) || ((__reserved_flash_end__ - __FLASH_segment_start__) <= __FLASH_segment_size__)), error: .reserved_flash is too large to fit in FLASH memory segment)
                0x0000000000026000                __vectors_load_start__ = 0x26000

.vectors        0x0000000000026000      0x200
                0x0000000000026000                __vectors_start__ = .
 *(.vectors .vectors.*)
 .vectors       0x0000000000026000      0x200 Output/Release/Obj/ble_app_blinky_pca10040_s132/ses_startup_nrf52.o
                0x0000000000026000                _vectors
                0x0000000000026200                __vectors_end__ = (__vectors_start__ + SIZEOF (.vectors))
                0x0000000000000200                __vectors_size__ = SIZEOF (.vectors)
                0x0000000000026200                __vectors_load_end__ = __vectors_end__
                0x0000000000000001                . = ASSERT (((__vectors_start__ == __vectors_end__) || ((__vectors_end__ - __FLASH_segment_start__) <= __FLASH_segment_size__)), error: .vectors is too large to fit in FLASH memory segment)
                0x0000000000000001                . = ASSERT ((__reserved_flash_end__ <= __vectors_start__), error: section .reserved_flash overlaps absolute placed section .vectors)
                0x0000000000026200                __init_load_start__ = ALIGN (__vectors_end__, 0x4)

.init           0x0000000000026200      0x1d4
                0x0000000000026200                __init_start__ = .
 *(.init .init.*)
 .init          0x0000000000026200      0x15c Output/Release/Obj/ble_app_blinky_pca10040_s132/thumb_crt0.o
                0x0000000000026200                _start
                0x00000000000262b4                exit
 .init          0x000000000002635c       0x18 Output/Release/Obj/ble_app_blinky_pca10040_s132/ses_startup_nrf52.o
                0x000000000002635c                NMI_Handler
                0x000000000002635e                HardFault_Handler
                0x0000000000026360                MemoryManagement_Handler
                0x0000000000026362                BusFault_Handler
                0x0000000000026364                UsageFault_Handler
                0x0000000000026366                SVC_Handler
                0x0000000000026368                DebugMon_Handler
                0x000000000002636a                PendSV_Handler
                0x000000000002636c                SysTick_Handler
                0x000000000002636e                RADIO_IRQHandler
                0x000000000002636e                PDM_IRQHandler
                0x000000000002636e                TEMP_IRQHandler
                0x000000000002636e                QDEC_IRQHandler
                0x000000000002636e                TIMER3_IRQHandler
                0x000000000002636e                FPU_IRQHandler
                0x000000000002636e                RTC0_IRQHandler
                0x000000000002636e                PWM1_IRQHandler
                0x000000000002636e                TIMER4_IRQHandler
                0x000000000002636e                I2S_IRQHandler
                0x000000000002636e                SWI4_EGU4_IRQHandler
                0x000000000002636e                TIMER0_IRQHandler
                0x000000000002636e                Dummy_Handler
                0x000000000002636e                TIMER1_IRQHandler
                0x000000000002636e                PWM2_IRQHandler
                0x000000000002636e                ECB_IRQHandler
                0x000000000002636e                SPIM1_SPIS1_TWIM1_TWIS1_SPI1_TWI1_IRQHandler
                0x000000000002636e                SAADC_IRQHandler
                0x000000000002636e                CCM_AAR_IRQHandler
                0x000000000002636e                WDT_IRQHandler
                0x000000000002636e                SPIM0_SPIS0_TWIM0_TWIS0_SPI0_TWI0_IRQHandler
                0x000000000002636e                SWI5_EGU5_IRQHandler
                0x000000000002636e                RNG_IRQHandler
                0x000000000002636e                RTC2_IRQHandler
                0x000000000002636e                PWM0_IRQHandler
                0x000000000002636e                SWI3_EGU3_IRQHandler
                0x000000000002636e                SWI1_EGU1_IRQHandler
                0x000000000002636e                SPIM2_SPIS2_SPI2_IRQHandler
                0x000000000002636e                NFCT_IRQHandler
                0x000000000002636e                TIMER2_IRQHandler
                0x000000000002636e                MWU_IRQHandler
                0x000000000002636e                COMP_LPCOMP_IRQHandler
                0x0000000000026370                nRFInitialize
 .init          0x0000000000026374       0x60 Output/Release/Obj/ble_app_blinky_pca10040_s132/ses_startup_nrf_common.o
                0x0000000000026374                Reset_Handler
                0x000000000002639c                InitializeUserMemorySections
                0x00000000000263d4                __init_end__ = (__init_start__ + SIZEOF (.init))
                0x00000000000001d4                __init_size__ = SIZEOF (.init)
                0x00000000000263d4                __init_load_end__ = __init_end__
                0x0000000000000001                . = ASSERT (((__init_start__ == __init_end__) || ((__init_end__ - __FLASH_segment_start__) <= __FLASH_segment_size__)), error: .init is too large to fit in FLASH memory segment)
                0x00000000000263d4                __init_rodata_load_start__ = ALIGN (__init_end__, 0x4)

.init_rodata    0x00000000000263d4        0x0
                0x00000000000263d4                __init_rodata_start__ = .
 *(.init_rodata .init_rodata.*)
                0x00000000000263d4                __init_rodata_end__ = (__init_rodata_start__ + SIZEOF (.init_rodata))
                0x0000000000000000                __init_rodata_size__ = SIZEOF (.init_rodata)
                0x00000000000263d4                __init_rodata_load_end__ = __init_rodata_end__
                0x0000000000000001                . = ASSERT (((__init_rodata_start__ == __init_rodata_end__) || ((__init_rodata_end__ - __FLASH_segment_start__) <= __FLASH_segment_size__)), error: .init_rodata is too large to fit in FLASH memory segment)
                0x00000000000263d4                __text_load_start__ = ALIGN (__init_rodata_end__, 0x4)

.text           0x00000000000263d4     0x4526
                0x00000000000263d4                __text_start__ = .
 *(.text .text.* .glue_7t .glue_7 .gnu.linkonce.t.* .gcc_except_table .ARM.extab* .gnu.linkonce.armextab.*)
 .glue_7        0x00000000000263d4        0x0 linker stubs
 .glue_7t       0x00000000000263d4        0x0 linker stubs
 .text.nrf_log_backend_serial_put
                0x00000000000263d4       0xc2 Output/Release/Obj/ble_app_blinky_pca10040_s132/nrf_log_backend_serial.o
                0x00000000000263d4                nrf_log_backend_serial_put
 *fill*         0x0000000000026496        0x2 
 .text.uart_evt_handler
                0x0000000000026498        0xc Output/Release/Obj/ble_app_blinky_pca10040_s132/nrf_log_backend_uart.o
 .text.nrf_log_backend_uart_flush
                0x00000000000264a4        0x2 Output/Release/Obj/ble_app_blinky_pca10040_s132/nrf_log_backend_uart.o
 *fill*         0x00000000000264a6        0x2 
 .text.uart_init
                0x00000000000264a8       0x4c Output/Release/Obj/ble_app_blinky_pca10040_s132/nrf_log_backend_uart.o
 .text.nrf_log_backend_uart_put
                0x00000000000264f4       0x1c Output/Release/Obj/ble_app_blinky_pca10040_s132/nrf_log_backend_uart.o
 .text.serial_tx
                0x0000000000026510       0x48 Output/Release/Obj/ble_app_blinky_pca10040_s132/nrf_log_backend_uart.o
 .text.nrf_log_backend_uart_panic_set
                0x0000000000026558       0x2c Output/Release/Obj/ble_app_blinky_pca10040_s132/nrf_log_backend_uart.o
 .text.nrf_log_backend_uart_init
                0x0000000000026584        0x6 Output/Release/Obj/ble_app_blinky_pca10040_s132/nrf_log_backend_uart.o
                0x0000000000026584                nrf_log_backend_uart_init
 *fill*         0x000000000002658a        0x2 
 .text.nrf_log_default_backends_init
                0x000000000002658c       0x20 Output/Release/Obj/ble_app_blinky_pca10040_s132/nrf_log_default_backends.o
                0x000000000002658c                nrf_log_default_backends_init
 .text.invalid_packets_omit
                0x00000000000265ac       0x3a Output/Release/Obj/ble_app_blinky_pca10040_s132/nrf_log_frontend.o
 *fill*         0x00000000000265e6        0x2 
 .text.buf_prealloc
                0x00000000000265e8      0x13c Output/Release/Obj/ble_app_blinky_pca10040_s132/nrf_log_frontend.o
 .text.nrf_log_init
                0x0000000000026724       0x3c Output/Release/Obj/ble_app_blinky_pca10040_s132/nrf_log_frontend.o
                0x0000000000026724                nrf_log_init
 .text.nrf_log_module_name_get
                0x0000000000026760       0x38 Output/Release/Obj/ble_app_blinky_pca10040_s132/nrf_log_frontend.o
                0x0000000000026760                nrf_log_module_name_get
 .text.nrf_log_color_id_get
                0x0000000000026798       0x2c Output/Release/Obj/ble_app_blinky_pca10040_s132/nrf_log_frontend.o
                0x0000000000026798                nrf_log_color_id_get
 .text.buffer_is_empty
                0x00000000000267c4       0x14 Output/Release/Obj/ble_app_blinky_pca10040_s132/nrf_log_frontend.o
                0x00000000000267c4                buffer_is_empty
 .text.nrf_log_frontend_dequeue
                0x00000000000267d8      0x22c Output/Release/Obj/ble_app_blinky_pca10040_s132/nrf_log_frontend.o
                0x00000000000267d8                nrf_log_frontend_dequeue
 .text.std_n    0x0000000000026a04       0x98 Output/Release/Obj/ble_app_blinky_pca10040_s132/nrf_log_frontend.o
 .text.nrf_log_frontend_std_0
                0x0000000000026a9c        0x8 Output/Release/Obj/ble_app_blinky_pca10040_s132/nrf_log_frontend.o
                0x0000000000026a9c                nrf_log_frontend_std_0
 .text.nrf_log_frontend_std_1
                0x0000000000026aa4       0x12 Output/Release/Obj/ble_app_blinky_pca10040_s132/nrf_log_frontend.o
                0x0000000000026aa4                nrf_log_frontend_std_1
 .text.nrf_log_frontend_std_2
                0x0000000000026ab6       0x14 Output/Release/Obj/ble_app_blinky_pca10040_s132/nrf_log_frontend.o
                0x0000000000026ab6                nrf_log_frontend_std_2
 *fill*         0x0000000000026aca        0x2 
 .text.nrf_log_backend_add
                0x0000000000026acc       0x44 Output/Release/Obj/ble_app_blinky_pca10040_s132/nrf_log_frontend.o
                0x0000000000026acc                nrf_log_backend_add
 .text.nrf_log_panic
                0x0000000000026b10       0x28 Output/Release/Obj/ble_app_blinky_pca10040_s132/nrf_log_frontend.o
                0x0000000000026b10                nrf_log_panic
 .text.prefix_process
                0x0000000000026b38       0x7c Output/Release/Obj/ble_app_blinky_pca10040_s132/nrf_log_str_formatter.o
 .text.postfix_process
                0x0000000000026bb4       0x44 Output/Release/Obj/ble_app_blinky_pca10040_s132/nrf_log_str_formatter.o
 .text.nrf_log_std_entry_process
                0x0000000000026bf8       0xc8 Output/Release/Obj/ble_app_blinky_pca10040_s132/nrf_log_str_formatter.o
                0x0000000000026bf8                nrf_log_std_entry_process
 .text.nrf_log_hexdump_entry_process
                0x0000000000026cc0       0xc0 Output/Release/Obj/ble_app_blinky_pca10040_s132/nrf_log_str_formatter.o
                0x0000000000026cc0                nrf_log_hexdump_entry_process
 .text.detection_delay_timeout_handler
                0x0000000000026d80       0xd4 Output/Release/Obj/ble_app_blinky_pca10040_s132/app_button.o
 .text.gpiote_event_handler
                0x0000000000026e54       0x90 Output/Release/Obj/ble_app_blinky_pca10040_s132/app_button.o
 .text.app_button_init
                0x0000000000026ee4       0xac Output/Release/Obj/ble_app_blinky_pca10040_s132/app_button.o
                0x0000000000026ee4                app_button_init
 .text.app_button_enable
                0x0000000000026f90       0x2c Output/Release/Obj/ble_app_blinky_pca10040_s132/app_button.o
                0x0000000000026f90                app_button_enable
 .text.app_button_disable
                0x0000000000026fbc       0x34 Output/Release/Obj/ble_app_blinky_pca10040_s132/app_button.o
                0x0000000000026fbc                app_button_disable
 .text.app_error_handler_bare
                0x0000000000026ff0       0x1a Output/Release/Obj/ble_app_blinky_pca10040_s132/app_error.o
                0x0000000000026ff0                app_error_handler_bare
 *fill*         0x000000000002700a        0x2 
 .text.app_error_fault_handler
                0x000000000002700c       0x6c Output/Release/Obj/ble_app_blinky_pca10040_s132/app_error_weak.o
                0x000000000002700c                app_error_fault_handler
 .text.user_op_alloc
                0x0000000000027078       0x2c Output/Release/Obj/ble_app_blinky_pca10040_s132/app_timer.o
 .text.timer_stop_op_schedule
                0x00000000000270a4       0x50 Output/Release/Obj/ble_app_blinky_pca10040_s132/app_timer.o
 .text.nrfx_coredep_delay_us.part.0.constprop.0
                0x00000000000270f4       0x10 Output/Release/Obj/ble_app_blinky_pca10040_s132/app_timer.o
 .text.rtc1_stop
                0x0000000000027104       0x44 Output/Release/Obj/ble_app_blinky_pca10040_s132/app_timer.o
 .text.RTC1_IRQHandler
                0x0000000000027148       0x9c Output/Release/Obj/ble_app_blinky_pca10040_s132/app_timer.o
                0x0000000000027148                RTC1_IRQHandler
 .text.SWI0_EGU0_IRQHandler
                0x00000000000271e4      0x2b8 Output/Release/Obj/ble_app_blinky_pca10040_s132/app_timer.o
                0x00000000000271e4                SWI0_EGU0_IRQHandler
 .text.app_timer_init
                0x000000000002749c       0x60 Output/Release/Obj/ble_app_blinky_pca10040_s132/app_timer.o
                0x000000000002749c                app_timer_init
 .text.app_timer_create
                0x00000000000274fc       0x24 Output/Release/Obj/ble_app_blinky_pca10040_s132/app_timer.o
                0x00000000000274fc                app_timer_create
 .text.app_timer_start
                0x0000000000027520       0x90 Output/Release/Obj/ble_app_blinky_pca10040_s132/app_timer.o
                0x0000000000027520                app_timer_start
 .text.app_timer_stop
                0x00000000000275b0       0x20 Output/Release/Obj/ble_app_blinky_pca10040_s132/app_timer.o
                0x00000000000275b0                app_timer_stop
 .text.app_util_critical_region_enter
                0x00000000000275d0       0x48 Output/Release/Obj/ble_app_blinky_pca10040_s132/app_util_platform.o
                0x00000000000275d0                app_util_critical_region_enter
 .text.app_util_critical_region_exit
                0x0000000000027618       0x2c Output/Release/Obj/ble_app_blinky_pca10040_s132/app_util_platform.o
                0x0000000000027618                app_util_critical_region_exit
 .text.nrf_atflags_set
                0x0000000000027644       0x12 Output/Release/Obj/ble_app_blinky_pca10040_s132/nrf_atflags.o
                0x0000000000027644                nrf_atflags_set
 .text.nrf_atflags_clear
                0x0000000000027656       0x14 Output/Release/Obj/ble_app_blinky_pca10040_s132/nrf_atflags.o
                0x0000000000027656                nrf_atflags_clear
 .text.nrf_atflags_get
                0x000000000002766a       0x12 Output/Release/Obj/ble_app_blinky_pca10040_s132/nrf_atflags.o
                0x000000000002766a                nrf_atflags_get
 .text.nrf_atomic_u32_fetch_store
                0x000000000002767c       0x16 Output/Release/Obj/ble_app_blinky_pca10040_s132/nrf_atomic.o
                0x000000000002767c                nrf_atomic_u32_fetch_store
 .text.nrf_atomic_u32_or
                0x0000000000027692       0x18 Output/Release/Obj/ble_app_blinky_pca10040_s132/nrf_atomic.o
                0x0000000000027692                nrf_atomic_u32_or
 .text.nrf_atomic_u32_fetch_and
                0x00000000000276aa       0x18 Output/Release/Obj/ble_app_blinky_pca10040_s132/nrf_atomic.o
                0x00000000000276aa                nrf_atomic_u32_fetch_and
 .text.nrf_atomic_u32_and
                0x00000000000276c2       0x18 Output/Release/Obj/ble_app_blinky_pca10040_s132/nrf_atomic.o
                0x00000000000276c2                nrf_atomic_u32_and
 .text.nrf_atomic_u32_add
                0x00000000000276da       0x18 Output/Release/Obj/ble_app_blinky_pca10040_s132/nrf_atomic.o
                0x00000000000276da                nrf_atomic_u32_add
 .text.nrf_atomic_u32_sub
                0x00000000000276f2       0x18 Output/Release/Obj/ble_app_blinky_pca10040_s132/nrf_atomic.o
                0x00000000000276f2                nrf_atomic_u32_sub
 .text.nrf_atomic_flag_set
                0x000000000002770a        0x6 Output/Release/Obj/ble_app_blinky_pca10040_s132/nrf_atomic.o
                0x000000000002770a                nrf_atomic_flag_set
 .text.nrf_atomic_flag_clear_fetch
                0x0000000000027710        0x6 Output/Release/Obj/ble_app_blinky_pca10040_s132/nrf_atomic.o
                0x0000000000027710                nrf_atomic_flag_clear_fetch
 .text.nrf_balloc_init
                0x0000000000027716       0x2e Output/Release/Obj/ble_app_blinky_pca10040_s132/nrf_balloc.o
                0x0000000000027716                nrf_balloc_init
 .text.nrf_balloc_alloc
                0x0000000000027744       0x48 Output/Release/Obj/ble_app_blinky_pca10040_s132/nrf_balloc.o
                0x0000000000027744                nrf_balloc_alloc
 .text.nrf_balloc_free
                0x000000000002778c       0x34 Output/Release/Obj/ble_app_blinky_pca10040_s132/nrf_balloc.o
                0x000000000002778c                nrf_balloc_free
 .text.nrf_fprintf_buffer_flush
                0x00000000000277c0       0x16 Output/Release/Obj/ble_app_blinky_pca10040_s132/nrf_fprintf.o
                0x00000000000277c0                nrf_fprintf_buffer_flush
 .text.nrf_fprintf
                0x00000000000277d6       0x1c Output/Release/Obj/ble_app_blinky_pca10040_s132/nrf_fprintf.o
                0x00000000000277d6                nrf_fprintf
 .text.buffer_add
                0x00000000000277f2       0x2e Output/Release/Obj/ble_app_blinky_pca10040_s132/nrf_fprintf_format.o
 .text.unsigned_print
                0x0000000000027820       0xb4 Output/Release/Obj/ble_app_blinky_pca10040_s132/nrf_fprintf_format.o
 .text.nrf_fprintf_fmt
                0x00000000000278d4      0x294 Output/Release/Obj/ble_app_blinky_pca10040_s132/nrf_fprintf_format.o
                0x00000000000278d4                nrf_fprintf_fmt
 .text.memobj_op
                0x0000000000027b68       0x86 Output/Release/Obj/ble_app_blinky_pca10040_s132/nrf_memobj.o
 .text.nrf_memobj_pool_init
                0x0000000000027bee        0x4 Output/Release/Obj/ble_app_blinky_pca10040_s132/nrf_memobj.o
                0x0000000000027bee                nrf_memobj_pool_init
 .text.nrf_memobj_free
                0x0000000000027bf2       0x2c Output/Release/Obj/ble_app_blinky_pca10040_s132/nrf_memobj.o
                0x0000000000027bf2                nrf_memobj_free
 .text.nrf_memobj_alloc
                0x0000000000027c1e       0x5e Output/Release/Obj/ble_app_blinky_pca10040_s132/nrf_memobj.o
                0x0000000000027c1e                nrf_memobj_alloc
 .text.nrf_memobj_get
                0x0000000000027c7c        0x8 Output/Release/Obj/ble_app_blinky_pca10040_s132/nrf_memobj.o
                0x0000000000027c7c                nrf_memobj_get
 .text.nrf_memobj_put
                0x0000000000027c84       0x1c Output/Release/Obj/ble_app_blinky_pca10040_s132/nrf_memobj.o
                0x0000000000027c84                nrf_memobj_put
 .text.nrf_memobj_write
                0x0000000000027ca0       0x14 Output/Release/Obj/ble_app_blinky_pca10040_s132/nrf_memobj.o
                0x0000000000027ca0                nrf_memobj_write
 .text.nrf_memobj_read
                0x0000000000027cb4       0x14 Output/Release/Obj/ble_app_blinky_pca10040_s132/nrf_memobj.o
                0x0000000000027cb4                nrf_memobj_read
 .text.sd_app_evt_wait
                0x0000000000027cc8        0x4 Output/Release/Obj/ble_app_blinky_pca10040_s132/nrf_pwr_mgmt.o
 .text.nrf_pwr_mgmt_init
                0x0000000000027ccc       0x2c Output/Release/Obj/ble_app_blinky_pca10040_s132/nrf_pwr_mgmt.o
                0x0000000000027ccc                nrf_pwr_mgmt_init
 .text.nrf_pwr_mgmt_run
                0x0000000000027cf8       0x50 Output/Release/Obj/ble_app_blinky_pca10040_s132/nrf_pwr_mgmt.o
                0x0000000000027cf8                nrf_pwr_mgmt_run
 .text.nrf_ringbuf_init
                0x0000000000027d48       0x12 Output/Release/Obj/ble_app_blinky_pca10040_s132/nrf_ringbuf.o
                0x0000000000027d48                nrf_ringbuf_init
 .text.nrf_section_iter_init
                0x0000000000027d5a       0x14 Output/Release/Obj/ble_app_blinky_pca10040_s132/nrf_section_iter.o
                0x0000000000027d5a                nrf_section_iter_init
 .text.nrf_section_iter_next
                0x0000000000027d6e       0x18 Output/Release/Obj/ble_app_blinky_pca10040_s132/nrf_section_iter.o
                0x0000000000027d6e                nrf_section_iter_next
 *fill*         0x0000000000027d86        0x2 
 .text.nrf_strerror_find
                0x0000000000027d88       0x3c Output/Release/Obj/ble_app_blinky_pca10040_s132/nrf_strerror.o
                0x0000000000027d88                nrf_strerror_find
 .text.nrf_strerror_get
                0x0000000000027dc4       0x14 Output/Release/Obj/ble_app_blinky_pca10040_s132/nrf_strerror.o
                0x0000000000027dc4                nrf_strerror_get
 .text.errata_12
                0x0000000000027dd8       0x36 Output/Release/Obj/ble_app_blinky_pca10040_s132/system_nrf52.o
 .text.errata_16
                0x0000000000027e0e       0x2a Output/Release/Obj/ble_app_blinky_pca10040_s132/system_nrf52.o
 .text.SystemInit
                0x0000000000027e38      0x25c Output/Release/Obj/ble_app_blinky_pca10040_s132/system_nrf52.o
                0x0000000000027e38                SystemInit
 .text.bsp_board_led_on
                0x0000000000028094       0x18 Output/Release/Obj/ble_app_blinky_pca10040_s132/boards.o
                0x0000000000028094                bsp_board_led_on
 .text.bsp_board_led_off
                0x00000000000280ac       0x18 Output/Release/Obj/ble_app_blinky_pca10040_s132/boards.o
                0x00000000000280ac                bsp_board_led_off
 .text.bsp_board_leds_off
                0x00000000000280c4       0x1e Output/Release/Obj/ble_app_blinky_pca10040_s132/boards.o
                0x00000000000280c4                bsp_board_leds_off
 .text.bsp_board_init
                0x00000000000280e2       0x3e Output/Release/Obj/ble_app_blinky_pca10040_s132/boards.o
                0x00000000000280e2                bsp_board_init
 .text.clock_clk_started_notify
                0x0000000000028120       0x24 Output/Release/Obj/ble_app_blinky_pca10040_s132/nrf_drv_clock.o
 .text.clock_irq_handler
                0x0000000000028144       0x1c Output/Release/Obj/ble_app_blinky_pca10040_s132/nrf_drv_clock.o
 .text.soc_evt_handler
                0x0000000000028160       0x14 Output/Release/Obj/ble_app_blinky_pca10040_s132/nrf_drv_clock.o
 .text.nrf_drv_clock_init
                0x0000000000028174       0x38 Output/Release/Obj/ble_app_blinky_pca10040_s132/nrf_drv_clock.o
                0x0000000000028174                nrf_drv_clock_init
 .text.nrf_drv_clock_lfclk_release
                0x00000000000281ac       0x34 Output/Release/Obj/ble_app_blinky_pca10040_s132/nrf_drv_clock.o
                0x00000000000281ac                nrf_drv_clock_lfclk_release
 .text.sd_state_evt_handler
                0x00000000000281e0       0x5c Output/Release/Obj/ble_app_blinky_pca10040_s132/nrf_drv_clock.o
 .text.uarte_evt_handler
                0x000000000002823c       0x34 Output/Release/Obj/ble_app_blinky_pca10040_s132/nrf_drv_uart.o
 .text.uart_evt_handler
                0x0000000000028270       0x34 Output/Release/Obj/ble_app_blinky_pca10040_s132/nrf_drv_uart.o
 .text.nrf_drv_uart_init
                0x00000000000282a4       0x7c Output/Release/Obj/ble_app_blinky_pca10040_s132/nrf_drv_uart.o
                0x00000000000282a4                nrf_drv_uart_init
 .text.nrfx_clock_init
                0x0000000000028320       0x18 Output/Release/Obj/ble_app_blinky_pca10040_s132/nrfx_clock.o
                0x0000000000028320                nrfx_clock_init
 .text.nrfx_clock_enable
                0x0000000000028338       0x24 Output/Release/Obj/ble_app_blinky_pca10040_s132/nrfx_clock.o
                0x0000000000028338                nrfx_clock_enable
 .text.nrfx_clock_lfclk_stop
                0x000000000002835c       0x12 Output/Release/Obj/ble_app_blinky_pca10040_s132/nrfx_clock.o
                0x000000000002835c                nrfx_clock_lfclk_stop
 *fill*         0x000000000002836e        0x2 
 .text.POWER_CLOCK_IRQHandler
                0x0000000000028370       0x64 Output/Release/Obj/ble_app_blinky_pca10040_s132/nrfx_clock.o
                0x0000000000028370                POWER_CLOCK_IRQHandler
 .text.nrf_gpiote_event_clear
                0x00000000000283d4       0x18 Output/Release/Obj/ble_app_blinky_pca10040_s132/nrfx_gpiote.o
 .text.nrf_gpio_cfg_sense_set
                0x00000000000283ec       0x20 Output/Release/Obj/ble_app_blinky_pca10040_s132/nrfx_gpiote.o
 .text.nrf_bitmask_bit_set
                0x000000000002840c       0x14 Output/Release/Obj/ble_app_blinky_pca10040_s132/nrfx_gpiote.o
 .text.channel_free
                0x0000000000028420       0x1c Output/Release/Obj/ble_app_blinky_pca10040_s132/nrfx_gpiote.o
 .text.nrfx_gpiote_init
                0x000000000002843c       0x60 Output/Release/Obj/ble_app_blinky_pca10040_s132/nrfx_gpiote.o
                0x000000000002843c                nrfx_gpiote_init
 .text.nrfx_gpiote_is_init
                0x000000000002849c       0x14 Output/Release/Obj/ble_app_blinky_pca10040_s132/nrfx_gpiote.o
                0x000000000002849c                nrfx_gpiote_is_init
 .text.nrfx_gpiote_in_init
                0x00000000000284b0       0xf0 Output/Release/Obj/ble_app_blinky_pca10040_s132/nrfx_gpiote.o
                0x00000000000284b0                nrfx_gpiote_in_init
 .text.nrfx_gpiote_in_event_enable
                0x00000000000285a0       0x8c Output/Release/Obj/ble_app_blinky_pca10040_s132/nrfx_gpiote.o
                0x00000000000285a0                nrfx_gpiote_in_event_enable
 .text.nrfx_gpiote_in_event_disable
                0x000000000002862c       0x44 Output/Release/Obj/ble_app_blinky_pca10040_s132/nrfx_gpiote.o
                0x000000000002862c                nrfx_gpiote_in_event_disable
 .text.nrfx_gpiote_in_is_set
                0x0000000000028670       0x12 Output/Release/Obj/ble_app_blinky_pca10040_s132/nrfx_gpiote.o
                0x0000000000028670                nrfx_gpiote_in_is_set
 *fill*         0x0000000000028682        0x2 
 .text.GPIOTE_IRQHandler
                0x0000000000028684      0x178 Output/Release/Obj/ble_app_blinky_pca10040_s132/nrfx_gpiote.o
                0x0000000000028684                GPIOTE_IRQHandler
 .text.UARTE0_UART0_IRQHandler
                0x00000000000287fc        0xc Output/Release/Obj/ble_app_blinky_pca10040_s132/nrfx_prs.o
                0x00000000000287fc                UARTE0_UART0_IRQHandler
 .text.nrfx_prs_acquire
                0x0000000000028808       0x44 Output/Release/Obj/ble_app_blinky_pca10040_s132/nrfx_prs.o
                0x0000000000028808                nrfx_prs_acquire
 .text.nrfx_prs_release
                0x000000000002884c       0x18 Output/Release/Obj/ble_app_blinky_pca10040_s132/nrfx_prs.o
                0x000000000002884c                nrfx_prs_release
 .text.nrf_uart_event_clear
                0x0000000000028864       0x10 Output/Release/Obj/ble_app_blinky_pca10040_s132/nrfx_uart.o
 .text.tx_byte  0x0000000000028874       0x1e Output/Release/Obj/ble_app_blinky_pca10040_s132/nrfx_uart.o
 .text.rx_byte  0x0000000000028892       0x2c Output/Release/Obj/ble_app_blinky_pca10040_s132/nrfx_uart.o
 *fill*         0x00000000000288be        0x2 
 .text.rx_done_event.constprop.0
                0x00000000000288c0       0x20 Output/Release/Obj/ble_app_blinky_pca10040_s132/nrfx_uart.o
 .text.nrfx_uart_0_irq_handler
                0x00000000000288e0      0x140 Output/Release/Obj/ble_app_blinky_pca10040_s132/nrfx_uart.o
                0x00000000000288e0                nrfx_uart_0_irq_handler
 .text.nrfx_uart_init
                0x0000000000028a20      0x174 Output/Release/Obj/ble_app_blinky_pca10040_s132/nrfx_uart.o
                0x0000000000028a20                nrfx_uart_init
 .text.nrfx_uart_uninit
                0x0000000000028b94       0xc4 Output/Release/Obj/ble_app_blinky_pca10040_s132/nrfx_uart.o
                0x0000000000028b94                nrfx_uart_uninit
 .text.nrfx_uart_tx_in_progress
                0x0000000000028c58       0x18 Output/Release/Obj/ble_app_blinky_pca10040_s132/nrfx_uart.o
                0x0000000000028c58                nrfx_uart_tx_in_progress
 .text.nrfx_uart_tx
                0x0000000000028c70       0x9c Output/Release/Obj/ble_app_blinky_pca10040_s132/nrfx_uart.o
                0x0000000000028c70                nrfx_uart_tx
 .text.nrf_uarte_event_clear
                0x0000000000028d0c       0x10 Output/Release/Obj/ble_app_blinky_pca10040_s132/nrfx_uarte.o
 .text.rx_done_event.constprop.0
                0x0000000000028d1c       0x20 Output/Release/Obj/ble_app_blinky_pca10040_s132/nrfx_uarte.o
 .text.nrfx_uarte_0_irq_handler
                0x0000000000028d3c       0xe4 Output/Release/Obj/ble_app_blinky_pca10040_s132/nrfx_uarte.o
                0x0000000000028d3c                nrfx_uarte_0_irq_handler
 .text.nrfx_uarte_init
                0x0000000000028e20      0x184 Output/Release/Obj/ble_app_blinky_pca10040_s132/nrfx_uarte.o
                0x0000000000028e20                nrfx_uarte_init
 .text.nrfx_uarte_uninit
                0x0000000000028fa4       0xc4 Output/Release/Obj/ble_app_blinky_pca10040_s132/nrfx_uarte.o
                0x0000000000028fa4                nrfx_uarte_uninit
 .text.nrfx_uarte_tx_in_progress
                0x0000000000029068       0x18 Output/Release/Obj/ble_app_blinky_pca10040_s132/nrfx_uarte.o
                0x0000000000029068                nrfx_uarte_tx_in_progress
 .text.nrfx_uarte_tx
                0x0000000000029080       0x90 Output/Release/Obj/ble_app_blinky_pca10040_s132/nrfx_uarte.o
                0x0000000000029080                nrfx_uarte_tx
 .text.sd_ble_gap_adv_set_configure
                0x0000000000029110        0x4 Output/Release/Obj/ble_app_blinky_pca10040_s132/main.o
 .text.sd_ble_gap_adv_start
                0x0000000000029114        0x4 Output/Release/Obj/ble_app_blinky_pca10040_s132/main.o
 .text.sd_ble_gap_disconnect
                0x0000000000029118        0x4 Output/Release/Obj/ble_app_blinky_pca10040_s132/main.o
 .text.sd_ble_gap_ppcp_set
                0x000000000002911c        0x4 Output/Release/Obj/ble_app_blinky_pca10040_s132/main.o
 .text.sd_ble_gap_device_name_set
                0x0000000000029120        0x4 Output/Release/Obj/ble_app_blinky_pca10040_s132/main.o
 .text.sd_ble_gap_sec_params_reply
                0x0000000000029124        0x4 Output/Release/Obj/ble_app_blinky_pca10040_s132/main.o
 .text.sd_ble_gap_phy_update
                0x0000000000029128        0x4 Output/Release/Obj/ble_app_blinky_pca10040_s132/main.o
 .text.sd_ble_gatts_sys_attr_set
                0x000000000002912c        0x4 Output/Release/Obj/ble_app_blinky_pca10040_s132/main.o
 .text.nrf_qwr_error_handler
                0x0000000000029130        0x4 Output/Release/Obj/ble_app_blinky_pca10040_s132/main.o
 .text.advertising_start
                0x0000000000029134       0x20 Output/Release/Obj/ble_app_blinky_pca10040_s132/main.o
 .text.ble_evt_handler
                0x0000000000029154      0x100 Output/Release/Obj/ble_app_blinky_pca10040_s132/main.o
 .text.on_conn_params_evt
                0x0000000000029254       0x20 Output/Release/Obj/ble_app_blinky_pca10040_s132/main.o
 .text.button_event_handler
                0x0000000000029274       0x64 Output/Release/Obj/ble_app_blinky_pca10040_s132/main.o
 .text.led_write_handler
                0x00000000000292d8       0x3c Output/Release/Obj/ble_app_blinky_pca10040_s132/main.o
 .text.conn_params_error_handler
                0x0000000000029314        0x4 Output/Release/Obj/ble_app_blinky_pca10040_s132/main.o
 .text.startup.main
                0x0000000000029318      0x1f8 Output/Release/Obj/ble_app_blinky_pca10040_s132/main.o
                0x0000000000029318                main
 .text.sd_ble_gap_addr_get
                0x0000000000029510        0x4 Output/Release/Obj/ble_app_blinky_pca10040_s132/ble_advdata.o
 .text.sd_ble_gap_appearance_get
                0x0000000000029514        0x4 Output/Release/Obj/ble_app_blinky_pca10040_s132/ble_advdata.o
 .text.sd_ble_gap_device_name_get
                0x0000000000029518        0x4 Output/Release/Obj/ble_app_blinky_pca10040_s132/ble_advdata.o
 .text.sd_ble_uuid_encode
                0x000000000002951c        0x4 Output/Release/Obj/ble_app_blinky_pca10040_s132/ble_advdata.o
 .text.uuid_list_sized_encode
                0x0000000000029520       0xac Output/Release/Obj/ble_app_blinky_pca10040_s132/ble_advdata.o
 .text.uuid_list_encode
                0x00000000000295cc       0x38 Output/Release/Obj/ble_app_blinky_pca10040_s132/ble_advdata.o
 .text.ble_advdata_encode
                0x0000000000029604      0x394 Output/Release/Obj/ble_app_blinky_pca10040_s132/ble_advdata.o
                0x0000000000029604                ble_advdata_encode
 .text.sd_ble_gap_conn_param_update
                0x0000000000029998        0x4 Output/Release/Obj/ble_app_blinky_pca10040_s132/ble_conn_params.o
 .text.sd_ble_gap_disconnect
                0x000000000002999c        0x4 Output/Release/Obj/ble_app_blinky_pca10040_s132/ble_conn_params.o
 .text.sd_ble_gap_ppcp_set
                0x00000000000299a0        0x4 Output/Release/Obj/ble_app_blinky_pca10040_s132/ble_conn_params.o
 .text.sd_ble_gap_ppcp_get
                0x00000000000299a4        0x4 Output/Release/Obj/ble_app_blinky_pca10040_s132/ble_conn_params.o
 .text.instance_get
                0x00000000000299a8       0x14 Output/Release/Obj/ble_app_blinky_pca10040_s132/ble_conn_params.o
 .text.send_error_evt
                0x00000000000299bc       0x10 Output/Release/Obj/ble_app_blinky_pca10040_s132/ble_conn_params.o
 .text.update_timeout_handler
                0x00000000000299cc       0x70 Output/Release/Obj/ble_app_blinky_pca10040_s132/ble_conn_params.o
 .text.conn_params_negotiation
                0x0000000000029a3c       0x48 Output/Release/Obj/ble_app_blinky_pca10040_s132/ble_conn_params.o
 .text.is_conn_params_ok.constprop.0
                0x0000000000029a84       0x32 Output/Release/Obj/ble_app_blinky_pca10040_s132/ble_conn_params.o
 *fill*         0x0000000000029ab6        0x2 
 .text.ble_evt_handler
                0x0000000000029ab8       0xe0 Output/Release/Obj/ble_app_blinky_pca10040_s132/ble_conn_params.o
 .text.ble_conn_params_init
                0x0000000000029b98       0x74 Output/Release/Obj/ble_app_blinky_pca10040_s132/ble_conn_params.o
                0x0000000000029b98                ble_conn_params_init
 .text.conn_handle_list_get
                0x0000000000029c0c       0x2e Output/Release/Obj/ble_app_blinky_pca10040_s132/ble_conn_state.o
                0x0000000000029c0c                conn_handle_list_get
 *fill*         0x0000000000029c3a        0x2 
 .text.ble_evt_handler
                0x0000000000029c3c       0xe0 Output/Release/Obj/ble_app_blinky_pca10040_s132/ble_conn_state.o
 .text.sd_ble_gatts_characteristic_add
                0x0000000000029d1c        0x4 Output/Release/Obj/ble_app_blinky_pca10040_s132/ble_srv_common.o
 .text.set_security_req
                0x0000000000029d20       0x2a Output/Release/Obj/ble_app_blinky_pca10040_s132/ble_srv_common.o
 .text.ble_srv_is_notification_enabled
                0x0000000000029d4a        0x8 Output/Release/Obj/ble_app_blinky_pca10040_s132/ble_srv_common.o
                0x0000000000029d4a                ble_srv_is_notification_enabled
 .text.characteristic_add
                0x0000000000029d52      0x148 Output/Release/Obj/ble_app_blinky_pca10040_s132/ble_srv_common.o
                0x0000000000029d52                characteristic_add
 .text.sd_ble_gap_data_length_update
                0x0000000000029e9a        0x4 Output/Release/Obj/ble_app_blinky_pca10040_s132/nrf_ble_gatt.o
 .text.sd_ble_gattc_exchange_mtu_request
                0x0000000000029e9e        0x4 Output/Release/Obj/ble_app_blinky_pca10040_s132/nrf_ble_gatt.o
 .text.sd_ble_gatts_exchange_mtu_reply
                0x0000000000029ea2        0x4 Output/Release/Obj/ble_app_blinky_pca10040_s132/nrf_ble_gatt.o
 *fill*         0x0000000000029ea6        0x2 
 .text.data_length_update
                0x0000000000029ea8       0x84 Output/Release/Obj/ble_app_blinky_pca10040_s132/nrf_ble_gatt.o
 .text.nrf_ble_gatt_init
                0x0000000000029f2c       0x26 Output/Release/Obj/ble_app_blinky_pca10040_s132/nrf_ble_gatt.o
                0x0000000000029f2c                nrf_ble_gatt_init
 *fill*         0x0000000000029f52        0x2 
 .text.nrf_ble_gatt_on_ble_evt
                0x0000000000029f54      0x1ac Output/Release/Obj/ble_app_blinky_pca10040_s132/nrf_ble_gatt.o
                0x0000000000029f54                nrf_ble_gatt_on_ble_evt
 .text.sd_ble_gatts_rw_authorize_reply
                0x000000000002a100        0x4 Output/Release/Obj/ble_app_blinky_pca10040_s132/nrf_ble_qwr.o
 .text.sd_ble_user_mem_reply
                0x000000000002a104        0x4 Output/Release/Obj/ble_app_blinky_pca10040_s132/nrf_ble_qwr.o
 .text.user_mem_reply.part.0
                0x000000000002a108       0x24 Output/Release/Obj/ble_app_blinky_pca10040_s132/nrf_ble_qwr.o
 .text.nrf_ble_qwr_init
                0x000000000002a12c       0x24 Output/Release/Obj/ble_app_blinky_pca10040_s132/nrf_ble_qwr.o
                0x000000000002a12c                nrf_ble_qwr_init
 .text.nrf_ble_qwr_conn_handle_assign
                0x000000000002a150       0x16 Output/Release/Obj/ble_app_blinky_pca10040_s132/nrf_ble_qwr.o
                0x000000000002a150                nrf_ble_qwr_conn_handle_assign
 .text.nrf_ble_qwr_on_ble_evt
                0x000000000002a166       0xa6 Output/Release/Obj/ble_app_blinky_pca10040_s132/nrf_ble_qwr.o
                0x000000000002a166                nrf_ble_qwr_on_ble_evt
 .text.sd_ble_gatts_service_add
                0x000000000002a20c        0x4 Output/Release/Obj/ble_app_blinky_pca10040_s132/ble_lbs.o
 .text.sd_ble_gatts_hvx
                0x000000000002a210        0x4 Output/Release/Obj/ble_app_blinky_pca10040_s132/ble_lbs.o
 .text.sd_ble_uuid_vs_add
                0x000000000002a214        0x4 Output/Release/Obj/ble_app_blinky_pca10040_s132/ble_lbs.o
 .text.ble_lbs_on_ble_evt
                0x000000000002a218       0x2a Output/Release/Obj/ble_app_blinky_pca10040_s132/ble_lbs.o
                0x000000000002a218                ble_lbs_on_ble_evt
 *fill*         0x000000000002a242        0x2 
 .text.ble_lbs_init
                0x000000000002a244       0xdc Output/Release/Obj/ble_app_blinky_pca10040_s132/ble_lbs.o
                0x000000000002a244                ble_lbs_init
 .text.ble_lbs_on_button_change
                0x000000000002a320       0x3a Output/Release/Obj/ble_app_blinky_pca10040_s132/ble_lbs.o
                0x000000000002a320                ble_lbs_on_button_change
 .text.sd_softdevice_enable
                0x000000000002a35a        0x4 Output/Release/Obj/ble_app_blinky_pca10040_s132/nrf_sdh.o
 *fill*         0x000000000002a35e        0x2 
 .text.sdh_request_observer_notify
                0x000000000002a360       0x30 Output/Release/Obj/ble_app_blinky_pca10040_s132/nrf_sdh.o
 .text.sdh_state_observer_notify
                0x000000000002a390       0x28 Output/Release/Obj/ble_app_blinky_pca10040_s132/nrf_sdh.o
 .text.softdevices_evt_irq_enable
                0x000000000002a3b8       0x38 Output/Release/Obj/ble_app_blinky_pca10040_s132/nrf_sdh.o
 .text.nrf_sdh_enable_request
                0x000000000002a3f0       0x7c Output/Release/Obj/ble_app_blinky_pca10040_s132/nrf_sdh.o
                0x000000000002a3f0                nrf_sdh_enable_request
 .text.nrf_sdh_is_enabled
                0x000000000002a46c        0xc Output/Release/Obj/ble_app_blinky_pca10040_s132/nrf_sdh.o
                0x000000000002a46c                nrf_sdh_is_enabled
 .text.nrf_sdh_evts_poll
                0x000000000002a478       0x28 Output/Release/Obj/ble_app_blinky_pca10040_s132/nrf_sdh.o
                0x000000000002a478                nrf_sdh_evts_poll
 .text.SWI2_EGU2_IRQHandler
                0x000000000002a4a0        0x4 Output/Release/Obj/ble_app_blinky_pca10040_s132/nrf_sdh.o
                0x000000000002a4a0                SWI2_EGU2_IRQHandler
 .text.sd_ble_enable
                0x000000000002a4a4        0x4 Output/Release/Obj/ble_app_blinky_pca10040_s132/nrf_sdh_ble.o
 .text.sd_ble_cfg_set
                0x000000000002a4a8        0x4 Output/Release/Obj/ble_app_blinky_pca10040_s132/nrf_sdh_ble.o
 .text.sd_ble_evt_get
                0x000000000002a4ac        0x4 Output/Release/Obj/ble_app_blinky_pca10040_s132/nrf_sdh_ble.o
 .text.nrf_sdh_ble_evts_poll
                0x000000000002a4b0       0x58 Output/Release/Obj/ble_app_blinky_pca10040_s132/nrf_sdh_ble.o
 .text.nrf_sdh_ble_default_cfg_set
                0x000000000002a508      0x144 Output/Release/Obj/ble_app_blinky_pca10040_s132/nrf_sdh_ble.o
                0x000000000002a508                nrf_sdh_ble_default_cfg_set
 .text.nrf_sdh_ble_enable
                0x000000000002a64c       0x98 Output/Release/Obj/ble_app_blinky_pca10040_s132/nrf_sdh_ble.o
                0x000000000002a64c                nrf_sdh_ble_enable
 .text.sd_evt_get
                0x000000000002a6e4        0x4 Output/Release/Obj/ble_app_blinky_pca10040_s132/nrf_sdh_soc.o
 .text.nrf_sdh_soc_evts_poll
                0x000000000002a6e8       0x40 Output/Release/Obj/ble_app_blinky_pca10040_s132/nrf_sdh_soc.o
 .text.libc.__RAL_ascii_isctype
                0x000000000002a728       0x1c D:/Program Files/SEGGER/SEGGER Embedded Studio for ARM 5.60/lib/libc_v7em_fpv4_sp_d16_hard_t_le_eabi.a(libc2.o)
 .text.libc.__RAL_ascii_toupper
                0x000000000002a744        0xc D:/Program Files/SEGGER/SEGGER Embedded Studio for ARM 5.60/lib/libc_v7em_fpv4_sp_d16_hard_t_le_eabi.a(libc2.o)
 .text.libc.__RAL_ascii_tolower
                0x000000000002a750        0xc D:/Program Files/SEGGER/SEGGER Embedded Studio for ARM 5.60/lib/libc_v7em_fpv4_sp_d16_hard_t_le_eabi.a(libc2.o)
 .text.libc.__RAL_ascii_iswctype
                0x000000000002a75c       0x1c D:/Program Files/SEGGER/SEGGER Embedded Studio for ARM 5.60/lib/libc_v7em_fpv4_sp_d16_hard_t_le_eabi.a(libc2.o)
 .text.libc.__RAL_ascii_towupper
                0x000000000002a778        0xc D:/Program Files/SEGGER/SEGGER Embedded Studio for ARM 5.60/lib/libc_v7em_fpv4_sp_d16_hard_t_le_eabi.a(libc2.o)
 .text.libc.__RAL_ascii_towlower
                0x000000000002a784        0xc D:/Program Files/SEGGER/SEGGER Embedded Studio for ARM 5.60/lib/libc_v7em_fpv4_sp_d16_hard_t_le_eabi.a(libc2.o)
 .text.libc.__RAL_ascii_wctomb
                0x000000000002a790        0xe D:/Program Files/SEGGER/SEGGER Embedded Studio for ARM 5.60/lib/libc_v7em_fpv4_sp_d16_hard_t_le_eabi.a(libc2.o)
                0x000000000002a790                __RAL_ascii_wctomb
 .text.libc.__RAL_ascii_mbtowc
                0x000000000002a79e       0x24 D:/Program Files/SEGGER/SEGGER Embedded Studio for ARM 5.60/lib/libc_v7em_fpv4_sp_d16_hard_t_le_eabi.a(libc2.o)
                0x000000000002a79e                __RAL_ascii_mbtowc
 *fill*         0x000000000002a7c2        0x2 
 .text.libc.__RAL_isctype
                0x000000000002a7c4       0x14 D:/Program Files/SEGGER/SEGGER Embedded Studio for ARM 5.60/lib/libc_v7em_fpv4_sp_d16_hard_t_le_eabi.a(libc2.o)
                0x000000000002a7c4                __RAL_isctype
 .text.libc.isprint
                0x000000000002a7d8        0xa D:/Program Files/SEGGER/SEGGER Embedded Studio for ARM 5.60/lib/libc_v7em_fpv4_sp_d16_hard_t_le_eabi.a(libc2.o)
                0x000000000002a7d8                isprint
 .text.libc.memcpy
                0x000000000002a7e2       0x52 D:/Program Files/SEGGER/SEGGER Embedded Studio for ARM 5.60/lib/libc_v7em_fpv4_sp_d16_hard_t_le_eabi.a(libc2_asm.o)
                0x000000000002a7e2                __aeabi_memcpy
                0x000000000002a7e2                memcpy
                0x000000000002a7ee                __aeabi_memcpy8
                0x000000000002a7ee                __aeabi_memcpy4
 .text.libc.memset
                0x000000000002a834       0x66 D:/Program Files/SEGGER/SEGGER Embedded Studio for ARM 5.60/lib/libc_v7em_fpv4_sp_d16_hard_t_le_eabi.a(libc2_asm.o)
                0x000000000002a834                memset
 .text.libc.strlen
                0x000000000002a89a       0x60 D:/Program Files/SEGGER/SEGGER Embedded Studio for ARM 5.60/lib/libc_v7em_fpv4_sp_d16_hard_t_le_eabi.a(libc2_asm.o)
                0x000000000002a89a                strlen
                0x000000000002a8fa                __text_end__ = (__text_start__ + SIZEOF (.text))
                0x0000000000004526                __text_size__ = SIZEOF (.text)
                0x000000000002a8fa                __text_load_end__ = __text_end__

.vfp11_veneer   0x0000000100000000        0x0
 .vfp11_veneer  0x0000000100000000        0x0 linker stubs

.v4_bx          0x0000000100000000        0x0
 .v4_bx         0x0000000100000000        0x0 linker stubs

.iplt           0x0000000100000000        0x0
 .iplt          0x0000000100000000        0x0 Output/Release/Obj/ble_app_blinky_pca10040_s132/thumb_crt0.o
                0x0000000000000001                . = ASSERT (((__text_start__ == __text_end__) || ((__text_end__ - __FLASH_segment_start__) <= __FLASH_segment_size__)), error: .text is too large to fit in FLASH memory segment)
                0x000000000002a8fc                __sdh_soc_observers_load_start__ = ALIGN (__text_end__, 0x4)

.sdh_soc_observers
                0x000000000002a8fc        0x8
                0x000000000002a8fc                __sdh_soc_observers_start__ = .
                0x000000000002a8fc                __start_sdh_soc_observers = __sdh_soc_observers_start__
 *(SORT_BY_NAME(.sdh_soc_observers*))
 .sdh_soc_observers0
                0x000000000002a8fc        0x8 Output/Release/Obj/ble_app_blinky_pca10040_s132/nrf_drv_clock.o
                0x000000000002a904                __sdh_soc_observers_end__ = (__sdh_soc_observers_start__ + SIZEOF (.sdh_soc_observers))
                0x0000000000000008                __sdh_soc_observers_size__ = SIZEOF (.sdh_soc_observers)
                0x000000000002a904                __stop_sdh_soc_observers = __sdh_soc_observers_end__
                0x000000000002a904                __sdh_soc_observers_load_end__ = __sdh_soc_observers_end__
                0x0000000000000001                . = ASSERT (((__sdh_soc_observers_start__ == __sdh_soc_observers_end__) || ((__sdh_soc_observers_end__ - __FLASH_segment_start__) <= __FLASH_segment_size__)), error: .sdh_soc_observers is too large to fit in FLASH memory segment)
                0x000000000002a904                __pwr_mgmt_data_load_start__ = ALIGN (__sdh_soc_observers_end__, 0x4)

.pwr_mgmt_data  0x000000000002a904        0x0
                0x000000000002a904                __pwr_mgmt_data_start__ = .
                0x000000000002a904                __start_pwr_mgmt_data = __pwr_mgmt_data_start__
 *(SORT_BY_NAME(.pwr_mgmt_data*))
                0x000000000002a904                __pwr_mgmt_data_end__ = (__pwr_mgmt_data_start__ + SIZEOF (.pwr_mgmt_data))
                0x0000000000000000                __pwr_mgmt_data_size__ = SIZEOF (.pwr_mgmt_data)
                0x000000000002a904                __stop_pwr_mgmt_data = __pwr_mgmt_data_end__
                0x000000000002a904                __pwr_mgmt_data_load_end__ = __pwr_mgmt_data_end__
                0x0000000000000001                . = ASSERT (((__pwr_mgmt_data_start__ == __pwr_mgmt_data_end__) || ((__pwr_mgmt_data_end__ - __FLASH_segment_start__) <= __FLASH_segment_size__)), error: .pwr_mgmt_data is too large to fit in FLASH memory segment)
                0x000000000002a904                __sdh_ble_observers_load_start__ = ALIGN (__pwr_mgmt_data_end__, 0x4)

.sdh_ble_observers
                0x000000000002a904       0x30
                0x000000000002a904                __sdh_ble_observers_start__ = .
                0x000000000002a904                __start_sdh_ble_observers = __sdh_ble_observers_start__
 *(SORT_BY_NAME(.sdh_ble_observers*))
 .sdh_ble_observers0
                0x000000000002a904        0x8 Output/Release/Obj/ble_app_blinky_pca10040_s132/ble_conn_state.o
 .sdh_ble_observers1
                0x000000000002a90c        0x8 Output/Release/Obj/ble_app_blinky_pca10040_s132/main.o
 .sdh_ble_observers1
                0x000000000002a914        0x8 Output/Release/Obj/ble_app_blinky_pca10040_s132/ble_conn_params.o
 .sdh_ble_observers2
                0x000000000002a91c       0x10 Output/Release/Obj/ble_app_blinky_pca10040_s132/main.o
 .sdh_ble_observers3
                0x000000000002a92c        0x8 Output/Release/Obj/ble_app_blinky_pca10040_s132/main.o
                0x000000000002a934                __sdh_ble_observers_end__ = (__sdh_ble_observers_start__ + SIZEOF (.sdh_ble_observers))
                0x0000000000000030                __sdh_ble_observers_size__ = SIZEOF (.sdh_ble_observers)
                0x000000000002a934                __stop_sdh_ble_observers = __sdh_ble_observers_end__
                0x000000000002a934                __sdh_ble_observers_load_end__ = __sdh_ble_observers_end__
                0x0000000000000001                . = ASSERT (((__sdh_ble_observers_start__ == __sdh_ble_observers_end__) || ((__sdh_ble_observers_end__ - __FLASH_segment_start__) <= __FLASH_segment_size__)), error: .sdh_ble_observers is too large to fit in FLASH memory segment)
                0x000000000002a934                __sdh_req_observers_load_start__ = ALIGN (__sdh_ble_observers_end__, 0x4)

.sdh_req_observers
                0x000000000002a934        0x0
                0x000000000002a934                __sdh_req_observers_start__ = .
                0x000000000002a934                __start_sdh_req_observers = __sdh_req_observers_start__
 *(SORT_BY_NAME(.sdh_req_observers*))
                0x000000000002a934                __sdh_req_observers_end__ = (__sdh_req_observers_start__ + SIZEOF (.sdh_req_observers))
                0x0000000000000000                __sdh_req_observers_size__ = SIZEOF (.sdh_req_observers)
                0x000000000002a934                __stop_sdh_req_observers = __sdh_req_observers_end__
                0x000000000002a934                __sdh_req_observers_load_end__ = __sdh_req_observers_end__
                0x0000000000000001                . = ASSERT (((__sdh_req_observers_start__ == __sdh_req_observers_end__) || ((__sdh_req_observers_end__ - __FLASH_segment_start__) <= __FLASH_segment_size__)), error: .sdh_req_observers is too large to fit in FLASH memory segment)
                0x000000000002a934                __sdh_state_observers_load_start__ = ALIGN (__sdh_req_observers_end__, 0x4)

.sdh_state_observers
                0x000000000002a934        0x8
                0x000000000002a934                __sdh_state_observers_start__ = .
                0x000000000002a934                __start_sdh_state_observers = __sdh_state_observers_start__
 *(SORT_BY_NAME(.sdh_state_observers*))
 .sdh_state_observers0
                0x000000000002a934        0x8 Output/Release/Obj/ble_app_blinky_pca10040_s132/nrf_drv_clock.o
                0x000000000002a93c                __sdh_state_observers_end__ = (__sdh_state_observers_start__ + SIZEOF (.sdh_state_observers))
                0x0000000000000008                __sdh_state_observers_size__ = SIZEOF (.sdh_state_observers)
                0x000000000002a93c                __stop_sdh_state_observers = __sdh_state_observers_end__
                0x000000000002a93c                __sdh_state_observers_load_end__ = __sdh_state_observers_end__
                0x0000000000000001                . = ASSERT (((__sdh_state_observers_start__ == __sdh_state_observers_end__) || ((__sdh_state_observers_end__ - __FLASH_segment_start__) <= __FLASH_segment_size__)), error: .sdh_state_observers is too large to fit in FLASH memory segment)
                0x000000000002a93c                __sdh_stack_observers_load_start__ = ALIGN (__sdh_state_observers_end__, 0x4)

.sdh_stack_observers
                0x000000000002a93c       0x10
                0x000000000002a93c                __sdh_stack_observers_start__ = .
                0x000000000002a93c                __start_sdh_stack_observers = __sdh_stack_observers_start__
 *(SORT_BY_NAME(.sdh_stack_observers*))
 .sdh_stack_observers0
                0x000000000002a93c        0x8 Output/Release/Obj/ble_app_blinky_pca10040_s132/nrf_sdh_ble.o
 .sdh_stack_observers0
                0x000000000002a944        0x8 Output/Release/Obj/ble_app_blinky_pca10040_s132/nrf_sdh_soc.o
                0x000000000002a94c                __sdh_stack_observers_end__ = (__sdh_stack_observers_start__ + SIZEOF (.sdh_stack_observers))
                0x0000000000000010                __sdh_stack_observers_size__ = SIZEOF (.sdh_stack_observers)
                0x000000000002a94c                __stop_sdh_stack_observers = __sdh_stack_observers_end__
                0x000000000002a94c                __sdh_stack_observers_load_end__ = __sdh_stack_observers_end__
                0x0000000000000001                . = ASSERT (((__sdh_stack_observers_start__ == __sdh_stack_observers_end__) || ((__sdh_stack_observers_end__ - __FLASH_segment_start__) <= __FLASH_segment_size__)), error: .sdh_stack_observers is too large to fit in FLASH memory segment)
                0x000000000002a94c                __nrf_queue_load_start__ = ALIGN (__sdh_stack_observers_end__, 0x4)

.nrf_queue      0x000000000002a94c        0x0
                0x000000000002a94c                __nrf_queue_start__ = .
                0x000000000002a94c                __start_nrf_queue = __nrf_queue_start__
 *(.nrf_queue*)
                0x000000000002a94c                __nrf_queue_end__ = (__nrf_queue_start__ + SIZEOF (.nrf_queue))
                0x0000000000000000                __nrf_queue_size__ = SIZEOF (.nrf_queue)
                0x000000000002a94c                __stop_nrf_queue = __nrf_queue_end__
                0x000000000002a94c                __nrf_queue_load_end__ = __nrf_queue_end__
                0x0000000000000001                . = ASSERT (((__nrf_queue_start__ == __nrf_queue_end__) || ((__nrf_queue_end__ - __FLASH_segment_start__) <= __FLASH_segment_size__)), error: .nrf_queue is too large to fit in FLASH memory segment)
                0x000000000002a94c                __nrf_balloc_load_start__ = ALIGN (__nrf_queue_end__, 0x4)

.nrf_balloc     0x000000000002a94c       0x14
                0x000000000002a94c                __nrf_balloc_start__ = .
                0x000000000002a94c                __start_nrf_balloc = __nrf_balloc_start__
 *(.nrf_balloc*)
 .nrf_balloc    0x000000000002a94c       0x14 Output/Release/Obj/ble_app_blinky_pca10040_s132/nrf_log_frontend.o
                0x000000000002a94c                log_mempool
                0x000000000002a960                __nrf_balloc_end__ = (__nrf_balloc_start__ + SIZEOF (.nrf_balloc))
                0x0000000000000014                __nrf_balloc_size__ = SIZEOF (.nrf_balloc)
                0x000000000002a960                __stop_nrf_balloc = __nrf_balloc_end__
                0x000000000002a960                __nrf_balloc_load_end__ = __nrf_balloc_end__
                0x0000000000000001                . = ASSERT (((__nrf_balloc_start__ == __nrf_balloc_end__) || ((__nrf_balloc_end__ - __FLASH_segment_start__) <= __FLASH_segment_size__)), error: .nrf_balloc is too large to fit in FLASH memory segment)
                0x000000000002a960                __cli_command_load_start__ = ALIGN (__nrf_balloc_end__, 0x4)

.cli_command    0x000000000002a960        0x0
                0x000000000002a960                __cli_command_start__ = .
                0x000000000002a960                __start_cli_command = __cli_command_start__
 *(.cli_command*)
                0x000000000002a960                __cli_command_end__ = (__cli_command_start__ + SIZEOF (.cli_command))
                0x0000000000000000                __cli_command_size__ = SIZEOF (.cli_command)
                0x000000000002a960                __stop_cli_command = __cli_command_end__
                0x000000000002a960                __cli_command_load_end__ = __cli_command_end__
                0x0000000000000001                . = ASSERT (((__cli_command_start__ == __cli_command_end__) || ((__cli_command_end__ - __FLASH_segment_start__) <= __FLASH_segment_size__)), error: .cli_command is too large to fit in FLASH memory segment)
                0x000000000002a960                __crypto_data_load_start__ = ALIGN (__cli_command_end__, 0x4)

.crypto_data    0x000000000002a960        0x0
                0x000000000002a960                __crypto_data_start__ = .
                0x000000000002a960                __start_crypto_data = __crypto_data_start__
 *(SORT_BY_NAME(.crypto_data*))
                0x000000000002a960                __crypto_data_end__ = (__crypto_data_start__ + SIZEOF (.crypto_data))
                0x0000000000000000                __crypto_data_size__ = SIZEOF (.crypto_data)
                0x000000000002a960                __stop_crypto_data = __crypto_data_end__
                0x000000000002a960                __crypto_data_load_end__ = __crypto_data_end__
                0x0000000000000001                . = ASSERT (((__crypto_data_start__ == __crypto_data_end__) || ((__crypto_data_end__ - __FLASH_segment_start__) <= __FLASH_segment_size__)), error: .crypto_data is too large to fit in FLASH memory segment)
                0x000000000002a960                __log_const_data_load_start__ = ALIGN (__crypto_data_end__, 0x4)

.log_const_data
                0x000000000002a960       0x60
                0x000000000002a960                __log_const_data_start__ = .
                0x000000000002a960                __start_log_const_data = __log_const_data_start__
 *(SORT_BY_NAME(.log_const_data*))
 .log_const_data_CLOCK
                0x000000000002a960        0x8 Output/Release/Obj/ble_app_blinky_pca10040_s132/nrfx_clock.o
                0x000000000002a960                m_nrf_log_CLOCK_logs_data_const
 .log_const_data_GPIOTE
                0x000000000002a968        0x8 Output/Release/Obj/ble_app_blinky_pca10040_s132/nrfx_gpiote.o
                0x000000000002a968                m_nrf_log_GPIOTE_logs_data_const
 .log_const_data_PRS
                0x000000000002a970        0x8 Output/Release/Obj/ble_app_blinky_pca10040_s132/nrfx_prs.o
                0x000000000002a970                m_nrf_log_PRS_logs_data_const
 .log_const_data_UART
                0x000000000002a978        0x8 Output/Release/Obj/ble_app_blinky_pca10040_s132/nrfx_uart.o
                0x000000000002a978                m_nrf_log_UART_logs_data_const
 .log_const_data_UARTE
                0x000000000002a980        0x8 Output/Release/Obj/ble_app_blinky_pca10040_s132/nrfx_uarte.o
                0x000000000002a980                m_nrf_log_UARTE_logs_data_const
 .log_const_data_app
                0x000000000002a988        0x8 Output/Release/Obj/ble_app_blinky_pca10040_s132/nrf_log_frontend.o
                0x000000000002a988                m_nrf_log_app_logs_data_const
 .log_const_data_clock
                0x000000000002a990        0x8 Output/Release/Obj/ble_app_blinky_pca10040_s132/nrf_drv_clock.o
                0x000000000002a990                m_nrf_log_clock_logs_data_const
 .log_const_data_nrf_ble_gatt
                0x000000000002a998        0x8 Output/Release/Obj/ble_app_blinky_pca10040_s132/nrf_ble_gatt.o
                0x000000000002a998                m_nrf_log_nrf_ble_gatt_logs_data_const
 .log_const_data_nrf_sdh
                0x000000000002a9a0        0x8 Output/Release/Obj/ble_app_blinky_pca10040_s132/nrf_sdh.o
                0x000000000002a9a0                m_nrf_log_nrf_sdh_logs_data_const
 .log_const_data_nrf_sdh_ble
                0x000000000002a9a8        0x8 Output/Release/Obj/ble_app_blinky_pca10040_s132/nrf_sdh_ble.o
                0x000000000002a9a8                m_nrf_log_nrf_sdh_ble_logs_data_const
 .log_const_data_nrf_sdh_soc
                0x000000000002a9b0        0x8 Output/Release/Obj/ble_app_blinky_pca10040_s132/nrf_sdh_soc.o
                0x000000000002a9b0                m_nrf_log_nrf_sdh_soc_logs_data_const
 .log_const_data_pwr_mgmt
                0x000000000002a9b8        0x8 Output/Release/Obj/ble_app_blinky_pca10040_s132/nrf_pwr_mgmt.o
                0x000000000002a9b8                m_nrf_log_pwr_mgmt_logs_data_const
                0x000000000002a9c0                __log_const_data_end__ = (__log_const_data_start__ + SIZEOF (.log_const_data))
                0x0000000000000060                __log_const_data_size__ = SIZEOF (.log_const_data)
                0x000000000002a9c0                __stop_log_const_data = __log_const_data_end__
                0x000000000002a9c0                __log_const_data_load_end__ = __log_const_data_end__
                0x0000000000000001                . = ASSERT (((__log_const_data_start__ == __log_const_data_end__) || ((__log_const_data_end__ - __FLASH_segment_start__) <= __FLASH_segment_size__)), error: .log_const_data is too large to fit in FLASH memory segment)
                0x000000000002a9c0                __log_backends_load_start__ = ALIGN (__log_const_data_end__, 0x4)

.log_backends   0x000000000002a9c0       0x10
                0x000000000002a9c0                __log_backends_start__ = .
                0x000000000002a9c0                __start_log_backends = __log_backends_start__
 *(SORT_BY_NAME(.log_backends*))
 .log_backends  0x000000000002a9c0       0x10 Output/Release/Obj/ble_app_blinky_pca10040_s132/nrf_log_default_backends.o
                0x000000000002a9d0                __log_backends_end__ = (__log_backends_start__ + SIZEOF (.log_backends))
                0x0000000000000010                __log_backends_size__ = SIZEOF (.log_backends)
                0x000000000002a9d0                __stop_log_backends = __log_backends_end__
                0x000000000002a9d0                __log_backends_load_end__ = __log_backends_end__
                0x0000000000000001                . = ASSERT (((__log_backends_start__ == __log_backends_end__) || ((__log_backends_end__ - __FLASH_segment_start__) <= __FLASH_segment_size__)), error: .log_backends is too large to fit in FLASH memory segment)
                0x000000000002a9d0                __nrf_sections_load_start__ = ALIGN (__log_backends_end__, 0x4)

.nrf_sections   0x000000000002a9d0        0x0
                0x000000000002a9d0                __nrf_sections_start__ = .
                0x000000000002a9d0                __start_nrf_sections = __nrf_sections_start__
 *(.nrf_sections .nrf_sections.*)
                0x000000000002a9d0                __nrf_sections_end__ = (__nrf_sections_start__ + SIZEOF (.nrf_sections))
                0x0000000000000000                __nrf_sections_size__ = SIZEOF (.nrf_sections)
                0x000000000002a9d0                __nrf_sections_load_end__ = __nrf_sections_end__
                0x0000000000000001                . = ASSERT (((__nrf_sections_start__ == __nrf_sections_end__) || ((__nrf_sections_end__ - __FLASH_segment_start__) <= __FLASH_segment_size__)), error: .nrf_sections is too large to fit in FLASH memory segment)
                0x000000000002a9d0                __cli_sorted_cmd_ptrs_load_start__ = ALIGN (__nrf_sections_end__, 0x4)

.cli_sorted_cmd_ptrs
                0x00000000200022b8        0x0 load address 0x000000000002a9d0
                0x00000000200022b8                __cli_sorted_cmd_ptrs_start__ = .
 *(.cli_sorted_cmd_ptrs*)
                0x00000000200022b8                __cli_sorted_cmd_ptrs_end__ = (__cli_sorted_cmd_ptrs_start__ + SIZEOF (.cli_sorted_cmd_ptrs))
                0x0000000000000000                __cli_sorted_cmd_ptrs_size__ = SIZEOF (.cli_sorted_cmd_ptrs)
                0x000000000002a9d0                __cli_sorted_cmd_ptrs_load_end__ = (__cli_sorted_cmd_ptrs_load_start__ + SIZEOF (.cli_sorted_cmd_ptrs))
                0x0000000000000001                . = ASSERT (((__cli_sorted_cmd_ptrs_load_start__ == __cli_sorted_cmd_ptrs_load_end__) || ((__cli_sorted_cmd_ptrs_load_end__ - __FLASH_segment_start__) <= __FLASH_segment_size__)), error: .cli_sorted_cmd_ptrs is too large to fit in FLASH memory segment)

.cli_sorted_cmd_ptrs_run
                0x00000000200022b8        0x0
                0x00000000200022b8                __cli_sorted_cmd_ptrs_run_start__ = .
                0x00000000200022b8                __start_cli_sorted_cmd_ptrs = __cli_sorted_cmd_ptrs_run_start__
                0x00000000200022b8                __cli_sorted_cmd_ptrs_run_end__ = (__cli_sorted_cmd_ptrs_run_start__ + SIZEOF (.cli_sorted_cmd_ptrs))
                0x0000000000000000                __cli_sorted_cmd_ptrs_run_size__ = (__cli_sorted_cmd_ptrs_run_end__ - __cli_sorted_cmd_ptrs_run_start__)
                0x00000000200022b8                __stop_cli_sorted_cmd_ptrs = __cli_sorted_cmd_ptrs_run_end__
                0x00000000200022b8                __cli_sorted_cmd_ptrs_run_load_end__ = __cli_sorted_cmd_ptrs_run_end__
                0x0000000000000001                . = ASSERT (((__cli_sorted_cmd_ptrs_run_start__ == __cli_sorted_cmd_ptrs_run_end__) || ((__cli_sorted_cmd_ptrs_run_end__ - __RAM_segment_start__) <= __RAM_segment_size__)), error: .cli_sorted_cmd_ptrs_run is too large to fit in RAM memory segment)
                0x000000000002a9d0                __fs_data_load_start__ = ALIGN ((__cli_sorted_cmd_ptrs_load_start__ + SIZEOF (.cli_sorted_cmd_ptrs)), 0x4)

.fs_data        0x00000000200022b8        0x0 load address 0x000000000002a9d0
                0x00000000200022b8                __fs_data_start__ = .
 *(.fs_data*)
                0x00000000200022b8                __fs_data_end__ = (__fs_data_start__ + SIZEOF (.fs_data))
                0x0000000000000000                __fs_data_size__ = SIZEOF (.fs_data)
                0x000000000002a9d0                __fs_data_load_end__ = (__fs_data_load_start__ + SIZEOF (.fs_data))
                0x0000000000000001                . = ASSERT (((__fs_data_load_start__ == __fs_data_load_end__) || ((__fs_data_load_end__ - __FLASH_segment_start__) <= __FLASH_segment_size__)), error: .fs_data is too large to fit in FLASH memory segment)

.fs_data_run    0x00000000200022b8        0x0
                0x00000000200022b8                __fs_data_run_start__ = .
                0x00000000200022b8                __start_fs_data = __fs_data_run_start__
                0x00000000200022b8                __fs_data_run_end__ = (__fs_data_run_start__ + SIZEOF (.fs_data))
                0x0000000000000000                __fs_data_run_size__ = (__fs_data_run_end__ - __fs_data_run_start__)
                0x00000000200022b8                __stop_fs_data = __fs_data_run_end__
                0x00000000200022b8                __fs_data_run_load_end__ = __fs_data_run_end__
                0x0000000000000001                . = ASSERT (((__fs_data_run_start__ == __fs_data_run_end__) || ((__fs_data_run_end__ - __RAM_segment_start__) <= __RAM_segment_size__)), error: .fs_data_run is too large to fit in RAM memory segment)
                0x000000000002a9d0                __log_dynamic_data_load_start__ = ALIGN ((__fs_data_load_start__ + SIZEOF (.fs_data)), 0x4)

.log_dynamic_data
                0x00000000200022b8        0x0 load address 0x000000000002a9d0
                0x00000000200022b8                __log_dynamic_data_start__ = .
 *(SORT_BY_NAME(.log_dynamic_data*))
                0x00000000200022b8                __log_dynamic_data_end__ = (__log_dynamic_data_start__ + SIZEOF (.log_dynamic_data))
                0x0000000000000000                __log_dynamic_data_size__ = SIZEOF (.log_dynamic_data)
                0x000000000002a9d0                __log_dynamic_data_load_end__ = (__log_dynamic_data_load_start__ + SIZEOF (.log_dynamic_data))
                0x0000000000000001                . = ASSERT (((__log_dynamic_data_load_start__ == __log_dynamic_data_load_end__) || ((__log_dynamic_data_load_end__ - __FLASH_segment_start__) <= __FLASH_segment_size__)), error: .log_dynamic_data is too large to fit in FLASH memory segment)

.log_dynamic_data_run
                0x00000000200022b8        0x0
                0x00000000200022b8                __log_dynamic_data_run_start__ = .
                0x00000000200022b8                __start_log_dynamic_data = __log_dynamic_data_run_start__
                0x00000000200022b8                __log_dynamic_data_run_end__ = (__log_dynamic_data_run_start__ + SIZEOF (.log_dynamic_data))
                0x0000000000000000                __log_dynamic_data_run_size__ = (__log_dynamic_data_run_end__ - __log_dynamic_data_run_start__)
                0x00000000200022b8                __stop_log_dynamic_data = __log_dynamic_data_run_end__
                0x00000000200022b8                __log_dynamic_data_run_load_end__ = __log_dynamic_data_run_end__
                0x0000000000000001                . = ASSERT (((__log_dynamic_data_run_start__ == __log_dynamic_data_run_end__) || ((__log_dynamic_data_run_end__ - __RAM_segment_start__) <= __RAM_segment_size__)), error: .log_dynamic_data_run is too large to fit in RAM memory segment)
                0x000000000002a9d0                __log_filter_data_load_start__ = ALIGN ((__log_dynamic_data_load_start__ + SIZEOF (.log_dynamic_data)), 0x4)

.log_filter_data
                0x00000000200022b8        0x0 load address 0x000000000002a9d0
                0x00000000200022b8                __log_filter_data_start__ = .
 *(SORT_BY_NAME(.log_filter_data*))
                0x00000000200022b8                __log_filter_data_end__ = (__log_filter_data_start__ + SIZEOF (.log_filter_data))
                0x0000000000000000                __log_filter_data_size__ = SIZEOF (.log_filter_data)
                0x000000000002a9d0                __log_filter_data_load_end__ = (__log_filter_data_load_start__ + SIZEOF (.log_filter_data))
                0x0000000000000001                . = ASSERT (((__log_filter_data_load_start__ == __log_filter_data_load_end__) || ((__log_filter_data_load_end__ - __FLASH_segment_start__) <= __FLASH_segment_size__)), error: .log_filter_data is too large to fit in FLASH memory segment)

.log_filter_data_run
                0x00000000200022b8        0x0
                0x00000000200022b8                __log_filter_data_run_start__ = .
                0x00000000200022b8                __start_log_filter_data = __log_filter_data_run_start__
                0x00000000200022b8                __log_filter_data_run_end__ = (__log_filter_data_run_start__ + SIZEOF (.log_filter_data))
                0x0000000000000000                __log_filter_data_run_size__ = (__log_filter_data_run_end__ - __log_filter_data_run_start__)
                0x00000000200022b8                __stop_log_filter_data = __log_filter_data_run_end__
                0x00000000200022b8                __log_filter_data_run_load_end__ = __log_filter_data_run_end__
                0x0000000000000001                . = ASSERT (((__log_filter_data_run_start__ == __log_filter_data_run_end__) || ((__log_filter_data_run_end__ - __RAM_segment_start__) <= __RAM_segment_size__)), error: .log_filter_data_run is too large to fit in RAM memory segment)
                0x00000000200022b8                __nrf_sections_run_end_load_start__ = ALIGN (__log_filter_data_run_end__, 0x4)

.nrf_sections_run_end
                0x00000000200022b8        0x0
                0x00000000200022b8                __nrf_sections_run_end_start__ = .
                0x00000000200022b8                __end_nrf_sections_run = __nrf_sections_run_end_start__
 *(.nrf_sections_run_end .nrf_sections_run_end.*)
                0x00000000200022b8                __nrf_sections_run_end_end__ = (__nrf_sections_run_end_start__ + SIZEOF (.nrf_sections_run_end))
                0x0000000000000000                __nrf_sections_run_end_size__ = SIZEOF (.nrf_sections_run_end)
                0x00000000200022b8                __nrf_sections_run_end_load_end__ = __nrf_sections_run_end_end__
                0x0000000000000001                . = ASSERT (((__nrf_sections_run_end_start__ == __nrf_sections_run_end_end__) || ((__nrf_sections_run_end_end__ - __RAM_segment_start__) <= __RAM_segment_size__)), error: .nrf_sections_run_end is too large to fit in RAM memory segment)
                0x000000000002a9d0                __dtors_load_start__ = ALIGN ((__log_filter_data_load_start__ + SIZEOF (.log_filter_data)), 0x4)

.dtors          0x000000000002a9d0        0x0
                0x000000000002a9d0                __dtors_start__ = .
 *(SORT_BY_NAME(.dtors.*))
 *(.dtors)
 *(.fini_array)
 *(SORT_BY_NAME(.fini_array.*))
                0x000000000002a9d0                __dtors_end__ = (__dtors_start__ + SIZEOF (.dtors))
                0x0000000000000000                __dtors_size__ = SIZEOF (.dtors)
                0x000000000002a9d0                __dtors_load_end__ = __dtors_end__
                0x0000000000000001                . = ASSERT (((__dtors_start__ == __dtors_end__) || ((__dtors_end__ - __FLASH_segment_start__) <= __FLASH_segment_size__)), error: .dtors is too large to fit in FLASH memory segment)
                0x000000000002a9d0                __ctors_load_start__ = ALIGN (__dtors_end__, 0x4)

.ctors          0x000000000002a9d0        0x0
                0x000000000002a9d0                __ctors_start__ = .
 *(SORT_BY_NAME(.ctors.*))
 *(.ctors)
 *(.init_array)
 *(SORT_BY_NAME(.init_array.*))
                0x000000000002a9d0                __ctors_end__ = (__ctors_start__ + SIZEOF (.ctors))
                0x0000000000000000                __ctors_size__ = SIZEOF (.ctors)
                0x000000000002a9d0                __ctors_load_end__ = __ctors_end__
                0x0000000000000001                . = ASSERT (((__ctors_start__ == __ctors_end__) || ((__ctors_end__ - __FLASH_segment_start__) <= __FLASH_segment_size__)), error: .ctors is too large to fit in FLASH memory segment)
                0x000000000002a9d0                __rodata_load_start__ = ALIGN (__ctors_end__, 0x4)

.rodata         0x000000000002a9d0      0xd3a
                0x000000000002a9d0                __rodata_start__ = .
 *(.rodata .rodata.* .gnu.linkonce.r.*)
 .rodata        0x000000000002a9d0       0x20 Output/Release/Obj/ble_app_blinky_pca10040_s132/nrf_log_backend_uart.o
 .rodata.nrf_log_backend_uart_api
                0x000000000002a9f0        0xc Output/Release/Obj/ble_app_blinky_pca10040_s132/nrf_log_backend_uart.o
                0x000000000002a9f0                nrf_log_backend_uart_api
 .rodata.str1.1
                0x000000000002a9fc       0x11 Output/Release/Obj/ble_app_blinky_pca10040_s132/nrf_log_default_backends.o
 .rodata.nrf_log_frontend_dequeue.str1.1
                0x000000000002aa0d       0x11 Output/Release/Obj/ble_app_blinky_pca10040_s132/nrf_log_frontend.o
 .rodata.str1.1
                0x000000000002aa1e        0x4 Output/Release/Obj/ble_app_blinky_pca10040_s132/nrf_log_frontend.o
 *fill*         0x000000000002aa22        0x2 
 .rodata.m_log_push_ringbuf
                0x000000000002aa24        0xc Output/Release/Obj/ble_app_blinky_pca10040_s132/nrf_log_frontend.o
 .rodata.prefix_process.str1.1
                0x000000000002aa30       0x32 Output/Release/Obj/ble_app_blinky_pca10040_s132/nrf_log_str_formatter.o
 .rodata.postfix_process.str1.1
                0x000000000002aa62       0x32 Output/Release/Obj/ble_app_blinky_pca10040_s132/nrf_log_str_formatter.o
                                          0x3 (size before relaxing)
 .rodata.nrf_log_hexdump_entry_process.str1.1
                0x000000000002aa62        0xf Output/Release/Obj/ble_app_blinky_pca10040_s132/nrf_log_str_formatter.o
                                         0x11 (size before relaxing)
 .rodata.str1.1
                0x000000000002aa71       0x4b Output/Release/Obj/ble_app_blinky_pca10040_s132/nrf_log_str_formatter.o
                                         0x51 (size before relaxing)
 .rodata.m_colors
                0x000000000002aabc       0x24 Output/Release/Obj/ble_app_blinky_pca10040_s132/nrf_log_str_formatter.o
 .rodata.severity_names
                0x000000000002aae0       0x14 Output/Release/Obj/ble_app_blinky_pca10040_s132/nrf_log_str_formatter.o
 .rodata.m_detection_delay_timer_id
                0x000000000002aaf4        0x4 Output/Release/Obj/ble_app_blinky_pca10040_s132/app_button.o
 .rodata.app_error_fault_handler.str1.1
                0x000000000002aaf8       0x19 Output/Release/Obj/ble_app_blinky_pca10040_s132/app_error_weak.o
 *fill*         0x000000000002ab11        0xf 
 .rodata.delay_machine_code.0
                0x000000000002ab20        0x6 Output/Release/Obj/ble_app_blinky_pca10040_s132/app_timer.o
 .rodata._aV2C.0
                0x000000000002ab26       0x10 Output/Release/Obj/ble_app_blinky_pca10040_s132/nrf_fprintf_format.o
 .rodata.str1.1
                0x000000000002ab36        0x9 Output/Release/Obj/ble_app_blinky_pca10040_s132/nrf_pwr_mgmt.o
 *fill*         0x000000000002ab3f        0x1 
 .rodata.pwr_mgmt_data
                0x000000000002ab40        0xc Output/Release/Obj/ble_app_blinky_pca10040_s132/nrf_pwr_mgmt.o
 .rodata.str1.1
                0x000000000002ab4c      0x3ba Output/Release/Obj/ble_app_blinky_pca10040_s132/nrf_strerror.o
 .rodata.m_unknown_str
                0x000000000002af06       0x13 Output/Release/Obj/ble_app_blinky_pca10040_s132/nrf_strerror.o
 *fill*         0x000000000002af19        0x3 
 .rodata.nrf_strerror_array
                0x000000000002af1c      0x128 Output/Release/Obj/ble_app_blinky_pca10040_s132/nrf_strerror.o
 .rodata.m_board_led_list
                0x000000000002b044        0x4 Output/Release/Obj/ble_app_blinky_pca10040_s132/boards.o
 .rodata.str1.1
                0x000000000002b048        0x6 Output/Release/Obj/ble_app_blinky_pca10040_s132/nrf_drv_clock.o
 .rodata.str1.1
                0x000000000002b04e        0x6 Output/Release/Obj/ble_app_blinky_pca10040_s132/nrfx_clock.o
 .rodata.str1.1
                0x000000000002b054        0x7 Output/Release/Obj/ble_app_blinky_pca10040_s132/nrfx_gpiote.o
 .rodata.str1.1
                0x000000000002b05b        0x4 Output/Release/Obj/ble_app_blinky_pca10040_s132/nrfx_prs.o
 .rodata.str1.1
                0x000000000002b05f        0x5 Output/Release/Obj/ble_app_blinky_pca10040_s132/nrfx_uart.o
 .rodata.str1.1
                0x000000000002b064        0x6 Output/Release/Obj/ble_app_blinky_pca10040_s132/nrfx_uarte.o
 .rodata.ble_evt_handler.str1.1
                0x000000000002b06a       0x17 Output/Release/Obj/ble_app_blinky_pca10040_s132/main.o
 .rodata.button_event_handler.str1.1
                0x000000000002b081       0x1a Output/Release/Obj/ble_app_blinky_pca10040_s132/main.o
 .rodata.led_write_handler.str1.1
                0x000000000002b09b       0x23 Output/Release/Obj/ble_app_blinky_pca10040_s132/main.o
 .rodata.main.str1.1
                0x000000000002b0be       0x26 Output/Release/Obj/ble_app_blinky_pca10040_s132/main.o
 .rodata.data_length_update.str1.1
                0x000000000002b0e4       0xdf Output/Release/Obj/ble_app_blinky_pca10040_s132/nrf_ble_gatt.o
 .rodata.nrf_ble_gatt_on_ble_evt.str1.1
                0x000000000002b1c3       0x60 Output/Release/Obj/ble_app_blinky_pca10040_s132/nrf_ble_gatt.o
 .rodata.str1.1
                0x000000000002b223        0xd Output/Release/Obj/ble_app_blinky_pca10040_s132/nrf_ble_gatt.o
 .rodata        0x000000000002b230       0x10 Output/Release/Obj/ble_app_blinky_pca10040_s132/ble_lbs.o
 .rodata.str1.1
                0x000000000002b240        0x8 Output/Release/Obj/ble_app_blinky_pca10040_s132/nrf_sdh.o
 .rodata        0x000000000002b248        0x4 Output/Release/Obj/ble_app_blinky_pca10040_s132/nrf_sdh.o
 .rodata.sdh_req_observers
                0x000000000002b24c        0xc Output/Release/Obj/ble_app_blinky_pca10040_s132/nrf_sdh.o
 .rodata.sdh_stack_observers
                0x000000000002b258        0xc Output/Release/Obj/ble_app_blinky_pca10040_s132/nrf_sdh.o
 .rodata.sdh_state_observers
                0x000000000002b264        0xc Output/Release/Obj/ble_app_blinky_pca10040_s132/nrf_sdh.o
 .rodata.nrf_sdh_ble_default_cfg_set.str1.1
                0x000000000002b270      0x182 Output/Release/Obj/ble_app_blinky_pca10040_s132/nrf_sdh_ble.o
 .rodata.nrf_sdh_ble_enable.str1.1
                0x000000000002b3f2       0xa7 Output/Release/Obj/ble_app_blinky_pca10040_s132/nrf_sdh_ble.o
 .rodata.str1.1
                0x000000000002b499        0xc Output/Release/Obj/ble_app_blinky_pca10040_s132/nrf_sdh_ble.o
 *fill*         0x000000000002b4a5        0x3 
 .rodata.sdh_ble_observers
                0x000000000002b4a8        0xc Output/Release/Obj/ble_app_blinky_pca10040_s132/nrf_sdh_ble.o
 .rodata.str1.1
                0x000000000002b4b4        0xc Output/Release/Obj/ble_app_blinky_pca10040_s132/nrf_sdh_soc.o
 .rodata.sdh_soc_observers
                0x000000000002b4c0        0xc Output/Release/Obj/ble_app_blinky_pca10040_s132/nrf_sdh_soc.o
 .rodata.libc.__RAL_find_locale.str1.4
                0x000000000002b4cc        0xa D:/Program Files/SEGGER/SEGGER Embedded Studio for ARM 5.60/lib/libc_v7em_fpv4_sp_d16_hard_t_le_eabi.a(libc2.o)
 *fill*         0x000000000002b4d6        0x2 
 .rodata.libc.__RAL_ascii_ctype_map
                0x000000000002b4d8       0x80 D:/Program Files/SEGGER/SEGGER Embedded Studio for ARM 5.60/lib/libc_v7em_fpv4_sp_d16_hard_t_le_eabi.a(libc2.o)
                0x000000000002b4d8                __RAL_ascii_ctype_map
 .rodata.libc.__RAL_ascii_ctype_mask
                0x000000000002b558        0xd D:/Program Files/SEGGER/SEGGER Embedded Studio for ARM 5.60/lib/libc_v7em_fpv4_sp_d16_hard_t_le_eabi.a(libc2.o)
 *fill*         0x000000000002b565        0x3 
 .rodata.libc.__RAL_c_locale
                0x000000000002b568        0xc D:/Program Files/SEGGER/SEGGER Embedded Studio for ARM 5.60/lib/libc_v7em_fpv4_sp_d16_hard_t_le_eabi.a(libc2.o)
                0x000000000002b568                __RAL_c_locale
 .rodata.libc.__RAL_c_locale_abbrev_day_names
                0x000000000002b574       0x1d D:/Program Files/SEGGER/SEGGER Embedded Studio for ARM 5.60/lib/libc_v7em_fpv4_sp_d16_hard_t_le_eabi.a(libc2.o)
                0x000000000002b574                __RAL_c_locale_abbrev_day_names
 *fill*         0x000000000002b591        0x3 
 .rodata.libc.__RAL_c_locale_abbrev_month_names
                0x000000000002b594       0x31 D:/Program Files/SEGGER/SEGGER Embedded Studio for ARM 5.60/lib/libc_v7em_fpv4_sp_d16_hard_t_le_eabi.a(libc2.o)
                0x000000000002b594                __RAL_c_locale_abbrev_month_names
 *fill*         0x000000000002b5c5        0x3 
 .rodata.libc.__RAL_c_locale_am_pm_indicator
                0x000000000002b5c8        0x7 D:/Program Files/SEGGER/SEGGER Embedded Studio for ARM 5.60/lib/libc_v7em_fpv4_sp_d16_hard_t_le_eabi.a(libc2.o)
                0x000000000002b5c8                __RAL_c_locale_am_pm_indicator
 *fill*         0x000000000002b5cf        0x1 
 .rodata.libc.__RAL_c_locale_data
                0x000000000002b5d0       0x58 D:/Program Files/SEGGER/SEGGER Embedded Studio for ARM 5.60/lib/libc_v7em_fpv4_sp_d16_hard_t_le_eabi.a(libc2.o)
                0x000000000002b5d0                __RAL_c_locale_data
 .rodata.libc.__RAL_c_locale_date_format
                0x000000000002b628        0x9 D:/Program Files/SEGGER/SEGGER Embedded Studio for ARM 5.60/lib/libc_v7em_fpv4_sp_d16_hard_t_le_eabi.a(libc2.o)
                0x000000000002b628                __RAL_c_locale_date_format
 *fill*         0x000000000002b631        0x3 
 .rodata.libc.__RAL_c_locale_date_time_format
                0x000000000002b634        0xf D:/Program Files/SEGGER/SEGGER Embedded Studio for ARM 5.60/lib/libc_v7em_fpv4_sp_d16_hard_t_le_eabi.a(libc2.o)
                0x000000000002b634                __RAL_c_locale_date_time_format
 *fill*         0x000000000002b643        0x1 
 .rodata.libc.__RAL_c_locale_day_names
                0x000000000002b644       0x3a D:/Program Files/SEGGER/SEGGER Embedded Studio for ARM 5.60/lib/libc_v7em_fpv4_sp_d16_hard_t_le_eabi.a(libc2.o)
                0x000000000002b644                __RAL_c_locale_day_names
 *fill*         0x000000000002b67e        0x2 
 .rodata.libc.__RAL_c_locale_month_names
                0x000000000002b680       0x57 D:/Program Files/SEGGER/SEGGER Embedded Studio for ARM 5.60/lib/libc_v7em_fpv4_sp_d16_hard_t_le_eabi.a(libc2.o)
                0x000000000002b680                __RAL_c_locale_month_names
 *fill*         0x000000000002b6d7        0x1 
 .rodata.libc.__RAL_c_locale_time_format
                0x000000000002b6d8        0x9 D:/Program Files/SEGGER/SEGGER Embedded Studio for ARM 5.60/lib/libc_v7em_fpv4_sp_d16_hard_t_le_eabi.a(libc2.o)
                0x000000000002b6d8                __RAL_c_locale_time_format
 *fill*         0x000000000002b6e1        0x3 
 .rodata.libc.__RAL_codeset_ascii
                0x000000000002b6e4       0x20 D:/Program Files/SEGGER/SEGGER Embedded Studio for ARM 5.60/lib/libc_v7em_fpv4_sp_d16_hard_t_le_eabi.a(libc2.o)
                0x000000000002b6e4                __RAL_codeset_ascii
 .rodata.libc.__RAL_data_empty_string
                0x000000000002b704        0x1 D:/Program Files/SEGGER/SEGGER Embedded Studio for ARM 5.60/lib/libc_v7em_fpv4_sp_d16_hard_t_le_eabi.a(libc2.o)
                0x000000000002b704                __RAL_data_empty_string
 *fill*         0x000000000002b705        0x3 
 .rodata.libc.__RAL_data_utf8_period
                0x000000000002b708        0x2 D:/Program Files/SEGGER/SEGGER Embedded Studio for ARM 5.60/lib/libc_v7em_fpv4_sp_d16_hard_t_le_eabi.a(libc2.o)
                0x000000000002b708                __RAL_data_utf8_period
                0x000000000002b70a                __rodata_end__ = (__rodata_start__ + SIZEOF (.rodata))
                0x0000000000000d3a                __rodata_size__ = SIZEOF (.rodata)
                0x000000000002b70a                __rodata_load_end__ = __rodata_end__

.rel.dyn        0x000000000002b70c        0x0
 .rel.iplt      0x000000000002b70c        0x0 Output/Release/Obj/ble_app_blinky_pca10040_s132/thumb_crt0.o
                0x0000000000000001                . = ASSERT (((__rodata_start__ == __rodata_end__) || ((__rodata_end__ - __FLASH_segment_start__) <= __FLASH_segment_size__)), error: .rodata is too large to fit in FLASH memory segment)
                0x000000000002b70c                __ARM.exidx_load_start__ = ALIGN (__rodata_end__, 0x4)

.ARM.exidx      0x000000000002b70c        0x0
                0x000000000002b70c                __ARM.exidx_start__ = .
                0x000000000002b70c                __exidx_start = __ARM.exidx_start__
 *(.ARM.exidx .ARM.exidx.*)
                0x000000000002b70c                __ARM.exidx_end__ = (__ARM.exidx_start__ + SIZEOF (.ARM.exidx))
                0x0000000000000000                __ARM.exidx_size__ = SIZEOF (.ARM.exidx)
                0x000000000002b70c                __exidx_end = __ARM.exidx_end__
                0x000000000002b70c                __ARM.exidx_load_end__ = __ARM.exidx_end__
                0x0000000000000001                . = ASSERT (((__ARM.exidx_start__ == __ARM.exidx_end__) || ((__ARM.exidx_end__ - __FLASH_segment_start__) <= __FLASH_segment_size__)), error: .ARM.exidx is too large to fit in FLASH memory segment)
                0x000000000002b70c                __fast_load_start__ = ALIGN (__ARM.exidx_end__, 0x4)

.fast           0x00000000200022b8        0x0 load address 0x000000000002b70c
                0x00000000200022b8                __fast_start__ = .
 *(.fast .fast.*)
                0x00000000200022b8                __fast_end__ = (__fast_start__ + SIZEOF (.fast))
                0x0000000000000000                __fast_size__ = SIZEOF (.fast)
                0x000000000002b70c                __fast_load_end__ = (__fast_load_start__ + SIZEOF (.fast))