Archive member included to satisfy reference by file (symbol)

D:/Program Files/SEGGER/SEGGER Embedded Studio for ARM 5.44/lib/libc_v7em_fpv4_sp_d16_hard_t_le_eabi.a(libc_asm.o)
                              Output/Release/Obj/transmitter_pca10056/bsp.o (__aeabi_uldivmod)
D:/Program Files/SEGGER/SEGGER Embedded Studio for ARM 5.44/lib/libc_v7em_fpv4_sp_d16_hard_t_le_eabi.a(libc2.o)
                              Output/Release/Obj/transmitter_pca10056/nrf_log_str_formatter.o (isprint)
D:/Program Files/SEGGER/SEGGER Embedded Studio for ARM 5.44/lib/libc_v7em_fpv4_sp_d16_hard_t_le_eabi.a(libc2_asm.o)
                              Output/Release/Obj/transmitter_pca10056/nrf_log_frontend.o (memcpy)
D:/Program Files/SEGGER/SEGGER Embedded Studio for ARM 5.44/lib/libc_v7em_fpv4_sp_d16_hard_t_le_eabi.a(libvfprintf.o)
                              (__vfprintf_long)
D:/Program Files/SEGGER/SEGGER Embedded Studio for ARM 5.44/lib/libc_v7em_fpv4_sp_d16_hard_t_le_eabi.a(libvfscanf.o)
                              (__vfscanf_long)
D:/Program Files/SEGGER/SEGGER Embedded Studio for ARM 5.44/lib/libc_v7em_fpv4_sp_d16_hard_t_le_eabi.a(libc.o)
                              D:/Program Files/SEGGER/SEGGER Embedded Studio for ARM 5.44/lib/libc_v7em_fpv4_sp_d16_hard_t_le_eabi.a(libc2.o) (__heap_lock)
D:/Program Files/SEGGER/SEGGER Embedded Studio for ARM 5.44/lib/libdebugio_v7em_fpv4_sp_d16_hard_t_le_eabi.a(libdebugio.o)
                              Output/Release/Obj/transmitter_pca10056/thumb_crt0.o (debug_fopen)
D:/Program Files/SEGGER/SEGGER Embedded Studio for ARM 5.44/lib/libdebugio_v7em_fpv4_sp_d16_hard_t_le_eabi.a(do_nv_debug_operation.o)
                              D:/Program Files/SEGGER/SEGGER Embedded Studio for ARM 5.44/lib/libdebugio_v7em_fpv4_sp_d16_hard_t_le_eabi.a(libdebugio.o) (__do_nvdebug_operation)
D:/Program Files/SEGGER/SEGGER Embedded Studio for ARM 5.44/lib/libdebugio_v7em_fpv4_sp_d16_hard_t_le_eabi.a(mempoll_debug_operations.o)
                              (__do_debug_operation_mempoll)
D:/Program Files/SEGGER/SEGGER Embedded Studio for ARM 5.44/lib/libm_v7em_fpv4_sp_d16_hard_t_le_eabi.a(libm_asm.o)
                              D:/Program Files/SEGGER/SEGGER Embedded Studio for ARM 5.44/lib/libc_v7em_fpv4_sp_d16_hard_t_le_eabi.a(libc2.o) (__aeabi_dadd)
D:/Program Files/SEGGER/SEGGER Embedded Studio for ARM 5.44/lib/libm_v7em_fpv4_sp_d16_hard_t_le_eabi.a(libm2.o)
                              D:/Program Files/SEGGER/SEGGER Embedded Studio for ARM 5.44/lib/libc_v7em_fpv4_sp_d16_hard_t_le_eabi.a(libvfprintf.o) (frexp)

Discarded input sections

 .text          0x0000000000000000        0x0 Output/Release/Obj/transmitter_pca10056/thumb_crt0.o
 .data          0x0000000000000000        0x0 Output/Release/Obj/transmitter_pca10056/thumb_crt0.o
 .bss           0x0000000000000000        0x0 Output/Release/Obj/transmitter_pca10056/thumb_crt0.o
 .text.__aeabi_read_tp
                0x0000000000000000        0x8 Output/Release/Obj/transmitter_pca10056/thumb_crt0.o
 .text.abort    0x0000000000000000        0x2 Output/Release/Obj/transmitter_pca10056/thumb_crt0.o
 .text.__assert
                0x0000000000000000        0x2 Output/Release/Obj/transmitter_pca10056/thumb_crt0.o
 .text.__assert_func
                0x0000000000000000        0x2 Output/Release/Obj/transmitter_pca10056/thumb_crt0.o
 .text.__aeabi_assert
                0x0000000000000000        0x2 Output/Release/Obj/transmitter_pca10056/thumb_crt0.o
 .text.__sync_synchronize
                0x0000000000000000        0x2 Output/Release/Obj/transmitter_pca10056/thumb_crt0.o
 .text.__getchar
                0x0000000000000000        0x4 Output/Release/Obj/transmitter_pca10056/thumb_crt0.o
 .text.__putchar
                0x0000000000000000        0x4 Output/Release/Obj/transmitter_pca10056/thumb_crt0.o
 .text.__open   0x0000000000000000        0x4 Output/Release/Obj/transmitter_pca10056/thumb_crt0.o
 .text.__close  0x0000000000000000        0x4 Output/Release/Obj/transmitter_pca10056/thumb_crt0.o
 .text.__write  0x0000000000000000        0xa Output/Release/Obj/transmitter_pca10056/thumb_crt0.o
 .text.__read   0x0000000000000000        0xa Output/Release/Obj/transmitter_pca10056/thumb_crt0.o
 .text.__seek   0x0000000000000000       0x1a Output/Release/Obj/transmitter_pca10056/thumb_crt0.o
 .text.remove   0x0000000000000000        0x4 Output/Release/Obj/transmitter_pca10056/thumb_crt0.o
 .text.rename   0x0000000000000000        0x4 Output/Release/Obj/transmitter_pca10056/thumb_crt0.o
 .bss.__user_locale_name_buffer
                0x0000000000000000        0x4 Output/Release/Obj/transmitter_pca10056/thumb_crt0.o
 .stack         0x0000000000000000        0x0 Output/Release/Obj/transmitter_pca10056/thumb_crt0.o
 .stack_process
                0x0000000000000000        0x0 Output/Release/Obj/transmitter_pca10056/thumb_crt0.o
 .heap          0x0000000000000000        0x0 Output/Release/Obj/transmitter_pca10056/thumb_crt0.o
[...]
Memory Configuration

Name             Origin             Length             Attributes
UNPLACED_SECTIONS 0x0000000100000000 0x0000000000000000 xw
RAM              0x0000000020000000 0x0000000000040000 xw
FLASH            0x0000000000000000 0x0000000000100000 xw
*default*        0x0000000000000000 0xffffffffffffffff

Linker script and memory map

                0x0000000000000000                __do_debug_operation = __do_debug_operation_mempoll
                0x0000000000000000                __vfprintf = __vfprintf_long
                0x0000000000000000                __vfscanf = __vfscanf_long
                0x0000000020000000                __RAM_segment_start__ = 0x20000000
                0x0000000020040000                __RAM_segment_end__ = 0x20040000
                0x0000000000040000                __RAM_segment_size__ = 0x40000
                0x0000000000000000                __FLASH_segment_start__ = 0x0
                0x0000000000100000                __FLASH_segment_end__ = 0x100000
                0x0000000000100000                __FLASH_segment_size__ = 0x100000
                0x0000000000002000                __HEAPSIZE__ = 0x2000
                0x0000000000000000                __STACKSIZE_PROCESS__ = 0x0
                0x0000000000002000                __STACKSIZE__ = 0x2000
                0x0000000020000000                __vectors_ram_load_start__ = 0x20000000

.vectors_ram    0x0000000020000000        0x0
                0x0000000020000000                __vectors_ram_start__ = .
                0x0000000020000000                __app_ram_start__ = __vectors_ram_start__
 *(.vectors_ram .vectors_ram.*)
                0x0000000020000000                __vectors_ram_end__ = (__vectors_ram_start__ + SIZEOF (.vectors_ram))
                0x0000000000000000                __vectors_ram_size__ = SIZEOF (.vectors_ram)
                0x0000000020000000                __vectors_ram_load_end__ = __vectors_ram_end__
                0x0000000000000001                . = ASSERT (((__vectors_ram_start__ == __vectors_ram_end__) || ((__vectors_ram_end__ - __RAM_segment_start__) <= __RAM_segment_size__)), error: .vectors_ram is too large to fit in RAM memory segment)
                0x0000000020000000                __nrf_sections_run_load_start__ = ALIGN (__vectors_ram_end__, 0x4)

.nrf_sections_run
                0x0000000020000000        0x0
                0x0000000020000000                __nrf_sections_run_start__ = .
                0x0000000020000000                __start_nrf_sections_run = __nrf_sections_run_start__
 *(.nrf_sections_run .nrf_sections_run.*)
                0x0000000020000000                __nrf_sections_run_end__ = (__nrf_sections_run_start__ + SIZEOF (.nrf_sections_run))
                0x0000000000000000                __nrf_sections_run_size__ = SIZEOF (.nrf_sections_run)
                0x0000000020000000                __nrf_sections_run_load_end__ = __nrf_sections_run_end__
                0x0000000000000001                . = ASSERT (((__nrf_sections_run_start__ == __nrf_sections_run_end__) || ((__nrf_sections_run_end__ - __RAM_segment_start__) <= __RAM_segment_size__)), error: .nrf_sections_run is too large to fit in RAM memory segment)
                0x0000000000000000                __vectors_load_start__ = 0x0

.vectors        0x0000000000000000      0x200
                0x0000000000000000                __vectors_start__ = .
 *(.vectors .vectors.*)
 .vectors       0x0000000000000000      0x200 Output/Release/Obj/transmitter_pca10056/ses_startup_nrf52840.o
                0x0000000000000000                _vectors
                0x0000000000000200                __vectors_end__ = (__vectors_start__ + SIZEOF (.vectors))
                0x0000000000000200                __vectors_size__ = SIZEOF (.vectors)
                0x0000000000000200                __vectors_load_end__ = __vectors_end__
                0x0000000000000001                . = ASSERT (((__vectors_start__ == __vectors_end__) || ((__vectors_end__ - __FLASH_segment_start__) <= __FLASH_segment_size__)), error: .vectors is too large to fit in FLASH memory segment)
                0x0000000000000200                __init_load_start__ = ALIGN (__vectors_end__, 0x4)

.init           0x0000000000000200      0x1d4
                0x0000000000000200                __init_start__ = .
 *(.init .init.*)
 .init          0x0000000000000200      0x15c Output/Release/Obj/transmitter_pca10056/thumb_crt0.o
                0x0000000000000200                _start
                0x00000000000002b4                exit
 .init          0x000000000000035c       0x18 Output/Release/Obj/transmitter_pca10056/ses_startup_nrf52840.o
                0x000000000000035c                NMI_Handler
                0x000000000000035e                HardFault_Handler
                0x0000000000000360                MemoryManagement_Handler
                0x0000000000000362                BusFault_Handler
                0x0000000000000364                UsageFault_Handler
                0x0000000000000366                SVC_Handler
                0x0000000000000368                DebugMon_Handler
                0x000000000000036a                PendSV_Handler
                0x000000000000036c                SysTick_Handler
                0x000000000000036e                RTC0_IRQHandler
                0x000000000000036e                POWER_CLOCK_IRQHandler
                0x000000000000036e                RADIO_IRQHandler
                0x000000000000036e                PDM_IRQHandler
                0x000000000000036e                TEMP_IRQHandler
                0x000000000000036e                QDEC_IRQHandler
                0x000000000000036e                PWM1_IRQHandler
                0x000000000000036e                PWM3_IRQHandler
                0x000000000000036e                FPU_IRQHandler
                0x000000000000036e                USBD_IRQHandler
                0x000000000000036e                SPIM0_SPIS0_TWIM0_TWIS0_SPI0_TWI0_IRQHandler
                0x000000000000036e                SWI2_EGU2_IRQHandler
                0x000000000000036e                TIMER4_IRQHandler
                0x000000000000036e                CRYPTOCELL_IRQHandler
                0x000000000000036e                TIMER3_IRQHandler
                0x000000000000036e                SWI4_EGU4_IRQHandler
                0x000000000000036e                TIMER0_IRQHandler
                0x000000000000036e                UARTE1_IRQHandler
                0x000000000000036e                Dummy_Handler
                0x000000000000036e                TIMER1_IRQHandler
                0x000000000000036e                SPIM3_IRQHandler
                0x000000000000036e                PWM2_IRQHandler
                0x000000000000036e                ECB_IRQHandler
                0x000000000000036e                SPIM1_SPIS1_TWIM1_TWIS1_SPI1_TWI1_IRQHandler
                0x000000000000036e                SAADC_IRQHandler
                0x000000000000036e                CCM_AAR_IRQHandler
                0x000000000000036e                WDT_IRQHandler
                0x000000000000036e                QSPI_IRQHandler
                0x000000000000036e                SWI5_EGU5_IRQHandler
                0x000000000000036e                RNG_IRQHandler
                0x000000000000036e                RTC2_IRQHandler
                0x000000000000036e                PWM0_IRQHandler
                0x000000000000036e                SWI3_EGU3_IRQHandler
                0x000000000000036e                SWI1_EGU1_IRQHandler
                0x000000000000036e                SPIM2_SPIS2_SPI2_IRQHandler
                0x000000000000036e                NFCT_IRQHandler
                0x000000000000036e                I2S_IRQHandler
                0x000000000000036e                MWU_IRQHandler
                0x000000000000036e                TIMER2_IRQHandler
                0x000000000000036e                COMP_LPCOMP_IRQHandler
                0x0000000000000370                nRFInitialize
 .init          0x0000000000000374       0x60 Output/Release/Obj/transmitter_pca10056/ses_startup_nrf_common.o
                0x0000000000000374                Reset_Handler
                0x000000000000039c                InitializeUserMemorySections
                0x00000000000003d4                __init_end__ = (__init_start__ + SIZEOF (.init))
                0x00000000000001d4                __init_size__ = SIZEOF (.init)
                0x00000000000003d4                __init_load_end__ = __init_end__
                0x0000000000000001                . = ASSERT (((__init_start__ == __init_end__) || ((__init_end__ - __FLASH_segment_start__) <= __FLASH_segment_size__)), error: .init is too large to fit in FLASH memory segment)
                0x00000000000003d4                __init_rodata_load_start__ = ALIGN (__init_end__, 0x4)

.init_rodata    0x00000000000003d4        0x0
                0x00000000000003d4                __init_rodata_start__ = .
 *(.init_rodata .init_rodata.*)
                0x00000000000003d4                __init_rodata_end__ = (__init_rodata_start__ + SIZEOF (.init_rodata))
                0x0000000000000000                __init_rodata_size__ = SIZEOF (.init_rodata)
                0x00000000000003d4                __init_rodata_load_end__ = __init_rodata_end__
                0x0000000000000001                . = ASSERT (((__init_rodata_start__ == __init_rodata_end__) || ((__init_rodata_end__ - __FLASH_segment_start__) <= __FLASH_segment_size__)), error: .init_rodata is too large to fit in FLASH memory segment)
                0x00000000000003d4                __text_load_start__ = ALIGN (__init_rodata_end__, 0x4)

.text           0x00000000000003d4     0x332a
                0x00000000000003d4                __text_start__ = .
 *(.text .text.* .glue_7t .glue_7 .gnu.linkonce.t.* .gcc_except_table .ARM.extab* .gnu.linkonce.armextab.*)
 .glue_7        0x00000000000003d4        0x0 linker stubs
 .glue_7t       0x00000000000003d4        0x0 linker stubs
 .text.nrf_log_backend_serial_put
                0x00000000000003d4       0xc2 Output/Release/Obj/transmitter_pca10056/nrf_log_backend_serial.o
                0x00000000000003d4                nrf_log_backend_serial_put
 *fill*         0x0000000000000496        0x2 
 .text.uart_evt_handler
                0x0000000000000498        0xc Output/Release/Obj/transmitter_pca10056/nrf_log_backend_uart.o
 .text.nrf_log_backend_uart_flush
                0x00000000000004a4        0x2 Output/Release/Obj/transmitter_pca10056/nrf_log_backend_uart.o
 *fill*         0x00000000000004a6        0x2 
 .text.uart_init
                0x00000000000004a8       0x4c Output/Release/Obj/transmitter_pca10056/nrf_log_backend_uart.o
 .text.nrf_log_backend_uart_put
                0x00000000000004f4       0x1c Output/Release/Obj/transmitter_pca10056/nrf_log_backend_uart.o
 .text.serial_tx
                0x0000000000000510       0x48 Output/Release/Obj/transmitter_pca10056/nrf_log_backend_uart.o
 .text.nrf_log_backend_uart_panic_set
                0x0000000000000558       0x2c Output/Release/Obj/transmitter_pca10056/nrf_log_backend_uart.o
 .text.nrf_log_backend_uart_init
                0x0000000000000584        0x6 Output/Release/Obj/transmitter_pca10056/nrf_log_backend_uart.o
                0x0000000000000584                nrf_log_backend_uart_init
 *fill*         0x000000000000058a        0x2 
 .text.nrf_log_default_backends_init
                0x000000000000058c       0x20 Output/Release/Obj/transmitter_pca10056/nrf_log_default_backends.o
                0x000000000000058c                nrf_log_default_backends_init
 .text.invalid_packets_omit
                0x00000000000005ac       0x3a Output/Release/Obj/transmitter_pca10056/nrf_log_frontend.o
 *fill*         0x00000000000005e6        0x2 
 .text.buf_prealloc
                0x00000000000005e8      0x130 Output/Release/Obj/transmitter_pca10056/nrf_log_frontend.o
 .text.nrf_log_init
                0x0000000000000718       0x3c Output/Release/Obj/transmitter_pca10056/nrf_log_frontend.o
                0x0000000000000718                nrf_log_init
 .text.nrf_log_module_name_get
                0x0000000000000754       0x38 Output/Release/Obj/transmitter_pca10056/nrf_log_frontend.o
                0x0000000000000754                nrf_log_module_name_get
 .text.nrf_log_color_id_get
                0x000000000000078c       0x2c Output/Release/Obj/transmitter_pca10056/nrf_log_frontend.o
                0x000000000000078c                nrf_log_color_id_get
 .text.buffer_is_empty
                0x00000000000007b8       0x14 Output/Release/Obj/transmitter_pca10056/nrf_log_frontend.o
                0x00000000000007b8                buffer_is_empty
 .text.nrf_log_frontend_dequeue
                0x00000000000007cc      0x224 Output/Release/Obj/transmitter_pca10056/nrf_log_frontend.o
                0x00000000000007cc                nrf_log_frontend_dequeue
 .text.std_n    0x00000000000009f0       0x98 Output/Release/Obj/transmitter_pca10056/nrf_log_frontend.o
 .text.nrf_log_frontend_std_0
                0x0000000000000a88        0x8 Output/Release/Obj/transmitter_pca10056/nrf_log_frontend.o
                0x0000000000000a88                nrf_log_frontend_std_0
 .text.nrf_log_frontend_std_1
                0x0000000000000a90       0x12 Output/Release/Obj/transmitter_pca10056/nrf_log_frontend.o
                0x0000000000000a90                nrf_log_frontend_std_1
 *fill*         0x0000000000000aa2        0x2 
 .text.nrf_log_backend_add
                0x0000000000000aa4       0x44 Output/Release/Obj/transmitter_pca10056/nrf_log_frontend.o
                0x0000000000000aa4                nrf_log_backend_add
 .text.nrf_log_panic
                0x0000000000000ae8       0x28 Output/Release/Obj/transmitter_pca10056/nrf_log_frontend.o
                0x0000000000000ae8                nrf_log_panic
 .text.prefix_process
                0x0000000000000b10       0x7c Output/Release/Obj/transmitter_pca10056/nrf_log_str_formatter.o
 .text.postfix_process
                0x0000000000000b8c       0x44 Output/Release/Obj/transmitter_pca10056/nrf_log_str_formatter.o
 .text.nrf_log_std_entry_process
                0x0000000000000bd0       0xc8 Output/Release/Obj/transmitter_pca10056/nrf_log_str_formatter.o
                0x0000000000000bd0                nrf_log_std_entry_process
 .text.nrf_log_hexdump_entry_process
                0x0000000000000c98       0xc0 Output/Release/Obj/transmitter_pca10056/nrf_log_str_formatter.o
                0x0000000000000c98                nrf_log_hexdump_entry_process
 .text.bsp_board_led_state_get
                0x0000000000000d58       0x28 Output/Release/Obj/transmitter_pca10056/boards.o
                0x0000000000000d58                bsp_board_led_state_get
 .text.bsp_board_led_on
                0x0000000000000d80       0x28 Output/Release/Obj/transmitter_pca10056/boards.o
                0x0000000000000d80                bsp_board_led_on
 .text.bsp_board_led_off
                0x0000000000000da8       0x28 Output/Release/Obj/transmitter_pca10056/boards.o
                0x0000000000000da8                bsp_board_led_off
 .text.bsp_board_leds_off
                0x0000000000000dd0       0x1e Output/Release/Obj/transmitter_pca10056/boards.o
                0x0000000000000dd0                bsp_board_leds_off
 .text.bsp_board_leds_on
                0x0000000000000dee       0x1e Output/Release/Obj/transmitter_pca10056/boards.o
                0x0000000000000dee                bsp_board_leds_on
 .text.bsp_board_led_invert
                0x0000000000000e0c       0x34 Output/Release/Obj/transmitter_pca10056/boards.o
                0x0000000000000e0c                bsp_board_led_invert
 .text.bsp_board_button_state_get
                0x0000000000000e40       0x28 Output/Release/Obj/transmitter_pca10056/boards.o
                0x0000000000000e40                bsp_board_button_state_get
 .text.bsp_board_pin_to_button_idx
                0x0000000000000e68       0x24 Output/Release/Obj/transmitter_pca10056/boards.o
                0x0000000000000e68                bsp_board_pin_to_button_idx
 .text.bsp_board_init
                0x0000000000000e8c       0x3e Output/Release/Obj/transmitter_pca10056/boards.o
                0x0000000000000e8c                bsp_board_init
 *fill*         0x0000000000000eca        0x2 
 .text.detection_delay_timeout_handler
                0x0000000000000ecc       0xd4 Output/Release/Obj/transmitter_pca10056/app_button.o
 .text.gpiote_event_handler
                0x0000000000000fa0       0x90 Output/Release/Obj/transmitter_pca10056/app_button.o
 .text.app_button_init
                0x0000000000001030       0xac Output/Release/Obj/transmitter_pca10056/app_button.o
                0x0000000000001030                app_button_init
 .text.app_button_enable
                0x00000000000010dc       0x2c Output/Release/Obj/transmitter_pca10056/app_button.o
                0x00000000000010dc                app_button_enable
 .text.app_error_handler_bare
                0x0000000000001108       0x1a Output/Release/Obj/transmitter_pca10056/app_error.o
                0x0000000000001108                app_error_handler_bare
 *fill*         0x0000000000001122        0x2 
 .text.app_error_fault_handler
                0x0000000000001124       0x6c Output/Release/Obj/transmitter_pca10056/app_error_weak.o
                0x0000000000001124                app_error_fault_handler
 .text.user_op_alloc
                0x0000000000001190       0x2c Output/Release/Obj/transmitter_pca10056/app_timer.o
 .text.timer_stop_op_schedule
                0x00000000000011bc       0x48 Output/Release/Obj/transmitter_pca10056/app_timer.o
 .text.nrfx_coredep_delay_us.part.0.constprop.0
                0x0000000000001204       0x10 Output/Release/Obj/transmitter_pca10056/app_timer.o
 .text.rtc1_stop
                0x0000000000001214       0x44 Output/Release/Obj/transmitter_pca10056/app_timer.o
 .text.RTC1_IRQHandler
                0x0000000000001258       0x9c Output/Release/Obj/transmitter_pca10056/app_timer.o
                0x0000000000001258                RTC1_IRQHandler
 .text.SWI0_EGU0_IRQHandler
                0x00000000000012f4      0x2b8 Output/Release/Obj/transmitter_pca10056/app_timer.o
                0x00000000000012f4                SWI0_EGU0_IRQHandler
 .text.app_timer_init
                0x00000000000015ac       0x60 Output/Release/Obj/transmitter_pca10056/app_timer.o
                0x00000000000015ac                app_timer_init
 .text.app_timer_create
                0x000000000000160c       0x24 Output/Release/Obj/transmitter_pca10056/app_timer.o
                0x000000000000160c                app_timer_create
 .text.app_timer_start
                0x0000000000001630       0x84 Output/Release/Obj/transmitter_pca10056/app_timer.o
                0x0000000000001630                app_timer_start
 .text.app_timer_stop
                0x00000000000016b4       0x20 Output/Release/Obj/transmitter_pca10056/app_timer.o
                0x00000000000016b4                app_timer_stop
 .text.app_util_disable_irq
                0x00000000000016d4       0x10 Output/Release/Obj/transmitter_pca10056/app_util_platform.o
                0x00000000000016d4                app_util_disable_irq
 .text.app_util_enable_irq
                0x00000000000016e4       0x14 Output/Release/Obj/transmitter_pca10056/app_util_platform.o
                0x00000000000016e4                app_util_enable_irq
 .text.app_util_critical_region_enter
                0x00000000000016f8        0x4 Output/Release/Obj/transmitter_pca10056/app_util_platform.o
                0x00000000000016f8                app_util_critical_region_enter
 .text.app_util_critical_region_exit
                0x00000000000016fc        0x4 Output/Release/Obj/transmitter_pca10056/app_util_platform.o
                0x00000000000016fc                app_util_critical_region_exit
 .text.nrf_atomic_u32_fetch_store
                0x0000000000001700       0x16 Output/Release/Obj/transmitter_pca10056/nrf_atomic.o
                0x0000000000001700                nrf_atomic_u32_fetch_store
 .text.nrf_atomic_u32_or
                0x0000000000001716       0x18 Output/Release/Obj/transmitter_pca10056/nrf_atomic.o
                0x0000000000001716                nrf_atomic_u32_or
 .text.nrf_atomic_u32_fetch_and
                0x000000000000172e       0x18 Output/Release/Obj/transmitter_pca10056/nrf_atomic.o
                0x000000000000172e                nrf_atomic_u32_fetch_and
 .text.nrf_atomic_u32_add
                0x0000000000001746       0x18 Output/Release/Obj/transmitter_pca10056/nrf_atomic.o
                0x0000000000001746                nrf_atomic_u32_add
 .text.nrf_atomic_u32_sub
                0x000000000000175e       0x18 Output/Release/Obj/transmitter_pca10056/nrf_atomic.o
                0x000000000000175e                nrf_atomic_u32_sub
 .text.nrf_atomic_flag_set
                0x0000000000001776        0x6 Output/Release/Obj/transmitter_pca10056/nrf_atomic.o
                0x0000000000001776                nrf_atomic_flag_set
 .text.nrf_atomic_flag_clear_fetch
                0x000000000000177c        0x6 Output/Release/Obj/transmitter_pca10056/nrf_atomic.o
                0x000000000000177c                nrf_atomic_flag_clear_fetch
 .text.nrf_balloc_init
                0x0000000000001782       0x2e Output/Release/Obj/transmitter_pca10056/nrf_balloc.o
                0x0000000000001782                nrf_balloc_init
 .text.nrf_balloc_alloc
                0x00000000000017b0       0x40 Output/Release/Obj/transmitter_pca10056/nrf_balloc.o
                0x00000000000017b0                nrf_balloc_alloc
 .text.nrf_balloc_free
                0x00000000000017f0       0x2a Output/Release/Obj/transmitter_pca10056/nrf_balloc.o
                0x00000000000017f0                nrf_balloc_free
 .text.nrf_fprintf_buffer_flush
                0x000000000000181a       0x16 Output/Release/Obj/transmitter_pca10056/nrf_fprintf.o
                0x000000000000181a                nrf_fprintf_buffer_flush
 .text.nrf_fprintf
                0x0000000000001830       0x1c Output/Release/Obj/transmitter_pca10056/nrf_fprintf.o
                0x0000000000001830                nrf_fprintf
 .text.buffer_add
                0x000000000000184c       0x2e Output/Release/Obj/transmitter_pca10056/nrf_fprintf_format.o
 *fill*         0x000000000000187a        0x2 
 .text.unsigned_print
                0x000000000000187c       0xb4 Output/Release/Obj/transmitter_pca10056/nrf_fprintf_format.o
 .text.nrf_fprintf_fmt
                0x0000000000001930      0x294 Output/Release/Obj/transmitter_pca10056/nrf_fprintf_format.o
                0x0000000000001930                nrf_fprintf_fmt
 .text.memobj_op
                0x0000000000001bc4       0x86 Output/Release/Obj/transmitter_pca10056/nrf_memobj.o
 .text.nrf_memobj_pool_init
                0x0000000000001c4a        0x4 Output/Release/Obj/transmitter_pca10056/nrf_memobj.o
                0x0000000000001c4a                nrf_memobj_pool_init
 .text.nrf_memobj_free
                0x0000000000001c4e       0x2c Output/Release/Obj/transmitter_pca10056/nrf_memobj.o
                0x0000000000001c4e                nrf_memobj_free
 .text.nrf_memobj_alloc
                0x0000000000001c7a       0x5e Output/Release/Obj/transmitter_pca10056/nrf_memobj.o
                0x0000000000001c7a                nrf_memobj_alloc
 .text.nrf_memobj_get
                0x0000000000001cd8        0x8 Output/Release/Obj/transmitter_pca10056/nrf_memobj.o
                0x0000000000001cd8                nrf_memobj_get
 .text.nrf_memobj_put
                0x0000000000001ce0       0x1c Output/Release/Obj/transmitter_pca10056/nrf_memobj.o
                0x0000000000001ce0                nrf_memobj_put
 .text.nrf_memobj_write
                0x0000000000001cfc       0x14 Output/Release/Obj/transmitter_pca10056/nrf_memobj.o
                0x0000000000001cfc                nrf_memobj_write
 .text.nrf_memobj_read
                0x0000000000001d10       0x14 Output/Release/Obj/transmitter_pca10056/nrf_memobj.o
                0x0000000000001d10                nrf_memobj_read
 .text.nrf_ringbuf_init
                0x0000000000001d24       0x12 Output/Release/Obj/transmitter_pca10056/nrf_ringbuf.o
                0x0000000000001d24                nrf_ringbuf_init
 *fill*         0x0000000000001d36        0x2 
 .text.uarte_evt_handler
                0x0000000000001d38       0x34 Output/Release/Obj/transmitter_pca10056/nrf_drv_uart.o
 .text.uart_evt_handler
                0x0000000000001d6c       0x34 Output/Release/Obj/transmitter_pca10056/nrf_drv_uart.o
 .text.nrf_drv_uart_init
                0x0000000000001da0       0x7c Output/Release/Obj/transmitter_pca10056/nrf_drv_uart.o
                0x0000000000001da0                nrf_drv_uart_init
 .text.nrf_gpiote_event_clear
                0x0000000000001e1c       0x18 Output/Release/Obj/transmitter_pca10056/nrfx_gpiote.o
 .text.nrf_gpio_pin_port_decode
                0x0000000000001e34       0x18 Output/Release/Obj/transmitter_pca10056/nrfx_gpiote.o
 .text.nrf_gpio_cfg_sense_set
                0x0000000000001e4c       0x2e Output/Release/Obj/transmitter_pca10056/nrfx_gpiote.o
 .text.nrf_bitmask_bit_set
                0x0000000000001e7a       0x14 Output/Release/Obj/transmitter_pca10056/nrfx_gpiote.o
 *fill*         0x0000000000001e8e        0x2 
 .text.channel_free
                0x0000000000001e90       0x1c Output/Release/Obj/transmitter_pca10056/nrfx_gpiote.o
 .text.nrfx_gpiote_init
                0x0000000000001eac       0x64 Output/Release/Obj/transmitter_pca10056/nrfx_gpiote.o
                0x0000000000001eac                nrfx_gpiote_init
 .text.nrfx_gpiote_is_init
                0x0000000000001f10       0x14 Output/Release/Obj/transmitter_pca10056/nrfx_gpiote.o
                0x0000000000001f10                nrfx_gpiote_is_init
 .text.nrfx_gpiote_in_init
                0x0000000000001f24      0x100 Output/Release/Obj/transmitter_pca10056/nrfx_gpiote.o
                0x0000000000001f24                nrfx_gpiote_in_init
 .text.nrfx_gpiote_in_event_enable
                0x0000000000002024       0x9c Output/Release/Obj/transmitter_pca10056/nrfx_gpiote.o
                0x0000000000002024                nrfx_gpiote_in_event_enable
 .text.nrfx_gpiote_in_is_set
                0x00000000000020c0       0x1c Output/Release/Obj/transmitter_pca10056/nrfx_gpiote.o
                0x00000000000020c0                nrfx_gpiote_in_is_set
 .text.GPIOTE_IRQHandler
                0x00000000000020dc      0x1b0 Output/Release/Obj/transmitter_pca10056/nrfx_gpiote.o
                0x00000000000020dc                GPIOTE_IRQHandler
 .text.UARTE0_UART0_IRQHandler
                0x000000000000228c        0xc Output/Release/Obj/transmitter_pca10056/nrfx_prs.o
                0x000000000000228c                UARTE0_UART0_IRQHandler
 .text.nrfx_prs_acquire
                0x0000000000002298       0x38 Output/Release/Obj/transmitter_pca10056/nrfx_prs.o
                0x0000000000002298                nrfx_prs_acquire
 .text.nrfx_prs_release
                0x00000000000022d0       0x18 Output/Release/Obj/transmitter_pca10056/nrfx_prs.o
                0x00000000000022d0                nrfx_prs_release
 .text.nrf_uart_event_clear
                0x00000000000022e8       0x10 Output/Release/Obj/transmitter_pca10056/nrfx_uart.o
 .text.tx_byte  0x00000000000022f8       0x1e Output/Release/Obj/transmitter_pca10056/nrfx_uart.o
 .text.rx_byte  0x0000000000002316       0x2c Output/Release/Obj/transmitter_pca10056/nrfx_uart.o
 *fill*         0x0000000000002342        0x2 
 .text.rx_done_event.constprop.0
                0x0000000000002344       0x20 Output/Release/Obj/transmitter_pca10056/nrfx_uart.o
 .text.nrfx_uart_0_irq_handler
                0x0000000000002364      0x140 Output/Release/Obj/transmitter_pca10056/nrfx_uart.o
                0x0000000000002364                nrfx_uart_0_irq_handler
 .text.nrf_gpio_cfg_default
                0x00000000000024a4       0x20 Output/Release/Obj/transmitter_pca10056/nrfx_uart.o
 .text.nrfx_uart_init
                0x00000000000024c4      0x1a8 Output/Release/Obj/transmitter_pca10056/nrfx_uart.o
                0x00000000000024c4                nrfx_uart_init
 .text.nrfx_uart_uninit
                0x000000000000266c       0xa8 Output/Release/Obj/transmitter_pca10056/nrfx_uart.o
                0x000000000000266c                nrfx_uart_uninit
 .text.nrfx_uart_tx_in_progress
                0x0000000000002714       0x18 Output/Release/Obj/transmitter_pca10056/nrfx_uart.o
                0x0000000000002714                nrfx_uart_tx_in_progress
 .text.nrfx_uart_tx
                0x000000000000272c       0x9c Output/Release/Obj/transmitter_pca10056/nrfx_uart.o
                0x000000000000272c                nrfx_uart_tx
 .text.nrf_uarte_event_clear
                0x00000000000027c8       0x10 Output/Release/Obj/transmitter_pca10056/nrfx_uarte.o
 .text.rx_done_event.constprop.0
                0x00000000000027d8       0x20 Output/Release/Obj/transmitter_pca10056/nrfx_uarte.o
 .text.nrfx_uarte_0_irq_handler
                0x00000000000027f8       0xe4 Output/Release/Obj/transmitter_pca10056/nrfx_uarte.o
                0x00000000000027f8                nrfx_uarte_0_irq_handler
 .text.nrf_gpio_cfg_default
                0x00000000000028dc       0x20 Output/Release/Obj/transmitter_pca10056/nrfx_uarte.o
 .text.nrfx_uarte_init
                0x00000000000028fc      0x1b8 Output/Release/Obj/transmitter_pca10056/nrfx_uarte.o
                0x00000000000028fc                nrfx_uarte_init
 .text.nrfx_uarte_uninit
                0x0000000000002ab4       0xa8 Output/Release/Obj/transmitter_pca10056/nrfx_uarte.o
                0x0000000000002ab4                nrfx_uarte_uninit
 .text.nrfx_uarte_tx_in_progress
                0x0000000000002b5c       0x18 Output/Release/Obj/transmitter_pca10056/nrfx_uarte.o
                0x0000000000002b5c                nrfx_uarte_tx_in_progress
 .text.nrfx_uarte_tx
                0x0000000000002b74       0x90 Output/Release/Obj/transmitter_pca10056/nrfx_uarte.o
                0x0000000000002b74                nrfx_uarte_tx
 .text.swap_bits
                0x0000000000002c04       0x22 Output/Release/Obj/transmitter_pca10056/radio_config.o
 *fill*         0x0000000000002c26        0x2 
 .text.radio_configure
                0x0000000000002c28      0x128 Output/Release/Obj/transmitter_pca10056/radio_config.o
                0x0000000000002c28                radio_configure
 .text.alert_timer_handler
                0x0000000000002d50        0x6 Output/Release/Obj/transmitter_pca10056/bsp.o
 *fill*         0x0000000000002d56        0x2 
 .text.bsp_button_event_handler
                0x0000000000002d58       0x9c Output/Release/Obj/transmitter_pca10056/bsp.o
 .text.button_timer_handler
                0x0000000000002df4        0x8 Output/Release/Obj/transmitter_pca10056/bsp.o
 .text.leds_off
                0x0000000000002dfc       0x2c Output/Release/Obj/transmitter_pca10056/bsp.o
 .text.bsp_led_indication
                0x0000000000002e28      0x200 Output/Release/Obj/transmitter_pca10056/bsp.o
 .text.leds_timer_handler
                0x0000000000003028       0x1c Output/Release/Obj/transmitter_pca10056/bsp.o
 .text.bsp_indication_set
                0x0000000000003044       0x18 Output/Release/Obj/transmitter_pca10056/bsp.o
                0x0000000000003044                bsp_indication_set
 .text.bsp_init
                0x000000000000305c       0x9c Output/Release/Obj/transmitter_pca10056/bsp.o
                0x000000000000305c                bsp_init
 .text.bsp_evt_handler
                0x00000000000030f8       0x34 Output/Release/Obj/transmitter_pca10056/main.o
                0x00000000000030f8                bsp_evt_handler
 .text.send_packet
                0x000000000000312c       0x74 Output/Release/Obj/transmitter_pca10056/main.o
                0x000000000000312c                send_packet
 .text.clock_initialization
                0x00000000000031a0       0x32 Output/Release/Obj/transmitter_pca10056/main.o
                0x00000000000031a0                clock_initialization
 *fill*         0x00000000000031d2        0x2 
 .text.startup.main
                0x00000000000031d4       0xb0 Output/Release/Obj/transmitter_pca10056/main.o
                0x00000000000031d4                main
 .text.errata_98
                0x0000000000003284       0x1a Output/Release/Obj/transmitter_pca10056/system_nrf52840.o
 *fill*         0x000000000000329e        0x2 
 .text.SystemInit
                0x00000000000032a0      0x1bc Output/Release/Obj/transmitter_pca10056/system_nrf52840.o
                0x00000000000032a0                SystemInit
 .text.libc.__int64_udivmod
                0x000000000000345c       0xce D:/Program Files/SEGGER/SEGGER Embedded Studio for ARM 5.44/lib/libc_v7em_fpv4_sp_d16_hard_t_le_eabi.a(libc_asm.o)
                0x000000000000345c                __aeabi_uldivmod
                0x000000000000345c                __int64_udiv
                0x000000000000345c                __udivdi3
                0x000000000000345c                __int64_udivmod
 *fill*         0x000000000000352a        0x2 
 .text.libc.__RAL_ascii_isctype
                0x000000000000352c       0x1c D:/Program Files/SEGGER/SEGGER Embedded Studio for ARM 5.44/lib/libc_v7em_fpv4_sp_d16_hard_t_le_eabi.a(libc2.o)
 .text.libc.__RAL_ascii_toupper
                0x0000000000003548        0xc D:/Program Files/SEGGER/SEGGER Embedded Studio for ARM 5.44/lib/libc_v7em_fpv4_sp_d16_hard_t_le_eabi.a(libc2.o)
 .text.libc.__RAL_ascii_tolower
                0x0000000000003554        0xc D:/Program Files/SEGGER/SEGGER Embedded Studio for ARM 5.44/lib/libc_v7em_fpv4_sp_d16_hard_t_le_eabi.a(libc2.o)
 .text.libc.__RAL_ascii_iswctype
                0x0000000000003560       0x1c D:/Program Files/SEGGER/SEGGER Embedded Studio for ARM 5.44/lib/libc_v7em_fpv4_sp_d16_hard_t_le_eabi.a(libc2.o)
 .text.libc.__RAL_ascii_towupper
                0x000000000000357c        0xc D:/Program Files/SEGGER/SEGGER Embedded Studio for ARM 5.44/lib/libc_v7em_fpv4_sp_d16_hard_t_le_eabi.a(libc2.o)
 .text.libc.__RAL_ascii_towlower
                0x0000000000003588        0xc D:/Program Files/SEGGER/SEGGER Embedded Studio for ARM 5.44/lib/libc_v7em_fpv4_sp_d16_hard_t_le_eabi.a(libc2.o)
 .text.libc.__RAL_ascii_wctomb
                0x0000000000003594        0xe D:/Program Files/SEGGER/SEGGER Embedded Studio for ARM 5.44/lib/libc_v7em_fpv4_sp_d16_hard_t_le_eabi.a(libc2.o)
                0x0000000000003594                __RAL_ascii_wctomb
 .text.libc.__RAL_ascii_mbtowc
                0x00000000000035a2       0x24 D:/Program Files/SEGGER/SEGGER Embedded Studio for ARM 5.44/lib/libc_v7em_fpv4_sp_d16_hard_t_le_eabi.a(libc2.o)
                0x00000000000035a2                __RAL_ascii_mbtowc
 *fill*         0x00000000000035c6        0x2 
 .text.libc.__RAL_isctype
                0x00000000000035c8       0x14 D:/Program Files/SEGGER/SEGGER Embedded Studio for ARM 5.44/lib/libc_v7em_fpv4_sp_d16_hard_t_le_eabi.a(libc2.o)
                0x00000000000035c8                __RAL_isctype
 .text.libc.isprint
                0x00000000000035dc        0xa D:/Program Files/SEGGER/SEGGER Embedded Studio for ARM 5.44/lib/libc_v7em_fpv4_sp_d16_hard_t_le_eabi.a(libc2.o)
                0x00000000000035dc                isprint
 .text.libc.memcpy
                0x00000000000035e6       0x52 D:/Program Files/SEGGER/SEGGER Embedded Studio for ARM 5.44/lib/libc_v7em_fpv4_sp_d16_hard_t_le_eabi.a(libc2_asm.o)
                0x00000000000035e6                __aeabi_memcpy
                0x00000000000035e6                memcpy
                0x00000000000035f2                __aeabi_memcpy8
                0x00000000000035f2                __aeabi_memcpy4
 .text.libc.memset
                0x0000000000003638       0x66 D:/Program Files/SEGGER/SEGGER Embedded Studio for ARM 5.44/lib/libc_v7em_fpv4_sp_d16_hard_t_le_eabi.a(libc2_asm.o)
                0x0000000000003638                memset
 .text.libc.strlen
                0x000000000000369e       0x60 D:/Program Files/SEGGER/SEGGER Embedded Studio for ARM 5.44/lib/libc_v7em_fpv4_sp_d16_hard_t_le_eabi.a(libc2_asm.o)
                0x000000000000369e                strlen
                0x00000000000036fe                __text_end__ = (__text_start__ + SIZEOF (.text))
                0x000000000000332a                __text_size__ = SIZEOF (.text)
                0x00000000000036fe                __text_load_end__ = __text_end__

.vfp11_veneer   0x0000000100000000        0x0
 .vfp11_veneer  0x0000000100000000        0x0 linker stubs

.v4_bx          0x0000000100000000        0x0
 .v4_bx         0x0000000100000000        0x0 linker stubs

.iplt           0x0000000100000000        0x0
 .iplt          0x0000000100000000        0x0 Output/Release/Obj/transmitter_pca10056/thumb_crt0.o
                0x0000000000000001                . = ASSERT (((__text_start__ == __text_end__) || ((__text_end__ - __FLASH_segment_start__) <= __FLASH_segment_size__)), error: .text is too large to fit in FLASH memory segment)
                0x0000000000003700                __log_const_data_load_start__ = ALIGN (__text_end__, 0x4)

.log_const_data
                0x0000000000003700       0x28
                0x0000000000003700                __log_const_data_start__ = .
                0x0000000000003700                __start_log_const_data = __log_const_data_start__
 *(SORT_BY_NAME(.log_const_data*))
 .log_const_data_GPIOTE
                0x0000000000003700        0x8 Output/Release/Obj/transmitter_pca10056/nrfx_gpiote.o
                0x0000000000003700                m_nrf_log_GPIOTE_logs_data_const
 .log_const_data_PRS
                0x0000000000003708        0x8 Output/Release/Obj/transmitter_pca10056/nrfx_prs.o
                0x0000000000003708                m_nrf_log_PRS_logs_data_const
 .log_const_data_UART
                0x0000000000003710        0x8 Output/Release/Obj/transmitter_pca10056/nrfx_uart.o
                0x0000000000003710                m_nrf_log_UART_logs_data_const
 .log_const_data_UARTE
                0x0000000000003718        0x8 Output/Release/Obj/transmitter_pca10056/nrfx_uarte.o
                0x0000000000003718                m_nrf_log_UARTE_logs_data_const
 .log_const_data_app
                0x0000000000003720        0x8 Output/Release/Obj/transmitter_pca10056/nrf_log_frontend.o
                0x0000000000003720                m_nrf_log_app_logs_data_const
                0x0000000000003728                __log_const_data_end__ = (__log_const_data_start__ + SIZEOF (.log_const_data))
                0x0000000000000028                __log_const_data_size__ = SIZEOF (.log_const_data)
                0x0000000000003728                __stop_log_const_data = __log_const_data_end__
                0x0000000000003728                __log_const_data_load_end__ = __log_const_data_end__
                0x0000000000000001                . = ASSERT (((__log_const_data_start__ == __log_const_data_end__) || ((__log_const_data_end__ - __FLASH_segment_start__) <= __FLASH_segment_size__)), error: .log_const_data is too large to fit in FLASH memory segment)
                0x0000000000003728                __log_backends_load_start__ = ALIGN (__log_const_data_end__, 0x4)

.log_backends   0x0000000000003728       0x10
                0x0000000000003728                __log_backends_start__ = .
                0x0000000000003728                __start_log_backends = __log_backends_start__
 *(SORT_BY_NAME(.log_backends*))
 .log_backends  0x0000000000003728       0x10 Output/Release/Obj/transmitter_pca10056/nrf_log_default_backends.o
                0x0000000000003738                __log_backends_end__ = (__log_backends_start__ + SIZEOF (.log_backends))
                0x0000000000000010                __log_backends_size__ = SIZEOF (.log_backends)
                0x0000000000003738                __stop_log_backends = __log_backends_end__
                0x0000000000003738                __log_backends_load_end__ = __log_backends_end__
                0x0000000000000001                . = ASSERT (((__log_backends_start__ == __log_backends_end__) || ((__log_backends_end__ - __FLASH_segment_start__) <= __FLASH_segment_size__)), error: .log_backends is too large to fit in FLASH memory segment)
                0x0000000000003738                __nrf_balloc_load_start__ = ALIGN (__log_backends_end__, 0x4)

.nrf_balloc     0x0000000000003738       0x14
                0x0000000000003738                __nrf_balloc_start__ = .
                0x0000000000003738                __start_nrf_balloc = __nrf_balloc_start__
 *(.nrf_balloc*)
 .nrf_balloc    0x0000000000003738       0x14 Output/Release/Obj/transmitter_pca10056/nrf_log_frontend.o
                0x0000000000003738                log_mempool
                0x000000000000374c                __nrf_balloc_end__ = (__nrf_balloc_start__ + SIZEOF (.nrf_balloc))
                0x0000000000000014                __nrf_balloc_size__ = SIZEOF (.nrf_balloc)
                0x000000000000374c                __stop_nrf_balloc = __nrf_balloc_end__
                0x000000000000374c                __nrf_balloc_load_end__ = __nrf_balloc_end__
                0x0000000000000001                . = ASSERT (((__nrf_balloc_start__ == __nrf_balloc_end__) || ((__nrf_balloc_end__ - __FLASH_segment_start__) <= __FLASH_segment_size__)), error: .nrf_balloc is too large to fit in FLASH memory segment)
                0x000000000000374c                __nrf_sections_load_start__ = ALIGN (__nrf_balloc_end__, 0x4)

.nrf_sections   0x000000000000374c        0x0
                0x000000000000374c                __nrf_sections_start__ = .
                0x000000000000374c                __start_nrf_sections = __nrf_sections_start__
 *(.nrf_sections .nrf_sections.*)
                0x000000000000374c                __nrf_sections_end__ = (__nrf_sections_start__ + SIZEOF (.nrf_sections))
                0x0000000000000000                __nrf_sections_size__ = SIZEOF (.nrf_sections)
                0x000000000000374c                __nrf_sections_load_end__ = __nrf_sections_end__
                0x0000000000000001                . = ASSERT (((__nrf_sections_start__ == __nrf_sections_end__) || ((__nrf_sections_end__ - __FLASH_segment_start__) <= __FLASH_segment_size__)), error: .nrf_sections is too large to fit in FLASH memory segment)
                0x000000000000374c                __log_dynamic_data_load_start__ = ALIGN (__nrf_sections_end__, 0x4)

.log_dynamic_data
                0x0000000020000000        0x0 load address 0x000000000000374c
                0x0000000020000000                __log_dynamic_data_start__ = .
 *(SORT_BY_NAME(.log_dynamic_data*))
                0x0000000020000000                __log_dynamic_data_end__ = (__log_dynamic_data_start__ + SIZEOF (.log_dynamic_data))
                0x0000000000000000                __log_dynamic_data_size__ = SIZEOF (.log_dynamic_data)
                0x000000000000374c                __log_dynamic_data_load_end__ = (__log_dynamic_data_load_start__ + SIZEOF (.log_dynamic_data))
                0x0000000000000001                . = ASSERT (((__log_dynamic_data_load_start__ == __log_dynamic_data_load_end__) || ((__log_dynamic_data_load_end__ - __FLASH_segment_start__) <= __FLASH_segment_size__)), error: .log_dynamic_data is too large to fit in FLASH memory segment)

.log_dynamic_data_run
                0x0000000020000000        0x0
                0x0000000020000000                __log_dynamic_data_run_start__ = .
                0x0000000020000000                __start_log_dynamic_data = __log_dynamic_data_run_start__
                0x0000000020000000                __log_dynamic_data_run_end__ = (__log_dynamic_data_run_start__ + SIZEOF (.log_dynamic_data))
                0x0000000000000000                __log_dynamic_data_run_size__ = (__log_dynamic_data_run_end__ - __log_dynamic_data_run_start__)
                0x0000000020000000                __stop_log_dynamic_data = __log_dynamic_data_run_end__
                0x0000000020000000                __log_dynamic_data_run_load_end__ = __log_dynamic_data_run_end__
                0x0000000000000001                . = ASSERT (((__log_dynamic_data_run_start__ == __log_dynamic_data_run_end__) || ((__log_dynamic_data_run_end__ - __RAM_segment_start__) <= __RAM_segment_size__)), error: .log_dynamic_data_run is too large to fit in RAM memory segment)
                0x000000000000374c                __log_filter_data_load_start__ = ALIGN ((__log_dynamic_data_load_start__ + SIZEOF (.log_dynamic_data)), 0x4)

.log_filter_data
                0x0000000020000000        0x0 load address 0x000000000000374c
                0x0000000020000000                __log_filter_data_start__ = .
 *(SORT_BY_NAME(.log_filter_data*))
                0x0000000020000000                __log_filter_data_end__ = (__log_filter_data_start__ + SIZEOF (.log_filter_data))
                0x0000000000000000                __log_filter_data_size__ = SIZEOF (.log_filter_data)
                0x000000000000374c                __log_filter_data_load_end__ = (__log_filter_data_load_start__ + SIZEOF (.log_filter_data))
                0x0000000000000001                . = ASSERT (((__log_filter_data_load_start__ == __log_filter_data_load_end__) || ((__log_filter_data_load_end__ - __FLASH_segment_start__) <= __FLASH_segment_size__)), error: .log_filter_data is too large to fit in FLASH memory segment)

.log_filter_data_run
                0x0000000020000000        0x0
                0x0000000020000000                __log_filter_data_run_start__ = .
                0x0000000020000000                __start_log_filter_data = __log_filter_data_run_start__
                0x0000000020000000                __log_filter_data_run_end__ = (__log_filter_data_run_start__ + SIZEOF (.log_filter_data))
                0x0000000000000000                __log_filter_data_run_size__ = (__log_filter_data_run_end__ - __log_filter_data_run_start__)
                0x0000000020000000                __stop_log_filter_data = __log_filter_data_run_end__
                0x0000000020000000                __log_filter_data_run_load_end__ = __log_filter_data_run_end__
                0x0000000000000001                . = ASSERT (((__log_filter_data_run_start__ == __log_filter_data_run_end__) || ((__log_filter_data_run_end__ - __RAM_segment_start__) <= __RAM_segment_size__)), error: .log_filter_data_run is too large to fit in RAM memory segment)
                0x0000000020000000                __nrf_sections_run_end_load_start__ = ALIGN (__log_filter_data_run_end__, 0x4)

.nrf_sections_run_end
                0x0000000020000000        0x0
                0x0000000020000000                __nrf_sections_run_end_start__ = .
                0x0000000020000000                __end_nrf_sections_run = __nrf_sections_run_end_start__
 *(.nrf_sections_run_end .nrf_sections_run_end.*)
                0x0000000020000000                __nrf_sections_run_end_end__ = (__nrf_sections_run_end_start__ + SIZEOF (.nrf_sections_run_end))
                0x0000000000000000                __nrf_sections_run_end_size__ = SIZEOF (.nrf_sections_run_end)
                0x0000000020000000                __nrf_sections_run_end_load_end__ = __nrf_sections_run_end_end__
                0x0000000000000001                . = ASSERT (((__nrf_sections_run_end_start__ == __nrf_sections_run_end_end__) || ((__nrf_sections_run_end_end__ - __RAM_segment_start__) <= __RAM_segment_size__)), error: .nrf_sections_run_end is too large to fit in RAM memory segment)
                0x000000000000374c                __dtors_load_start__ = ALIGN ((__log_filter_data_load_start__ + SIZEOF (.log_filter_data)), 0x4)

.dtors          0x000000000000374c        0x0
                0x000000000000374c                __dtors_start__ = .
 *(SORT_BY_NAME(.dtors.*))
 *(.dtors)
 *(.fini_array)
 *(SORT_BY_NAME(.fini_array.*))
                0x000000000000374c                __dtors_end__ = (__dtors_start__ + SIZEOF (.dtors))
                0x0000000000000000                __dtors_size__ = SIZEOF (.dtors)
                0x000000000000374c                __dtors_load_end__ = __dtors_end__
                0x0000000000000001                . = ASSERT (((__dtors_start__ == __dtors_end__) || ((__dtors_end__ - __FLASH_segment_start__) <= __FLASH_segment_size__)), error: .dtors is too large to fit in FLASH memory segment)
                0x000000000000374c                __ctors_load_start__ = ALIGN (__dtors_end__, 0x4)

.ctors          0x000000000000374c        0x0
                0x000000000000374c                __ctors_start__ = .
 *(SORT_BY_NAME(.ctors.*))
 *(.ctors)
 *(.init_array)
 *(SORT_BY_NAME(.init_array.*))
                0x000000000000374c                __ctors_end__ = (__ctors_start__ + SIZEOF (.ctors))
                0x0000000000000000                __ctors_size__ = SIZEOF (.ctors)
                0x000000000000374c                __ctors_load_end__ = __ctors_end__
                0x0000000000000001                . = ASSERT (((__ctors_start__ == __ctors_end__) || ((__ctors_end__ - __FLASH_segment_start__) <= __FLASH_segment_size__)), error: .ctors is too large to fit in FLASH memory segment)
                0x000000000000374c                __rodata_load_start__ = ALIGN (__ctors_end__, 0x4)

.rodata         0x000000000000374c      0x456
                0x000000000000374c                __rodata_start__ = .
 *(.rodata .rodata.* .gnu.linkonce.r.*)
 .rodata        0x000000000000374c       0x20 Output/Release/Obj/transmitter_pca10056/nrf_log_backend_uart.o
 .rodata.nrf_log_backend_uart_api
                0x000000000000376c        0xc Output/Release/Obj/transmitter_pca10056/nrf_log_backend_uart.o
                0x000000000000376c                nrf_log_backend_uart_api
 .rodata.str1.1
                0x0000000000003778       0x11 Output/Release/Obj/transmitter_pca10056/nrf_log_default_backends.o
 .rodata.nrf_log_frontend_dequeue.str1.1
                0x0000000000003789       0x11 Output/Release/Obj/transmitter_pca10056/nrf_log_frontend.o
 .rodata.str1.1
                0x000000000000379a        0x4 Output/Release/Obj/transmitter_pca10056/nrf_log_frontend.o
 *fill*         0x000000000000379e        0x2 
 .rodata.m_log_push_ringbuf
                0x00000000000037a0        0xc Output/Release/Obj/transmitter_pca10056/nrf_log_frontend.o
 .rodata.prefix_process.str1.1
                0x00000000000037ac       0x32 Output/Release/Obj/transmitter_pca10056/nrf_log_str_formatter.o
 .rodata.postfix_process.str1.1
                0x00000000000037de       0x32 Output/Release/Obj/transmitter_pca10056/nrf_log_str_formatter.o
                                          0x3 (size before relaxing)
 .rodata.nrf_log_hexdump_entry_process.str1.1
                0x00000000000037de        0xf Output/Release/Obj/transmitter_pca10056/nrf_log_str_formatter.o
                                         0x11 (size before relaxing)
 .rodata.str1.1
                0x00000000000037ed       0x4b Output/Release/Obj/transmitter_pca10056/nrf_log_str_formatter.o
                                         0x51 (size before relaxing)
 .rodata.m_colors
                0x0000000000003838       0x24 Output/Release/Obj/transmitter_pca10056/nrf_log_str_formatter.o
 .rodata.severity_names
                0x000000000000385c       0x14 Output/Release/Obj/transmitter_pca10056/nrf_log_str_formatter.o
 .rodata.m_board_btn_list
                0x0000000000003870        0x4 Output/Release/Obj/transmitter_pca10056/boards.o
 .rodata.m_board_led_list
                0x0000000000003874        0x4 Output/Release/Obj/transmitter_pca10056/boards.o
 .rodata.m_detection_delay_timer_id
                0x0000000000003878        0x4 Output/Release/Obj/transmitter_pca10056/app_button.o
 .rodata.app_error_fault_handler.str1.1
                0x000000000000387c       0x19 Output/Release/Obj/transmitter_pca10056/app_error_weak.o
 *fill*         0x0000000000003895        0xb 
 .rodata.delay_machine_code.0
                0x00000000000038a0        0x6 Output/Release/Obj/transmitter_pca10056/app_timer.o
 .rodata._aV2C.0
                0x00000000000038a6       0x10 Output/Release/Obj/transmitter_pca10056/nrf_fprintf_format.o
 .rodata.str1.1
                0x00000000000038b6        0x7 Output/Release/Obj/transmitter_pca10056/nrfx_gpiote.o
 .rodata.str1.1
                0x00000000000038bd        0x4 Output/Release/Obj/transmitter_pca10056/nrfx_prs.o
 .rodata.str1.1
                0x00000000000038c1        0x5 Output/Release/Obj/transmitter_pca10056/nrfx_uart.o
 .rodata.str1.1
                0x00000000000038c6        0x6 Output/Release/Obj/transmitter_pca10056/nrfx_uarte.o
 .rodata.app_buttons
                0x00000000000038cc       0x20 Output/Release/Obj/transmitter_pca10056/bsp.o
 .rodata.m_bsp_alert_tmr
                0x00000000000038ec        0x4 Output/Release/Obj/transmitter_pca10056/bsp.o
 .rodata.m_bsp_button_tmr
                0x00000000000038f0        0x4 Output/Release/Obj/transmitter_pca10056/bsp.o
 .rodata.m_bsp_leds_tmr
                0x00000000000038f4        0x4 Output/Release/Obj/transmitter_pca10056/bsp.o
 .rodata.send_packet.str1.1
                0x00000000000038f8       0x14 Output/Release/Obj/transmitter_pca10056/main.o
 .rodata.main.str1.1
                0x000000000000390c       0x57 Output/Release/Obj/transmitter_pca10056/main.o
 *fill*         0x0000000000003963        0x1 
 .rodata.libc.__RAL_find_locale.str1.4
                0x0000000000003964        0xa D:/Program Files/SEGGER/SEGGER Embedded Studio for ARM 5.44/lib/libc_v7em_fpv4_sp_d16_hard_t_le_eabi.a(libc2.o)
 *fill*         0x000000000000396e        0x2 
 .rodata.libc.__RAL_ascii_ctype_map
                0x0000000000003970       0x80 D:/Program Files/SEGGER/SEGGER Embedded Studio for ARM 5.44/lib/libc_v7em_fpv4_sp_d16_hard_t_le_eabi.a(libc2.o)
                0x0000000000003970                __RAL_ascii_ctype_map
 .rodata.libc.__RAL_ascii_ctype_mask
                0x00000000000039f0        0xd D:/Program Files/SEGGER/SEGGER Embedded Studio for ARM 5.44/lib/libc_v7em_fpv4_sp_d16_hard_t_le_eabi.a(libc2.o)
 *fill*         0x00000000000039fd        0x3 
 .rodata.libc.__RAL_c_locale
                0x0000000000003a00        0xc D:/Program Files/SEGGER/SEGGER Embedded Studio for ARM 5.44/lib/libc_v7em_fpv4_sp_d16_hard_t_le_eabi.a(libc2.o)
                0x0000000000003a00                __RAL_c_locale
 .rodata.libc.__RAL_c_locale_abbrev_day_names
                0x0000000000003a0c       0x1d D:/Program Files/SEGGER/SEGGER Embedded Studio for ARM 5.44/lib/libc_v7em_fpv4_sp_d16_hard_t_le_eabi.a(libc2.o)
                0x0000000000003a0c                __RAL_c_locale_abbrev_day_names
 *fill*         0x0000000000003a29        0x3 
 .rodata.libc.__RAL_c_locale_abbrev_month_names
                0x0000000000003a2c       0x31 D:/Program Files/SEGGER/SEGGER Embedded Studio for ARM 5.44/lib/libc_v7em_fpv4_sp_d16_hard_t_le_eabi.a(libc2.o)
                0x0000000000003a2c                __RAL_c_locale_abbrev_month_names
 *fill*         0x0000000000003a5d        0x3 
 .rodata.libc.__RAL_c_locale_am_pm_indicator
                0x0000000000003a60        0x7 D:/Program Files/SEGGER/SEGGER Embedded Studio for ARM 5.44/lib/libc_v7em_fpv4_sp_d16_hard_t_le_eabi.a(libc2.o)
                0x0000000000003a60                __RAL_c_locale_am_pm_indicator
 *fill*         0x0000000000003a67        0x1 
 .rodata.libc.__RAL_c_locale_data
                0x0000000000003a68       0x58 D:/Program Files/SEGGER/SEGGER Embedded Studio for ARM 5.44/lib/libc_v7em_fpv4_sp_d16_hard_t_le_eabi.a(libc2.o)
                0x0000000000003a68                __RAL_c_locale_data
 .rodata.libc.__RAL_c_locale_date_format
                0x0000000000003ac0        0x9 D:/Program Files/SEGGER/SEGGER Embedded Studio for ARM 5.44/lib/libc_v7em_fpv4_sp_d16_hard_t_le_eabi.a(libc2.o)
                0x0000000000003ac0                __RAL_c_locale_date_format
 *fill*         0x0000000000003ac9        0x3 
 .rodata.libc.__RAL_c_locale_date_time_format
                0x0000000000003acc        0xf D:/Program Files/SEGGER/SEGGER Embedded Studio for ARM 5.44/lib/libc_v7em_fpv4_sp_d16_hard_t_le_eabi.a(libc2.o)
                0x0000000000003acc                __RAL_c_locale_date_time_format
 *fill*         0x0000000000003adb        0x1 
 .rodata.libc.__RAL_c_locale_day_names
                0x0000000000003adc       0x3a D:/Program Files/SEGGER/SEGGER Embedded Studio for ARM 5.44/lib/libc_v7em_fpv4_sp_d16_hard_t_le_eabi.a(libc2.o)
                0x0000000000003adc                __RAL_c_locale_day_names
 *fill*         0x0000000000003b16        0x2 
 .rodata.libc.__RAL_c_locale_month_names
                0x0000000000003b18       0x57 D:/Program Files/SEGGER/SEGGER Embedded Studio for ARM 5.44/lib/libc_v7em_fpv4_sp_d16_hard_t_le_eabi.a(libc2.o)
                0x0000000000003b18                __RAL_c_locale_month_names
 *fill*         0x0000000000003b6f        0x1 
 .rodata.libc.__RAL_c_locale_time_format
                0x0000000000003b70        0x9 D:/Program Files/SEGGER/SEGGER Embedded Studio for ARM 5.44/lib/libc_v7em_fpv4_sp_d16_hard_t_le_eabi.a(libc2.o)
                0x0000000000003b70                __RAL_c_locale_time_format
 *fill*         0x0000000000003b79        0x3 
 .rodata.libc.__RAL_codeset_ascii
                0x0000000000003b7c       0x20 D:/Program Files/SEGGER/SEGGER Embedded Studio for ARM 5.44/lib/libc_v7em_fpv4_sp_d16_hard_t_le_eabi.a(libc2.o)
                0x0000000000003b7c                __RAL_codeset_ascii
 .rodata.libc.__RAL_data_empty_string
                0x0000000000003b9c        0x1 D:/Program Files/SEGGER/SEGGER Embedded Studio for ARM 5.44/lib/libc_v7em_fpv4_sp_d16_hard_t_le_eabi.a(libc2.o)
                0x0000000000003b9c                __RAL_data_empty_string
 *fill*         0x0000000000003b9d        0x3 
 .rodata.libc.__RAL_data_utf8_period
                0x0000000000003ba0        0x2 D:/Program Files/SEGGER/SEGGER Embedded Studio for ARM 5.44/lib/libc_v7em_fpv4_sp_d16_hard_t_le_eabi.a(libc2.o)
                0x0000000000003ba0                __RAL_data_utf8_period
                0x0000000000003ba2                __rodata_end__ = (__rodata_start__ + SIZEOF (.rodata))
                0x0000000000000456                __rodata_size__ = SIZEOF (.rodata)
                0x0000000000003ba2                __rodata_load_end__ = __rodata_end__

.rel.dyn        0x0000000000003ba4        0x0
 .rel.iplt      0x0000000000003ba4        0x0 Output/Release/Obj/transmitter_pca10056/thumb_crt0.o
                0x0000000000000001                . = ASSERT (((__rodata_start__ == __rodata_end__) || ((__rodata_end__ - __FLASH_segment_start__) <= __FLASH_segment_size__)), error: .rodata is too large to fit in FLASH memory segment)
                0x0000000000003ba4                __ARM.exidx_load_start__ = ALIGN (__rodata_end__, 0x4)

.ARM.exidx      0x0000000000003ba4        0x0
                0x0000000000003ba4                __ARM.exidx_start__ = .
                0x0000000000003ba4                __exidx_start = __ARM.exidx_start__
 *(.ARM.exidx .ARM.exidx.*)
                0x0000000000003ba4                __ARM.exidx_end__ = (__ARM.exidx_start__ + SIZEOF (.ARM.exidx))
                0x0000000000000000                __ARM.exidx_size__ = SIZEOF (.ARM.exidx)
                0x0000000000003ba4                __exidx_end = __ARM.exidx_end__
                0x0000000000003ba4                __ARM.exidx_load_end__ = __ARM.exidx_end__
                0x0000000000000001                . = ASSERT (((__ARM.exidx_start__ == __ARM.exidx_end__) || ((__ARM.exidx_end__ - __FLASH_segment_start__) <= __FLASH_segment_size__)), error: .ARM.exidx is too large to fit in FLASH memory segment)
                0x0000000000003ba4                __fast_load_start__ = ALIGN (__ARM.exidx_end__, 0x4)

.fast           0x0000000020000000        0x0 load address 0x0000000000003ba4
                0x0000000020000000                __fast_start__ = .
 *(.fast .fast.*)
                0x0000000020000000                __fast_end__ = (__fast_start__ + SIZEOF (.fast))
                0x0000000000000000                __fast_size__ = SIZEOF (.fast)
                0x0000000000003ba4                __fast_load_end__ = (__fast_load_start__ + SIZEOF (.fast))
                0x0000000000000001                . = ASSERT (((__fast_load_start__ == __fast_load_end__) || ((__fast_load_end__ - __FLASH_segment_start__) <= __FLASH_segment_size__)), error: .fast is too large to fit in FLASH memory segment)

.fast_run       0x0000000020000000        0x0
                0x0000000020000000                __fast_run_start__ = .
                0x0000000020000000                __fast_run_end__ = (__fast_run_start__ + SIZEOF (.fast))
                0x0000000000000000                __fast_run_size__ = (__fast_run_end__ - __fast_run_start__)
                0x0000000020000000                __fast_run_load_end__ = __fast_run_end__
                0x0000000000000001                . = ASSERT (((__fast_run_start__ == __fast_run_end__) || ((__fast_run_end__ - __RAM_segment_start__) <= __RAM_segment_size__)), error: .fast_run is too large to fit in RAM memory segment)
                0x0000000000003ba4                __data_load_start__ = ALIGN ((__fast_load_start__ + SIZEOF (.fast)), 0x4)

.data           0x0000000020000000       0x34 load address 0x0000000000003ba4
                0x0000000020000000                __data_start__ = .
 *(.data .data.* .gnu.linkonce.d.*)
 .data.m_uart   0x0000000020000000       0x14 Output/Release/Obj/transmitter_pca10056/nrf_log_backend_uart.o
                0x0000000020000000                m_uart
 .data.log_backend_cb_uart_log_backend
                0x0000000020000014        0x8 Output/Release/Obj/transmitter_pca10056/nrf_log_default_backends.o
 .data.SystemCoreClock
                0x000000002000001c        0x4 Output/Release/Obj/transmitter_pca10056/system_nrf52840.o
                0x000000002000001c                SystemCoreClock
 .data.libc.__RAL_global_locale
                0x0000000020000020       0x14 D:/Program Files/SEGGER/SEGGER Embedded Studio for ARM 5.44/lib/libc_v7em_fpv4_sp_d16_hard_t_le_eabi.a(libc2.o)
                0x0000000020000020                __RAL_global_locale
                0x0000000020000034                __data_end__ = (__data_start__ + SIZEOF (.data))
                0x0000000000000034                __data_size__ = SIZEOF (.data)
                0x0000000000003bd8                __data_load_end__ = (__data_load_start__ + SIZEOF (.data))

.igot.plt       0x0000000100000000        0x0
 .igot.plt      0x0000000100000000        0x0 Output/Release/Obj/transmitter_pca10056/thumb_crt0.o
                0x0000000000000001                . = ASSERT (((__data_load_start__ == __data_load_end__) || ((__data_load_end__ - __FLASH_segment_start__) <= __FLASH_segment_size__)), error: .data is too large to fit in FLASH memory segment)

.data_run       0x0000000020000000        0x0
                0x0000000020000000                __data_run_start__ = .
                0x0000000020000034                __data_run_end__ = (__data_run_start__ + SIZEOF (.data))
                0x0000000000000034                __data_run_size__ = (__data_run_end__ - __data_run_start__)
                0x0000000020000034                __data_run_load_end__ = __data_run_end__
                0x0000000000000001                . = ASSERT (((__data_run_start__ == __data_run_end__) || ((__data_run_end__ - __RAM_segment_start__) <= __RAM_segment_size__)), error: .data_run is too large to fit in RAM memory segment)
                0x0000000000003bd8                __tdata_load_start__ = ALIGN ((__data_load_start__ + SIZEOF (.data)), 0x4)

.tdata          0x0000000020000034        0x0 load address 0x0000000000003bd8
                0x0000000020000034                __tdata_start__ = .
 *(.tdata .tdata.*)
                0x0000000020000034                __tdata_end__ = (__tdata_start__ + SIZEOF (.tdata))
                0x0000000000000000                __tdata_size__ = SIZEOF (.tdata)
                0x0000000000003bd8                __tdata_load_end__ = (__tdata_load_start__ + SIZEOF (.tdata))
                0x0000000000003bd8                __FLASH_segment_used_end__ = (ALIGN ((__data_load_start__ + SIZEOF (.data)), 0x4) + SIZEOF (.tdata))
                0x0000000000003bd8                __FLASH_segment_used_size__ = (__FLASH_segment_used_end__ - __FLASH_segment_start__)
                0x0000000000000001                . = ASSERT (((__tdata_load_start__ == __tdata_load_end__) || ((__tdata_load_end__ - __FLASH_segment_start__) <= __FLASH_segment_size__)), error: .tdata is too large to fit in FLASH memory segment)

.tdata_run      0x0000000020000034        0x0
                0x0000000020000034                __tdata_run_start__ = .
                0x0000000020000034                __tdata_run_end__ = (__tdata_run_start__ + SIZEOF (.tdata))
                0x0000000000000000                __tdata_run_size__ = (__tdata_run_end__ - __tdata_run_start__)
                0x0000000020000034                __tdata_run_load_end__ = __tdata_run_end__
                0x0000000000000001                . = ASSERT (((__tdata_run_start__ == __tdata_run_end__) || ((__tdata_run_end__ - __RAM_segment_start__) <= __RAM_segment_size__)), error: .tdata_run is too large to fit in RAM memory segment)
                0x0000000020000034                __bss_load_start__ = ALIGN (__tdata_run_end__, 0x4)

.bss            0x0000000020000034      0x898
                0x0000000020000034                __bss_start__ = .
 *(.bss .bss.* .gnu.linkonce.b.*)
 .bss.m_async_mode
                0x0000000020000034        0x1 Output/Release/Obj/transmitter_pca10056/nrf_log_backend_uart.o
 .bss.m_string_buff
                0x0000000020000035       0x40 Output/Release/Obj/transmitter_pca10056/nrf_log_backend_uart.o
 .bss.m_xfer_done
                0x0000000020000075        0x1 Output/Release/Obj/transmitter_pca10056/nrf_log_backend_uart.o
 *fill*         0x0000000020000076        0x2 
 .bss.log_mempool_nrf_balloc_cb
                0x0000000020000078        0x8 Output/Release/Obj/transmitter_pca10056/nrf_log_frontend.o
 .bss.log_mempool_nrf_balloc_pool_mem
                0x0000000020000080       0xc0 Output/Release/Obj/transmitter_pca10056/nrf_log_frontend.o
 .bss.log_mempool_nrf_balloc_pool_stack
                0x0000000020000140        0x8 Output/Release/Obj/transmitter_pca10056/nrf_log_frontend.o
 .bss.m_log_data
                0x0000000020000148      0x424 Output/Release/Obj/transmitter_pca10056/nrf_log_frontend.o
 .bss.m_log_push_ringbuf_buf
                0x000000002000056c       0x80 Output/Release/Obj/transmitter_pca10056/nrf_log_frontend.o
 .bss.m_log_push_ringbuf_cb
                0x00000000200005ec       0x18 Output/Release/Obj/transmitter_pca10056/nrf_log_frontend.o
 .bss.m_button_count
                0x0000000020000604        0x1 Output/Release/Obj/transmitter_pca10056/app_button.o
 *fill*         0x0000000020000605        0x3 
 .bss.m_detection_delay
                0x0000000020000608        0x4 Output/Release/Obj/transmitter_pca10056/app_button.o
 .bss.m_detection_delay_timer_id_data
                0x000000002000060c       0x20 Output/Release/Obj/transmitter_pca10056/app_button.o
 *fill*         0x000000002000062c        0x4 
 .bss.m_pin_state
                0x0000000020000630        0x8 Output/Release/Obj/transmitter_pca10056/app_button.o
 .bss.m_pin_transition
                0x0000000020000638        0x8 Output/Release/Obj/transmitter_pca10056/app_button.o
 .bss.mp_buttons
                0x0000000020000640        0x4 Output/Release/Obj/transmitter_pca10056/app_button.o
 .bss.m_op_queue
                0x0000000020000644      0x10c Output/Release/Obj/transmitter_pca10056/app_timer.o
 .bss.m_rtc1_reset
                0x0000000020000750        0x1 Output/Release/Obj/transmitter_pca10056/app_timer.o
 .bss.m_rtc1_running
                0x0000000020000751        0x1 Output/Release/Obj/transmitter_pca10056/app_timer.o
 *fill*         0x0000000020000752        0x2 
 .bss.m_ticks_elapsed
                0x0000000020000754        0x8 Output/Release/Obj/transmitter_pca10056/app_timer.o
 .bss.m_ticks_elapsed_q_read_ind
                0x000000002000075c        0x1 Output/Release/Obj/transmitter_pca10056/app_timer.o
 .bss.m_ticks_elapsed_q_write_ind
                0x000000002000075d        0x1 Output/Release/Obj/transmitter_pca10056/app_timer.o
 *fill*         0x000000002000075e        0x2 
 .bss.m_ticks_latest
                0x0000000020000760        0x4 Output/Release/Obj/transmitter_pca10056/app_timer.o
 .bss.mp_timer_id_head
                0x0000000020000764        0x4 Output/Release/Obj/transmitter_pca10056/app_timer.o
 .bss.m_in_critical_region
                0x0000000020000768        0x4 Output/Release/Obj/transmitter_pca10056/app_util_platform.o
 .bss.m_contexts
                0x000000002000076c        0x8 Output/Release/Obj/transmitter_pca10056/nrf_drv_uart.o
 .bss.m_handlers
                0x0000000020000774        0x8 Output/Release/Obj/transmitter_pca10056/nrf_drv_uart.o
 .bss.nrf_drv_uart_use_easy_dma
                0x000000002000077c        0x2 Output/Release/Obj/transmitter_pca10056/nrf_drv_uart.o
                0x000000002000077c                nrf_drv_uart_use_easy_dma
 *fill*         0x000000002000077e        0x2 
 .bss.m_cb      0x0000000020000780       0x6c Output/Release/Obj/transmitter_pca10056/nrfx_gpiote.o
 .bss.m_prs_box_4
                0x00000000200007ec        0x8 Output/Release/Obj/transmitter_pca10056/nrfx_prs.o
 .bss.m_cb      0x00000000200007f4       0x2c Output/Release/Obj/transmitter_pca10056/nrfx_uart.o
 .bss.m_cb      0x0000000020000820       0x24 Output/Release/Obj/transmitter_pca10056/nrfx_uarte.o
 .bss.current_long_push_pin_no.1
                0x0000000020000844        0x1 Output/Release/Obj/transmitter_pca10056/bsp.o
 .bss.m_alert_on
                0x0000000020000845        0x1 Output/Release/Obj/transmitter_pca10056/bsp.o
 *fill*         0x0000000020000846        0x2 
 .bss.m_bsp_alert_tmr_data
                0x0000000020000848       0x20 Output/Release/Obj/transmitter_pca10056/bsp.o
 .bss.m_bsp_button_tmr_data
                0x0000000020000868       0x20 Output/Release/Obj/transmitter_pca10056/bsp.o
 .bss.m_bsp_leds_tmr_data
                0x0000000020000888       0x20 Output/Release/Obj/transmitter_pca10056/bsp.o
 .bss.m_events_list
                0x00000000200008a8        0xc Output/Release/Obj/transmitter_pca10056/bsp.o
 .bss.m_indication_type
                0x00000000200008b4        0x4 Output/Release/Obj/transmitter_pca10056/bsp.o
 .bss.m_leds_clear
                0x00000000200008b8        0x1 Output/Release/Obj/transmitter_pca10056/bsp.o
 *fill*         0x00000000200008b9        0x3 
 .bss.m_registered_callback
                0x00000000200008bc        0x4 Output/Release/Obj/transmitter_pca10056/bsp.o
 .bss.m_stable_state
                0x00000000200008c0        0x1 Output/Release/Obj/transmitter_pca10056/bsp.o
 .bss.release_event_at_push.0
                0x00000000200008c1        0x4 Output/Release/Obj/transmitter_pca10056/bsp.o
 *fill*         0x00000000200008c5        0x3 
 .bss.packet    0x00000000200008c8        0x4 Output/Release/Obj/transmitter_pca10056/main.o
 *(COMMON)
                0x00000000200008cc                __bss_end__ = (__bss_start__ + SIZEOF (.bss))
                0x0000000000000898                __bss_size__ = SIZEOF (.bss)
                0x00000000200008cc                __bss_load_end__ = __bss_end__
                0x0000000000000001                . = ASSERT (((__bss_start__ == __bss_end__) || ((__bss_end__ - __RAM_segment_start__) <= __RAM_segment_size__)), error: .bss is too large to fit in RAM memory segment)
                0x00000000200008cc                __tbss_load_start__ = ALIGN (__bss_end__, 0x4)

.tbss           0x00000000200008cc        0x0
                0x00000000200008cc                __tbss_start__ = .
 *(.tbss .tbss.*)
                0x00000000200008cc                __tbss_end__ = (__tbss_start__ + SIZEOF (.tbss))
                0x0000000000000000                __tbss_size__ = SIZEOF (.tbss)
                0x00000000200008cc                __tbss_load_end__ = __tbss_end__
                0x0000000000000001                . = ASSERT (((__tbss_start__ == __tbss_end__) || ((__tbss_end__ - __RAM_segment_start__) <= __RAM_segment_size__)), error: .tbss is too large to fit in RAM memory segment)
                0x00000000200008cc                __non_init_load_start__ = ALIGN (__tbss_end__, 0x4)

.non_init       0x00000000200008cc        0x0
                0x00000000200008cc                __non_init_start__ = .
 *(.non_init .non_init.*)
                0x00000000200008cc                __non_init_end__ = (__non_init_start__ + SIZEOF (.non_init))
                0x0000000000000000                __non_init_size__ = SIZEOF (.non_init)
                0x00000000200008cc                __non_init_load_end__ = __non_init_end__
                0x0000000000000001                . = ASSERT (((__non_init_start__ == __non_init_end__) || ((__non_init_end__ - __RAM_segment_start__) <= __RAM_segment_size__)), error: .non_init is too large to fit in RAM memory segment)
                0x00000000200008cc                __heap_load_start__ = ALIGN (__non_init_end__, 0x4)

.heap           0x00000000200008cc     0x2000
                0x00000000200008cc                __heap_start__ = .
 *(.heap .heap.*)
                0x00000000200028cc                . = ALIGN (MAX ((__heap_start__ + __HEAPSIZE__), .), 0x4)
 *fill*         0x00000000200008cc     0x2000 
                0x00000000200028cc                __heap_end__ = (__heap_start__ + SIZEOF (.heap))
                0x0000000000002000                __heap_size__ = SIZEOF (.heap)
                0x00000000200028cc                __heap_load_end__ = __heap_end__
                0x0000000000000001                . = ASSERT (((__heap_start__ == __heap_end__) || ((__heap_end__ - __RAM_segment_start__) <= __RAM_segment_size__)), error: .heap is too large to fit in RAM memory segment)
                0x000000002003e000                __stack_load_start__ = (__RAM_segment_start__ + (__RAM_segment_size__ - 0x2000))

.stack          0x000000002003e000     0x2000
                0x000000002003e000                __stack_start__ = .
                0x000000002003e000                __StackLimit = __stack_start__
 *(.stack .stack.*)
                0x0000000020040000                . = ALIGN (MAX ((__stack_start__ + __STACKSIZE__), .), 0x8)
 *fill*         0x000000002003e000     0x2000 
                0x0000000020040000                __stack_end__ = (__stack_start__ + SIZEOF (.stack))
                0x0000000000002000                __stack_size__ = SIZEOF (.stack)
                0x0000000020040000                __StackTop = __stack_end__
                0x0000000020040000                __stack_load_end__ = __stack_end__
                0x0000000000000001                . = ASSERT (((__stack_start__ == __stack_end__) || ((__stack_end__ - __RAM_segment_start__) <= __RAM_segment_size__)), error: .stack is too large to fit in RAM memory segment)
                0x0000000000000001                . = ASSERT ((__heap_end__ <= __stack_start__), error: section .heap overlaps absolute placed section .stack)
                0x0000000020040000                __stack_process_load_start__ = ALIGN (__stack_end__, 0x8)

.stack_process  0x0000000020040000        0x0
                0x0000000020040000                __stack_process_start__ = .
 *(.stack_process .stack_process.*)
                0x0000000020040000                . = ALIGN (MAX ((__stack_process_start__ + __STACKSIZE_PROCESS__), .), 0x8)
                0x0000000020040000                __stack_process_end__ = (__stack_process_start__ + SIZEOF (.stack_process))
                0x0000000000000000                __stack_process_size__ = SIZEOF (.stack_process)
                0x0000000020040000                __stack_process_load_end__ = __stack_process_end__
                0x0000000020040000                __RAM_segment_used_end__ = (ALIGN (__stack_end__, 0x8) + SIZEOF (.stack_process))
                0x0000000000040000                __RAM_segment_used_size__ = (__RAM_segment_used_end__ - __RAM_segment_start__)
                0x0000000000000001                . = ASSERT (((__stack_process_start__ == __stack_process_end__) || ((__stack_process_end__ - __RAM_segment_start__) <= __RAM_segment_size__)), error: .stack_process is too large to fit in RAM memory segment)
START GROUP
LOAD Output/Release/Obj/transmitter_pca10056/thumb_crt0.o
LOAD Output/Release/Obj/transmitter_pca10056/nrf_log_backend_rtt.o
LOAD Output/Release/Obj/transmitter_pca10056/nrf_log_backend_serial.o
LOAD Output/Release/Obj/transmitter_pca10056/nrf_log_backend_uart.o
LOAD Output/Release/Obj/transmitter_pca10056/nrf_log_default_backends.o
LOAD Output/Release/Obj/transmitter_pca10056/nrf_log_frontend.o
LOAD Output/Release/Obj/transmitter_pca10056/nrf_log_str_formatter.o
LOAD Output/Release/Obj/transmitter_pca10056/boards.o
LOAD Output/Release/Obj/transmitter_pca10056/app_button.o
LOAD Output/Release/Obj/transmitter_pca10056/app_error.o
LOAD Output/Release/Obj/transmitter_pca10056/app_error_handler_gcc.o
LOAD Output/Release/Obj/transmitter_pca10056/app_error_weak.o
LOAD Output/Release/Obj/transmitter_pca10056/app_fifo.o
LOAD Output/Release/Obj/transmitter_pca10056/app_scheduler.o
LOAD Output/Release/Obj/transmitter_pca10056/app_timer.o
LOAD Output/Release/Obj/transmitter_pca10056/app_uart_fifo.o
LOAD Output/Release/Obj/transmitter_pca10056/app_util_platform.o
LOAD Output/Release/Obj/transmitter_pca10056/nrf_assert.o
LOAD Output/Release/Obj/transmitter_pca10056/nrf_atomic.o
LOAD Output/Release/Obj/transmitter_pca10056/nrf_balloc.o
LOAD Output/Release/Obj/transmitter_pca10056/nrf_fprintf.o
LOAD Output/Release/Obj/transmitter_pca10056/nrf_fprintf_format.o
LOAD Output/Release/Obj/transmitter_pca10056/nrf_memobj.o
LOAD Output/Release/Obj/transmitter_pca10056/nrf_ringbuf.o
LOAD Output/Release/Obj/transmitter_pca10056/nrf_strerror.o
LOAD Output/Release/Obj/transmitter_pca10056/retarget.o
LOAD Output/Release/Obj/transmitter_pca10056/nrf_drv_uart.o
LOAD Output/Release/Obj/transmitter_pca10056/nrfx_atomic.o
LOAD Output/Release/Obj/transmitter_pca10056/nrfx_gpiote.o
LOAD Output/Release/Obj/transmitter_pca10056/nrfx_prs.o
LOAD Output/Release/Obj/transmitter_pca10056/nrfx_uart.o
LOAD Output/Release/Obj/transmitter_pca10056/nrfx_uarte.o
LOAD Output/Release/Obj/transmitter_pca10056/radio_config.o
LOAD Output/Release/Obj/transmitter_pca10056/bsp.o
LOAD Output/Release/Obj/transmitter_pca10056/main.o
LOAD Output/Release/Obj/transmitter_pca10056/SEGGER_RTT.o
LOAD Output/Release/Obj/transmitter_pca10056/SEGGER_RTT_Syscalls_SES.o
LOAD Output/Release/Obj/transmitter_pca10056/SEGGER_RTT_printf.o
LOAD Output/Release/Obj/transmitter_pca10056/ses_startup_nrf52840.o
LOAD Output/Release/Obj/transmitter_pca10056/ses_startup_nrf_common.o
LOAD Output/Release/Obj/transmitter_pca10056/system_nrf52840.o
LOAD D:/Program Files/SEGGER/SEGGER Embedded Studio for ARM 5.44/lib/libm_v7em_fpv4_sp_d16_hard_t_le_eabi.a
LOAD D:/Program Files/SEGGER/SEGGER Embedded Studio for ARM 5.44/lib/libc_v7em_fpv4_sp_d16_hard_t_le_eabi.a
LOAD D:/Program Files/SEGGER/SEGGER Embedded Studio for ARM 5.44/lib/libdebugio_v7em_fpv4_sp_d16_hard_t_le_eabi.a
END GROUP
OUTPUT(Output/Release/Exe/transmitter_pca10056.elf elf32-littlearm)
LOAD linker stubs

.ARM.attributes
                0x0000000000000000       0x30
 .ARM.attributes
                0x0000000000000000       0x20 Output/Release/Obj/transmitter_pca10056/thumb_crt0.o
 .ARM.attributes
                0x0000000000000020       0x39 Output/Release/Obj/transmitter_pca10056/nrf_log_backend_serial.o
 .ARM.attributes
                0x0000000000000059       0x39 Output/Release/Obj/transmitter_pca10056/nrf_log_backend_uart.o
 .ARM.attributes
                0x0000000000000092       0x39 Output/Release/Obj/transmitter_pca10056/nrf_log_default_backends.o
 .ARM.attributes
                0x00000000000000cb       0x39 Output/Release/Obj/transmitter_pca10056/nrf_log_frontend.o
 .ARM.attributes
                0x0000000000000104       0x39 Output/Release/Obj/transmitter_pca10056/nrf_log_str_formatter.o
 .ARM.attributes
                0x000000000000013d       0x39 Output/Release/Obj/transmitter_pca10056/boards.o
 .ARM.attributes
                0x0000000000000176       0x39 Output/Release/Obj/transmitter_pca10056/app_button.o
 .ARM.attributes
                0x00000000000001af       0x39 Output/Release/Obj/transmitter_pca10056/app_error.o
 .ARM.attributes
                0x00000000000001e8       0x39 Output/Release/Obj/transmitter_pca10056/app_error_weak.o
 .ARM.attributes
                0x0000000000000221       0x39 Output/Release/Obj/transmitter_pca10056/app_timer.o
 .ARM.attributes
                0x000000000000025a       0x39 Output/Release/Obj/transmitter_pca10056/app_util_platform.o
 .ARM.attributes
                0x0000000000000293       0x39 Output/Release/Obj/transmitter_pca10056/nrf_atomic.o
 .ARM.attributes
                0x00000000000002cc       0x39 Output/Release/Obj/transmitter_pca10056/nrf_balloc.o
 .ARM.attributes
                0x0000000000000305       0x39 Output/Release/Obj/transmitter_pca10056/nrf_fprintf.o
 .ARM.attributes
                0x000000000000033e       0x39 Output/Release/Obj/transmitter_pca10056/nrf_fprintf_format.o
 .ARM.attributes
                0x0000000000000377       0x39 Output/Release/Obj/transmitter_pca10056/nrf_memobj.o
 .ARM.attributes
                0x00000000000003b0       0x39 Output/Release/Obj/transmitter_pca10056/nrf_ringbuf.o
 .ARM.attributes
                0x00000000000003e9       0x39 Output/Release/Obj/transmitter_pca10056/nrf_drv_uart.o
 .ARM.attributes
                0x0000000000000422       0x39 Output/Release/Obj/transmitter_pca10056/nrfx_gpiote.o
 .ARM.attributes
                0x000000000000045b       0x39 Output/Release/Obj/transmitter_pca10056/nrfx_prs.o
 .ARM.attributes
                0x0000000000000494       0x39 Output/Release/Obj/transmitter_pca10056/nrfx_uart.o
 .ARM.attributes
                0x00000000000004cd       0x39 Output/Release/Obj/transmitter_pca10056/nrfx_uarte.o
 .ARM.attributes
                0x0000000000000506       0x39 Output/Release/Obj/transmitter_pca10056/radio_config.o
 .ARM.attributes
                0x000000000000053f       0x39 Output/Release/Obj/transmitter_pca10056/bsp.o
 .ARM.attributes
                0x0000000000000578       0x39 Output/Release/Obj/transmitter_pca10056/main.o
 .ARM.attributes
                0x00000000000005b1       0x20 Output/Release/Obj/transmitter_pca10056/ses_startup_nrf52840.o
 .ARM.attributes
                0x00000000000005d1       0x20 Output/Release/Obj/transmitter_pca10056/ses_startup_nrf_common.o
 .ARM.attributes
                0x00000000000005f1       0x39 Output/Release/Obj/transmitter_pca10056/system_nrf52840.o
 .ARM.attributes
                0x000000000000062a       0x20 D:/Program Files/SEGGER/SEGGER Embedded Studio for ARM 5.44/lib/libc_v7em_fpv4_sp_d16_hard_t_le_eabi.a(libc_asm.o)
 .ARM.attributes
                0x000000000000064a       0x34 D:/Program Files/SEGGER/SEGGER Embedded Studio for ARM 5.44/lib/libc_v7em_fpv4_sp_d16_hard_t_le_eabi.a(libc2.o)
 .ARM.attributes
                0x000000000000067e       0x20 D:/Program Files/SEGGER/SEGGER Embedded Studio for ARM 5.44/lib/libc_v7em_fpv4_sp_d16_hard_t_le_eabi.a(libc2_asm.o)

.comment        0x0000000000000000       0x25
 .comment       0x0000000000000000       0x25 Output/Release/Obj/transmitter_pca10056/nrf_log_backend_serial.o
                                         0x26 (size before relaxing)
 .comment       0x0000000000000025       0x26 Output/Release/Obj/transmitter_pca10056/nrf_log_backend_uart.o
 .comment       0x0000000000000025       0x26 Output/Release/Obj/transmitter_pca10056/nrf_log_default_backends.o
 .comment       0x0000000000000025       0x26 Output/Release/Obj/transmitter_pca10056/nrf_log_frontend.o
 .comment       0x0000000000000025       0x26 Output/Release/Obj/transmitter_pca10056/nrf_log_str_formatter.o
 .comment       0x0000000000000025       0x26 Output/Release/Obj/transmitter_pca10056/boards.o
 .comment       0x0000000000000025       0x26 Output/Release/Obj/transmitter_pca10056/app_button.o
 .comment       0x0000000000000025       0x26 Output/Release/Obj/transmitter_pca10056/app_error.o
 .comment       0x0000000000000025       0x26 Output/Release/Obj/transmitter_pca10056/app_error_weak.o
 .comment       0x0000000000000025       0x26 Output/Release/Obj/transmitter_pca10056/app_timer.o
 .comment       0x0000000000000025       0x26 Output/Release/Obj/transmitter_pca10056/app_util_platform.o
 .comment       0x0000000000000025       0x26 Output/Release/Obj/transmitter_pca10056/nrf_atomic.o
 .comment       0x0000000000000025       0x26 Output/Release/Obj/transmitter_pca10056/nrf_balloc.o
 .comment       0x0000000000000025       0x26 Output/Release/Obj/transmitter_pca10056/nrf_fprintf.o
 .comment       0x0000000000000025       0x26 Output/Release/Obj/transmitter_pca10056/nrf_fprintf_format.o
 .comment       0x0000000000000025       0x26 Output/Release/Obj/transmitter_pca10056/nrf_memobj.o
 .comment       0x0000000000000025       0x26 Output/Release/Obj/transmitter_pca10056/nrf_ringbuf.o
 .comment       0x0000000000000025       0x26 Output/Release/Obj/transmitter_pca10056/nrf_drv_uart.o
 .comment       0x0000000000000025       0x26 Output/Release/Obj/transmitter_pca10056/nrfx_gpiote.o
 .comment       0x0000000000000025       0x26 Output/Release/Obj/transmitter_pca10056/nrfx_prs.o
 .comment       0x0000000000000025       0x26 Output/Release/Obj/transmitter_pca10056/nrfx_uart.o
 .comment       0x0000000000000025       0x26 Output/Release/Obj/transmitter_pca10056/nrfx_uarte.o
 .comment       0x0000000000000025       0x26 Output/Release/Obj/transmitter_pca10056/radio_config.o
 .comment       0x0000000000000025       0x26 Output/Release/Obj/transmitter_pca10056/bsp.o
 .comment       0x0000000000000025       0x26 Output/Release/Obj/transmitter_pca10056/main.o
 .comment       0x0000000000000025       0x26 Output/Release/Obj/transmitter_pca10056/system_nrf52840.o
 .comment       0x0000000000000025       0x26 D:/Program Files/SEGGER/SEGGER Embedded Studio for ARM 5.44/lib/libc_v7em_fpv4_sp_d16_hard_t_le_eabi.a(libc2.o)

.debug_line     0x0000000000000000    0x1102a
 .debug_line    0x0000000000000000      0x21e Output/Release/Obj/transmitter_pca10056/thumb_crt0.o
 .debug_line    0x000000000000021e      0x6e3 Output/Release/Obj/transmitter_pca10056/nrf_log_backend_serial.o
 .debug_line    0x0000000000000901      0x9a2 Output/Release/Obj/transmitter_pca10056/nrf_log_backend_uart.o
 .debug_line    0x00000000000012a3      0x5d8 Output/Release/Obj/transmitter_pca10056/nrf_log_default_backends.o
 .debug_line    0x000000000000187b     0x12ed Output/Release/Obj/transmitter_pca10056/nrf_log_frontend.o
 .debug_line    0x0000000000002b68      0x7ea Output/Release/Obj/transmitter_pca10056/nrf_log_str_formatter.o
 .debug_line    0x0000000000003352      0xb2b Output/Release/Obj/transmitter_pca10056/boards.o
 .debug_line    0x0000000000003e7d      0x985 Output/Release/Obj/transmitter_pca10056/app_button.o
 .debug_line    0x0000000000004802      0x3c0 Output/Release/Obj/transmitter_pca10056/app_error.o
 .debug_line    0x0000000000004bc2      0x712 Output/Release/Obj/transmitter_pca10056/app_error_weak.o
 .debug_line    0x00000000000052d4     0x11bf Output/Release/Obj/transmitter_pca10056/app_timer.o
 .debug_line    0x0000000000006493      0x43e Output/Release/Obj/transmitter_pca10056/app_util_platform.o
 .debug_line    0x00000000000068d1      0x6a9 Output/Release/Obj/transmitter_pca10056/nrf_atomic.o
 .debug_line    0x0000000000006f7a      0x6c6 Output/Release/Obj/transmitter_pca10056/nrf_balloc.o
 .debug_line    0x0000000000007640      0x3e5 Output/Release/Obj/transmitter_pca10056/nrf_fprintf.o
 .debug_line    0x0000000000007a25      0x84f Output/Release/Obj/transmitter_pca10056/nrf_fprintf_format.o
 .debug_line    0x0000000000008274      0x81c Output/Release/Obj/transmitter_pca10056/nrf_memobj.o
 .debug_line    0x0000000000008a90      0x783 Output/Release/Obj/transmitter_pca10056/nrf_ringbuf.o
 .debug_line    0x0000000000009213      0x6a5 Output/Release/Obj/transmitter_pca10056/nrf_drv_uart.o
 .debug_line    0x00000000000098b8     0x1c0e Output/Release/Obj/transmitter_pca10056/nrfx_gpiote.o
 .debug_line    0x000000000000b4c6      0x75b Output/Release/Obj/transmitter_pca10056/nrfx_prs.o
 .debug_line    0x000000000000bc21     0x176d Output/Release/Obj/transmitter_pca10056/nrfx_uart.o
 .debug_line    0x000000000000d38e     0x15a2 Output/Release/Obj/transmitter_pca10056/nrfx_uarte.o
 .debug_line    0x000000000000e930      0x6fa Output/Release/Obj/transmitter_pca10056/radio_config.o
 .debug_line    0x000000000000f02a      0xd44 Output/Release/Obj/transmitter_pca10056/bsp.o
 .debug_line    0x000000000000fd6e      0xc73 Output/Release/Obj/transmitter_pca10056/main.o
 .debug_line    0x00000000000109e1       0x90 Output/Release/Obj/transmitter_pca10056/ses_startup_nrf52840.o
 .debug_line    0x0000000000010a71       0xb1 Output/Release/Obj/transmitter_pca10056/ses_startup_nrf_common.o
 .debug_line    0x0000000000010b22      0x508 Output/Release/Obj/transmitter_pca10056/system_nrf52840.o

.debug_info     0x0000000000000000    0x197e4
 .debug_info    0x0000000000000000       0x22 Output/Release/Obj/transmitter_pca10056/thumb_crt0.o
 .debug_info    0x0000000000000022      0x77b Output/Release/Obj/transmitter_pca10056/nrf_log_backend_serial.o
 .debug_info    0x000000000000079d     0x1161 Output/Release/Obj/transmitter_pca10056/nrf_log_backend_uart.o
 .debug_info    0x00000000000018fe      0x2df Output/Release/Obj/transmitter_pca10056/nrf_log_default_backends.o
 .debug_info    0x0000000000001bdd     0x2382 Output/Release/Obj/transmitter_pca10056/nrf_log_frontend.o
 .debug_info    0x0000000000003f5f      0x7a5 Output/Release/Obj/transmitter_pca10056/nrf_log_str_formatter.o
 .debug_info    0x0000000000004704      0xcf8 Output/Release/Obj/transmitter_pca10056/boards.o
 .debug_info    0x00000000000053fc      0x6da Output/Release/Obj/transmitter_pca10056/app_button.o
 .debug_info    0x0000000000005ad6      0x2b0 Output/Release/Obj/transmitter_pca10056/app_error.o
 .debug_info    0x0000000000005d86      0x4c1 Output/Release/Obj/transmitter_pca10056/app_error_weak.o
 .debug_info    0x0000000000006247     0x1c4f Output/Release/Obj/transmitter_pca10056/app_timer.o
 .debug_info    0x0000000000007e96      0x7a1 Output/Release/Obj/transmitter_pca10056/app_util_platform.o
 .debug_info    0x0000000000008637      0x933 Output/Release/Obj/transmitter_pca10056/nrf_atomic.o
 .debug_info    0x0000000000008f6a      0x3a6 Output/Release/Obj/transmitter_pca10056/nrf_balloc.o
 .debug_info    0x0000000000009310      0x233 Output/Release/Obj/transmitter_pca10056/nrf_fprintf.o
 .debug_info    0x0000000000009543      0x724 Output/Release/Obj/transmitter_pca10056/nrf_fprintf_format.o
 .debug_info    0x0000000000009c67      0x8bb Output/Release/Obj/transmitter_pca10056/nrf_memobj.o
 .debug_info    0x000000000000a522      0x622 Output/Release/Obj/transmitter_pca10056/nrf_ringbuf.o
 .debug_info    0x000000000000ab44     0x11c7 Output/Release/Obj/transmitter_pca10056/nrf_drv_uart.o
 .debug_info    0x000000000000bd0b     0x3436 Output/Release/Obj/transmitter_pca10056/nrfx_gpiote.o
 .debug_info    0x000000000000f141      0x7c9 Output/Release/Obj/transmitter_pca10056/nrfx_prs.o
 .debug_info    0x000000000000f90a     0x3083 Output/Release/Obj/transmitter_pca10056/nrfx_uart.o
 .debug_info    0x000000000001298d     0x2fc8 Output/Release/Obj/transmitter_pca10056/nrfx_uarte.o
 .debug_info    0x0000000000015955      0x8e6 Output/Release/Obj/transmitter_pca10056/radio_config.o
 .debug_info    0x000000000001623b     0x1170 Output/Release/Obj/transmitter_pca10056/bsp.o
 .debug_info    0x00000000000173ab      0xf66 Output/Release/Obj/transmitter_pca10056/main.o
 .debug_info    0x0000000000018311       0x23 Output/Release/Obj/transmitter_pca10056/ses_startup_nrf52840.o
 .debug_info    0x0000000000018334       0x23 Output/Release/Obj/transmitter_pca10056/ses_startup_nrf_common.o
 .debug_info    0x0000000000018357     0x148d Output/Release/Obj/transmitter_pca10056/system_nrf52840.o

.debug_abbrev   0x0000000000000000     0x48b5
 .debug_abbrev  0x0000000000000000       0x12 Output/Release/Obj/transmitter_pca10056/thumb_crt0.o
 .debug_abbrev  0x0000000000000012      0x214 Output/Release/Obj/transmitter_pca10056/nrf_log_backend_serial.o
 .debug_abbrev  0x0000000000000226      0x356 Output/Release/Obj/transmitter_pca10056/nrf_log_backend_uart.o
 .debug_abbrev  0x000000000000057c      0x193 Output/Release/Obj/transmitter_pca10056/nrf_log_default_backends.o
 .debug_abbrev  0x000000000000070f      0x5e7 Output/Release/Obj/transmitter_pca10056/nrf_log_frontend.o
 .debug_abbrev  0x0000000000000cf6      0x1f2 Output/Release/Obj/transmitter_pca10056/nrf_log_str_formatter.o
 .debug_abbrev  0x0000000000000ee8      0x313 Output/Release/Obj/transmitter_pca10056/boards.o
 .debug_abbrev  0x00000000000011fb      0x215 Output/Release/Obj/transmitter_pca10056/app_button.o
 .debug_abbrev  0x0000000000001410      0x13e Output/Release/Obj/transmitter_pca10056/app_error.o
 .debug_abbrev  0x000000000000154e      0x207 Output/Release/Obj/transmitter_pca10056/app_error_weak.o
 .debug_abbrev  0x0000000000001755      0x529 Output/Release/Obj/transmitter_pca10056/app_timer.o
 .debug_abbrev  0x0000000000001c7e      0x22d Output/Release/Obj/transmitter_pca10056/app_util_platform.o
 .debug_abbrev  0x0000000000001eab      0x199 Output/Release/Obj/transmitter_pca10056/nrf_atomic.o
 .debug_abbrev  0x0000000000002044      0x1fc Output/Release/Obj/transmitter_pca10056/nrf_balloc.o
 .debug_abbrev  0x0000000000002240      0x146 Output/Release/Obj/transmitter_pca10056/nrf_fprintf.o
 .debug_abbrev  0x0000000000002386      0x2b1 Output/Release/Obj/transmitter_pca10056/nrf_fprintf_format.o