Archive member included to satisfy reference by file (symbol)

D:/Program Files/SEGGER/SEGGER Embedded Studio for ARM 5.60/lib/libc_v7em_t_le_eabi.a(libc2.o)
                              Output/Release/Obj/secure_bootloader_ble_s112_pca10040e_debug/nrf_log_str_formatter.o (isprint)
D:/Program Files/SEGGER/SEGGER Embedded Studio for ARM 5.60/lib/libc_v7em_t_le_eabi.a(libc2_asm.o)
                              Output/Release/Obj/secure_bootloader_ble_s112_pca10040e_debug/nrf_log_frontend.o (memcpy)
D:/Program Files/SEGGER/SEGGER Embedded Studio for ARM 5.60/lib/libc_v7em_t_le_eabi.a(libvfprintf.o)
                              (__vfprintf_long)
D:/Program Files/SEGGER/SEGGER Embedded Studio for ARM 5.60/lib/libc_v7em_t_le_eabi.a(libvfscanf.o)
                              (__vfscanf_long)
D:/Program Files/SEGGER/SEGGER Embedded Studio for ARM 5.60/lib/libc_v7em_t_le_eabi.a(libc.o)
                              D:/Program Files/SEGGER/SEGGER Embedded Studio for ARM 5.60/lib/libc_v7em_t_le_eabi.a(libc2.o) (__heap_lock)
D:/Program Files/SEGGER/SEGGER Embedded Studio for ARM 5.60/lib/libc_v7em_t_le_eabi.a(libc_asm.o)
                              D:/Program Files/SEGGER/SEGGER Embedded Studio for ARM 5.60/lib/libc_v7em_t_le_eabi.a(libc2.o) (__aeabi_uldivmod)
D:/Program Files/SEGGER/SEGGER Embedded Studio for ARM 5.60/lib/libdebugio_v7em_t_le_eabi.a(libdebugio.o)
                              Output/Release/Obj/secure_bootloader_ble_s112_pca10040e_debug/thumb_crt0.o (debug_fopen)
D:/Program Files/SEGGER/SEGGER Embedded Studio for ARM 5.60/lib/libdebugio_v7em_t_le_eabi.a(do_nv_debug_operation.o)
                              D:/Program Files/SEGGER/SEGGER Embedded Studio for ARM 5.60/lib/libdebugio_v7em_t_le_eabi.a(libdebugio.o) (__do_nvdebug_operation)
D:/Program Files/SEGGER/SEGGER Embedded Studio for ARM 5.60/lib/libdebugio_v7em_t_le_eabi.a(mempoll_debug_operations.o)
                              (__do_debug_operation_mempoll)
