Archive member included to satisfy reference by file (symbol)

c:/program files (x86)/gnu arm embedded toolchain/9 2020-q2-update/bin/../lib/gcc/arm-none-eabi/9.3.1/../../../../arm-none-eabi/lib/thumb/v7e-m+fp/hard\libc_nano.a(lib_a-exit.o)
                              c:/program files (x86)/gnu arm embedded toolchain/9 2020-q2-update/bin/../lib/gcc/arm-none-eabi/9.3.1/../../../../arm-none-eabi/lib/thumb/v7e-m+fp/hard/crt0.o (exit)
c:/program files (x86)/gnu arm embedded toolchain/9 2020-q2-update/bin/../lib/gcc/arm-none-eabi/9.3.1/../../../../arm-none-eabi/lib/thumb/v7e-m+fp/hard\libc_nano.a(lib_a-impure.o)
                              c:/program files (x86)/gnu arm embedded toolchain/9 2020-q2-update/bin/../lib/gcc/arm-none-eabi/9.3.1/../../../../arm-none-eabi/lib/thumb/v7e-m+fp/hard\libc_nano.a(lib_a-exit.o) (_global_impure_ptr)
c:/program files (x86)/gnu arm embedded toolchain/9 2020-q2-update/bin/../lib/gcc/arm-none-eabi/9.3.1/../../../../arm-none-eabi/lib/thumb/v7e-m+fp/hard\libc_nano.a(lib_a-init.o)
                              c:/program files (x86)/gnu arm embedded toolchain/9 2020-q2-update/bin/../lib/gcc/arm-none-eabi/9.3.1/../../../../arm-none-eabi/lib/thumb/v7e-m+fp/hard/crt0.o (__libc_init_array)
c:/program files (x86)/gnu arm embedded toolchain/9 2020-q2-update/bin/../lib/gcc/arm-none-eabi/9.3.1/../../../../arm-none-eabi/lib/thumb/v7e-m+fp/hard\libc_nano.a(lib_a-memcpy-stub.o)
                              _build/nrf52832_xxaa/nrf_memobj.c.o (memcpy)
c:/program files (x86)/gnu arm embedded toolchain/9 2020-q2-update/bin/../lib/gcc/arm-none-eabi/9.3.1/../../../../arm-none-eabi/lib/thumb/v7e-m+fp/hard\libc_nano.a(lib_a-memset.o)
                              c:/program files (x86)/gnu arm embedded toolchain/9 2020-q2-update/bin/../lib/gcc/arm-none-eabi/9.3.1/../../../../arm-none-eabi/lib/thumb/v7e-m+fp/hard/crt0.o (memset)
c:/program files (x86)/gnu arm embedded toolchain/9 2020-q2-update/bin/../lib/gcc/arm-none-eabi/9.3.1/../../../../arm-none-eabi/lib/thumb/v7e-m+fp/hard\libc_nano.a(lib_a-printf.o)
                              _build/nrf52832_xxaa/main.c.o (printf)
c:/program files (x86)/gnu arm embedded toolchain/9 2020-q2-update/bin/../lib/gcc/arm-none-eabi/9.3.1/../../../../arm-none-eabi/lib/thumb/v7e-m+fp/hard\libc_nano.a(lib_a-strlen.o)
                              _build/nrf52832_xxaa/nrf_fprintf_format.c.o (strlen)
c:/program files (x86)/gnu arm embedded toolchain/9 2020-q2-update/bin/../lib/gcc/arm-none-eabi/9.3.1/../../../../arm-none-eabi/lib/thumb/v7e-m+fp/hard\libc_nano.a(lib_a-findfp.o)
                              c:/program files (x86)/gnu arm embedded toolchain/9 2020-q2-update/bin/../lib/gcc/arm-none-eabi/9.3.1/../../../../arm-none-eabi/lib/thumb/v7e-m+fp/hard\libc_nano.a(lib_a-printf.o) (__sinit)
c:/program files (x86)/gnu arm embedded toolchain/9 2020-q2-update/bin/../lib/gcc/arm-none-eabi/9.3.1/../../../../arm-none-eabi/lib/thumb/v7e-m+fp/hard\libc_nano.a(lib_a-fwalk.o)
                              c:/program files (x86)/gnu arm embedded toolchain/9 2020-q2-update/bin/../lib/gcc/arm-none-eabi/9.3.1/../../../../arm-none-eabi/lib/thumb/v7e-m+fp/hard\libc_nano.a(lib_a-findfp.o) (_fwalk)
c:/program files (x86)/gnu arm embedded toolchain/9 2020-q2-update/bin/../lib/gcc/arm-none-eabi/9.3.1/../../../../arm-none-eabi/lib/thumb/v7e-m+fp/hard\libc_nano.a(lib_a-lock.o)
                              c:/program files (x86)/gnu arm embedded toolchain/9 2020-q2-update/bin/../lib/gcc/arm-none-eabi/9.3.1/../../../../arm-none-eabi/lib/thumb/v7e-m+fp/hard\libc_nano.a(lib_a-findfp.o) (__retarget_lock_init_recursive)
c:/program files (x86)/gnu arm embedded toolchain/9 2020-q2-update/bin/../lib/gcc/arm-none-eabi/9.3.1/../../../../arm-none-eabi/lib/thumb/v7e-m+fp/hard\libc_nano.a(lib_a-nano-mallocr.o)
                              c:/program files (x86)/gnu arm embedded toolchain/9 2020-q2-update/bin/../lib/gcc/arm-none-eabi/9.3.1/../../../../arm-none-eabi/lib/thumb/v7e-m+fp/hard\libc_nano.a(lib_a-findfp.o) (_malloc_r)
c:/program files (x86)/gnu arm embedded toolchain/9 2020-q2-update/bin/../lib/gcc/arm-none-eabi/9.3.1/../../../../arm-none-eabi/lib/thumb/v7e-m+fp/hard\libc_nano.a(lib_a-nano-vfprintf.o)
                              c:/program files (x86)/gnu arm embedded toolchain/9 2020-q2-update/bin/../lib/gcc/arm-none-eabi/9.3.1/../../../../arm-none-eabi/lib/thumb/v7e-m+fp/hard\libc_nano.a(lib_a-printf.o) (_vfprintf_r)
c:/program files (x86)/gnu arm embedded toolchain/9 2020-q2-update/bin/../lib/gcc/arm-none-eabi/9.3.1/../../../../arm-none-eabi/lib/thumb/v7e-m+fp/hard\libc_nano.a(lib_a-nano-vfprintf_i.o)
                              c:/program files (x86)/gnu arm embedded toolchain/9 2020-q2-update/bin/../lib/gcc/arm-none-eabi/9.3.1/../../../../arm-none-eabi/lib/thumb/v7e-m+fp/hard\libc_nano.a(lib_a-nano-vfprintf.o) (_printf_i)
[...]
Memory Configuration

Name             Origin             Length             Attributes
FLASH            0x00000000         0x00080000         xr
RAM              0x20000000         0x00010000         xrw
*default*        0x00000000         0xffffffff

Linker script and memory map


.text           0x00000000     0x2884
 *(.isr_vector)
 .isr_vector    0x00000000      0x200 _build/nrf52832_xxaa/gcc_startup_nrf52.S.o
                0x00000000                __isr_vector
 *(.text*)
 .text          0x00000200       0x40 c:/program files (x86)/gnu arm embedded toolchain/9 2020-q2-update/bin/../lib/gcc/arm-none-eabi/9.3.1/thumb/v7e-m+fp/hard/crtbegin.o
 .text          0x00000240       0x7c c:/program files (x86)/gnu arm embedded toolchain/9 2020-q2-update/bin/../lib/gcc/arm-none-eabi/9.3.1/../../../../arm-none-eabi/lib/thumb/v7e-m+fp/hard/crt0.o
                0x00000240                _stack_init
                0x00000248                _start
                0x00000248                _mainCRTStartup
 .text          0x000002bc       0x3c _build/nrf52832_xxaa/gcc_startup_nrf52.S.o
                0x000002bc                Reset_Handler
                0x000002e4                NMI_Handler
                0x000002e6                HardFault_Handler
                0x000002e8                MemoryManagement_Handler
                0x000002ea                BusFault_Handler
                0x000002ec                UsageFault_Handler
                0x000002ee                SVC_Handler
                0x000002f0                DebugMon_Handler
                0x000002f2                PendSV_Handler
                0x000002f4                SysTick_Handler
                0x000002f6                SWI0_EGU0_IRQHandler
                0x000002f6                POWER_CLOCK_IRQHandler
                0x000002f6                RADIO_IRQHandler
                0x000002f6                PWM1_IRQHandler
                0x000002f6                TEMP_IRQHandler
                0x000002f6                QDEC_IRQHandler
                0x000002f6                TIMER3_IRQHandler
                0x000002f6                FPU_IRQHandler
                0x000002f6                SPIM0_SPIS0_TWIM0_TWIS0_SPI0_TWI0_IRQHandler
                0x000002f6                PDM_IRQHandler
                0x000002f6                TIMER4_IRQHandler
                0x000002f6                I2S_IRQHandler
                0x000002f6                RTC0_IRQHandler
                0x000002f6                TIMER0_IRQHandler
                0x000002f6                SWI2_EGU2_IRQHandler
                0x000002f6                TIMER1_IRQHandler
                0x000002f6                PWM2_IRQHandler
                0x000002f6                ECB_IRQHandler
                0x000002f6                SPIM1_SPIS1_TWIM1_TWIS1_SPI1_TWI1_IRQHandler
                0x000002f6                Default_Handler
                0x000002f6                SAADC_IRQHandler
                0x000002f6                CCM_AAR_IRQHandler
                0x000002f6                WDT_IRQHandler
                0x000002f6                GPIOTE_IRQHandler
                0x000002f6                SWI5_EGU5_IRQHandler
                0x000002f6                RNG_IRQHandler
                0x000002f6                RTC2_IRQHandler
                0x000002f6                PWM0_IRQHandler
                0x000002f6                SWI3_EGU3_IRQHandler
                0x000002f6                RTC1_IRQHandler
                0x000002f6                SWI1_EGU1_IRQHandler
                0x000002f6                SPIM2_SPIS2_SPI2_IRQHandler
                0x000002f6                NFCT_IRQHandler
                0x000002f6                SWI4_EGU4_IRQHandler
                0x000002f6                MWU_IRQHandler
                0x000002f6                TIMER2_IRQHandler
                0x000002f6                COMP_LPCOMP_IRQHandler
 .text.bsp_board_init
                0x000002f8       0x5c _build/nrf52832_xxaa/boards.c.o
                0x000002f8                bsp_board_init
 .text.app_error_handler_bare
                0x00000354       0x20 _build/nrf52832_xxaa/app_error.c.o
                0x00000354                app_error_handler_bare
 .text.app_error_fault_handler
                0x00000374       0x34 _build/nrf52832_xxaa/app_error_weak.c.o
                0x00000374                app_error_fault_handler
 .text.app_fifo_init
                0x000003a8       0x20 _build/nrf52832_xxaa/app_fifo.c.o
                0x000003a8                app_fifo_init
 .text.app_fifo_put
                0x000003c8       0x30 _build/nrf52832_xxaa/app_fifo.c.o
                0x000003c8                app_fifo_put
 .text.app_fifo_get
                0x000003f8       0x2c _build/nrf52832_xxaa/app_fifo.c.o
                0x000003f8                app_fifo_get
 .text.uart_event_handler
                0x00000424      0x114 _build/nrf52832_xxaa/app_uart_fifo.c.o
 .text.app_uart_init
                0x00000538       0xf8 _build/nrf52832_xxaa/app_uart_fifo.c.o
                0x00000538                app_uart_init
 .text.app_uart_get
                0x00000630       0x5c _build/nrf52832_xxaa/app_uart_fifo.c.o
                0x00000630                app_uart_get
 .text.app_uart_put
                0x0000068c       0x74 _build/nrf52832_xxaa/app_uart_fifo.c.o
                0x0000068c                app_uart_put
 .text.app_util_critical_region_enter
                0x00000700       0x10 _build/nrf52832_xxaa/app_util_platform.c.o
                0x00000700                app_util_critical_region_enter
 .text.app_util_critical_region_exit
                0x00000710       0x14 _build/nrf52832_xxaa/app_util_platform.c.o
                0x00000710                app_util_critical_region_exit
 .text._write   0x00000724       0x1c _build/nrf52832_xxaa/retarget.c.o
                0x00000724                _write
 .text._read    0x00000740       0x14 _build/nrf52832_xxaa/retarget.c.o
                0x00000740                _read
 .text.uarte_evt_handler
                0x00000754       0x34 _build/nrf52832_xxaa/nrf_drv_uart.c.o
 .text.uart_evt_handler
                0x00000788       0x34 _build/nrf52832_xxaa/nrf_drv_uart.c.o
 .text.nrf_drv_uart_init
                0x000007bc       0x80 _build/nrf52832_xxaa/nrf_drv_uart.c.o
                0x000007bc                nrf_drv_uart_init
 .text.UARTE0_UART0_IRQHandler
                0x0000083c        0xc _build/nrf52832_xxaa/nrfx_prs.c.o
                0x0000083c                UARTE0_UART0_IRQHandler
 .text.nrfx_prs_acquire
                0x00000848       0x3c _build/nrf52832_xxaa/nrfx_prs.c.o
                0x00000848                nrfx_prs_acquire
 .text.nrfx_uart_0_irq_handler
                0x00000884      0x1c0 _build/nrf52832_xxaa/nrfx_uart.c.o
                0x00000884                nrfx_uart_0_irq_handler
 .text.nrfx_uart_init
                0x00000a44      0x19c _build/nrf52832_xxaa/nrfx_uart.c.o
                0x00000a44                nrfx_uart_init
 .text.nrfx_uart_tx
                0x00000be0       0xd0 _build/nrf52832_xxaa/nrfx_uart.c.o
                0x00000be0                nrfx_uart_tx
 .text.nrfx_uart_tx_in_progress
                0x00000cb0       0x18 _build/nrf52832_xxaa/nrfx_uart.c.o
                0x00000cb0                nrfx_uart_tx_in_progress
 .text.nrfx_uart_rx
                0x00000cc8      0x148 _build/nrf52832_xxaa/nrfx_uart.c.o
                0x00000cc8                nrfx_uart_rx
 .text.nrfx_uarte_0_irq_handler
                0x00000e10      0x12c _build/nrf52832_xxaa/nrfx_uarte.c.o
                0x00000e10                nrfx_uarte_0_irq_handler
 .text.nrfx_uarte_init
                0x00000f3c      0x1c4 _build/nrf52832_xxaa/nrfx_uarte.c.o
                0x00000f3c                nrfx_uarte_init
 .text.nrfx_uarte_tx
                0x00001100       0xa8 _build/nrf52832_xxaa/nrfx_uarte.c.o
                0x00001100                nrfx_uarte_tx
 .text.nrfx_uarte_tx_in_progress
                0x000011a8       0x1c _build/nrf52832_xxaa/nrfx_uarte.c.o
                0x000011a8                nrfx_uarte_tx_in_progress
 .text.nrfx_uarte_rx
                0x000011c4      0x130 _build/nrf52832_xxaa/nrfx_uarte.c.o
                0x000011c4                nrfx_uarte_rx
 .text.uart_error_handle
                0x000012f4       0x14 _build/nrf52832_xxaa/main.c.o
                0x000012f4                uart_error_handle
 .text.startup.main
                0x00001308       0x88 _build/nrf52832_xxaa/main.c.o
                0x00001308                main
 .text.SystemInit
                0x00001390      0x3b4 _build/nrf52832_xxaa/system_nrf52.c.o
                0x00001390                SystemInit
 .text.exit     0x00001744       0x28 c:/program files (x86)/gnu arm embedded toolchain/9 2020-q2-update/bin/../lib/gcc/arm-none-eabi/9.3.1/../../../../arm-none-eabi/lib/thumb/v7e-m+fp/hard\libc_nano.a(lib_a-exit.o)
                0x00001744                exit
 .text.__libc_init_array
                0x0000176c       0x48 c:/program files (x86)/gnu arm embedded toolchain/9 2020-q2-update/bin/../lib/gcc/arm-none-eabi/9.3.1/../../../../arm-none-eabi/lib/thumb/v7e-m+fp/hard\libc_nano.a(lib_a-init.o)
                0x0000176c                __libc_init_array
 .text.memset   0x000017b4       0x10 c:/program files (x86)/gnu arm embedded toolchain/9 2020-q2-update/bin/../lib/gcc/arm-none-eabi/9.3.1/../../../../arm-none-eabi/lib/thumb/v7e-m+fp/hard\libc_nano.a(lib_a-memset.o)
                0x000017b4                memset
 .text.printf   0x000017c4       0x30 c:/program files (x86)/gnu arm embedded toolchain/9 2020-q2-update/bin/../lib/gcc/arm-none-eabi/9.3.1/../../../../arm-none-eabi/lib/thumb/v7e-m+fp/hard\libc_nano.a(lib_a-printf.o)
                0x000017c4                iprintf
                0x000017c4                printf
 .text.std      0x000017f4       0x48 c:/program files (x86)/gnu arm embedded toolchain/9 2020-q2-update/bin/../lib/gcc/arm-none-eabi/9.3.1/../../../../arm-none-eabi/lib/thumb/v7e-m+fp/hard\libc_nano.a(lib_a-findfp.o)
 .text._cleanup_r
                0x0000183c        0xc c:/program files (x86)/gnu arm embedded toolchain/9 2020-q2-update/bin/../lib/gcc/arm-none-eabi/9.3.1/../../../../arm-none-eabi/lib/thumb/v7e-m+fp/hard\libc_nano.a(lib_a-findfp.o)
                0x0000183c                _cleanup_r
 .text.__sfmoreglue
                0x00001848       0x2c c:/program files (x86)/gnu arm embedded toolchain/9 2020-q2-update/bin/../lib/gcc/arm-none-eabi/9.3.1/../../../../arm-none-eabi/lib/thumb/v7e-m+fp/hard\libc_nano.a(lib_a-findfp.o)
                0x00001848                __sfmoreglue
 .text.__sfp_lock_acquire
                0x00001874        0xc c:/program files (x86)/gnu arm embedded toolchain/9 2020-q2-update/bin/../lib/gcc/arm-none-eabi/9.3.1/../../../../arm-none-eabi/lib/thumb/v7e-m+fp/hard\libc_nano.a(lib_a-findfp.o)
                0x00001874                __sfp_lock_acquire
 .text.__sfp_lock_release
                0x00001880        0xc c:/program files (x86)/gnu arm embedded toolchain/9 2020-q2-update/bin/../lib/gcc/arm-none-eabi/9.3.1/../../../../arm-none-eabi/lib/thumb/v7e-m+fp/hard\libc_nano.a(lib_a-findfp.o)
                0x00001880                __sfp_lock_release
 .text.__sinit_lock_acquire
                0x0000188c        0xc c:/program files (x86)/gnu arm embedded toolchain/9 2020-q2-update/bin/../lib/gcc/arm-none-eabi/9.3.1/../../../../arm-none-eabi/lib/thumb/v7e-m+fp/hard\libc_nano.a(lib_a-findfp.o)
                0x0000188c                __sinit_lock_acquire
 .text.__sinit_lock_release
                0x00001898        0xc c:/program files (x86)/gnu arm embedded toolchain/9 2020-q2-update/bin/../lib/gcc/arm-none-eabi/9.3.1/../../../../arm-none-eabi/lib/thumb/v7e-m+fp/hard\libc_nano.a(lib_a-findfp.o)
                0x00001898                __sinit_lock_release
 .text.__sinit  0x000018a4       0x70 c:/program files (x86)/gnu arm embedded toolchain/9 2020-q2-update/bin/../lib/gcc/arm-none-eabi/9.3.1/../../../../arm-none-eabi/lib/thumb/v7e-m+fp/hard\libc_nano.a(lib_a-findfp.o)
                0x000018a4                __sinit
 .text.__sfp    0x00001914       0x8c c:/program files (x86)/gnu arm embedded toolchain/9 2020-q2-update/bin/../lib/gcc/arm-none-eabi/9.3.1/../../../../arm-none-eabi/lib/thumb/v7e-m+fp/hard\libc_nano.a(lib_a-findfp.o)
                0x00001914                __sfp
 .text._fwalk_reent
                0x000019a0       0x3e c:/program files (x86)/gnu arm embedded toolchain/9 2020-q2-update/bin/../lib/gcc/arm-none-eabi/9.3.1/../../../../arm-none-eabi/lib/thumb/v7e-m+fp/hard\libc_nano.a(lib_a-fwalk.o)
                0x000019a0                _fwalk_reent
 .text.__retarget_lock_init_recursive
                0x000019de        0x2 c:/program files (x86)/gnu arm embedded toolchain/9 2020-q2-update/bin/../lib/gcc/arm-none-eabi/9.3.1/../../../../arm-none-eabi/lib/thumb/v7e-m+fp/hard\libc_nano.a(lib_a-lock.o)
                0x000019de                __retarget_lock_init_recursive
 .text.__retarget_lock_acquire_recursive
                0x000019e0        0x2 c:/program files (x86)/gnu arm embedded toolchain/9 2020-q2-update/bin/../lib/gcc/arm-none-eabi/9.3.1/../../../../arm-none-eabi/lib/thumb/v7e-m+fp/hard\libc_nano.a(lib_a-lock.o)
                0x000019e0                __retarget_lock_acquire_recursive
 .text.__retarget_lock_release_recursive
                0x000019e2        0x2 c:/program files (x86)/gnu arm embedded toolchain/9 2020-q2-update/bin/../lib/gcc/arm-none-eabi/9.3.1/../../../../arm-none-eabi/lib/thumb/v7e-m+fp/hard\libc_nano.a(lib_a-lock.o)
                0x000019e2                __retarget_lock_release_recursive
 .text._malloc_r
                0x000019e4       0xb4 c:/program files (x86)/gnu arm embedded toolchain/9 2020-q2-update/bin/../lib/gcc/arm-none-eabi/9.3.1/../../../../arm-none-eabi/lib/thumb/v7e-m+fp/hard\libc_nano.a(lib_a-nano-mallocr.o)
                0x000019e4                _malloc_r
 .text.__sfputc_r
                0x00001a98       0x2e c:/program files (x86)/gnu arm embedded toolchain/9 2020-q2-update/bin/../lib/gcc/arm-none-eabi/9.3.1/../../../../arm-none-eabi/lib/thumb/v7e-m+fp/hard\libc_nano.a(lib_a-nano-vfprintf.o)
 .text.__sfputs_r
                0x00001ac6       0x24 c:/program files (x86)/gnu arm embedded toolchain/9 2020-q2-update/bin/../lib/gcc/arm-none-eabi/9.3.1/../../../../arm-none-eabi/lib/thumb/v7e-m+fp/hard\libc_nano.a(lib_a-nano-vfprintf.o)
                0x00001ac6                __sfputs_r
 *fill*         0x00001aea        0x2 
 .text._vfprintf_r
                0x00001aec      0x260 c:/program files (x86)/gnu arm embedded toolchain/9 2020-q2-update/bin/../lib/gcc/arm-none-eabi/9.3.1/../../../../arm-none-eabi/lib/thumb/v7e-m+fp/hard\libc_nano.a(lib_a-nano-vfprintf.o)
                0x00001aec                _vfprintf_r
                0x00001aec                _vfiprintf_r
 .text._printf_common
                0x00001d4c       0xda c:/program files (x86)/gnu arm embedded toolchain/9 2020-q2-update/bin/../lib/gcc/arm-none-eabi/9.3.1/../../../../arm-none-eabi/lib/thumb/v7e-m+fp/hard\libc_nano.a(lib_a-nano-vfprintf_i.o)
                0x00001d4c                _printf_common
 *fill*         0x00001e26        0x2 
 .text._printf_i
                0x00001e28      0x24c c:/program files (x86)/gnu arm embedded toolchain/9 2020-q2-update/bin/../lib/gcc/arm-none-eabi/9.3.1/../../../../arm-none-eabi/lib/thumb/v7e-m+fp/hard\libc_nano.a(lib_a-nano-vfprintf_i.o)
                0x00001e28                _printf_i
 .text._sbrk_r  0x00002074       0x20 c:/program files (x86)/gnu arm embedded toolchain/9 2020-q2-update/bin/../lib/gcc/arm-none-eabi/9.3.1/../../../../arm-none-eabi/lib/thumb/v7e-m+fp/hard\libc_nano.a(lib_a-sbrkr.o)
                0x00002074                _sbrk_r
 .text.__sread  0x00002094       0x22 c:/program files (x86)/gnu arm embedded toolchain/9 2020-q2-update/bin/../lib/gcc/arm-none-eabi/9.3.1/../../../../arm-none-eabi/lib/thumb/v7e-m+fp/hard\libc_nano.a(lib_a-stdio.o)
                0x00002094                __sread
 .text.__swrite
                0x000020b6       0x38 c:/program files (x86)/gnu arm embedded toolchain/9 2020-q2-update/bin/../lib/gcc/arm-none-eabi/9.3.1/../../../../arm-none-eabi/lib/thumb/v7e-m+fp/hard\libc_nano.a(lib_a-stdio.o)
                0x000020b6                __swrite
 .text.__sseek  0x000020ee       0x24 c:/program files (x86)/gnu arm embedded toolchain/9 2020-q2-update/bin/../lib/gcc/arm-none-eabi/9.3.1/../../../../arm-none-eabi/lib/thumb/v7e-m+fp/hard\libc_nano.a(lib_a-stdio.o)
                0x000020ee                __sseek
 .text.__sclose
                0x00002112        0x8 c:/program files (x86)/gnu arm embedded toolchain/9 2020-q2-update/bin/../lib/gcc/arm-none-eabi/9.3.1/../../../../arm-none-eabi/lib/thumb/v7e-m+fp/hard\libc_nano.a(lib_a-stdio.o)
                0x00002112                __sclose
 *fill*         0x0000211a        0x2 
 .text.__swbuf_r
                0x0000211c       0xa4 c:/program files (x86)/gnu arm embedded toolchain/9 2020-q2-update/bin/../lib/gcc/arm-none-eabi/9.3.1/../../../../arm-none-eabi/lib/thumb/v7e-m+fp/hard\libc_nano.a(lib_a-wbuf.o)
                0x0000211c                __swbuf_r
 .text._write_r
                0x000021c0       0x24 c:/program files (x86)/gnu arm embedded toolchain/9 2020-q2-update/bin/../lib/gcc/arm-none-eabi/9.3.1/../../../../arm-none-eabi/lib/thumb/v7e-m+fp/hard\libc_nano.a(lib_a-writer.o)
                0x000021c0                _write_r
 .text.__swsetup_r
                0x000021e4       0xdc c:/program files (x86)/gnu arm embedded toolchain/9 2020-q2-update/bin/../lib/gcc/arm-none-eabi/9.3.1/../../../../arm-none-eabi/lib/thumb/v7e-m+fp/hard\libc_nano.a(lib_a-wsetup.o)
                0x000021e4                __swsetup_r
 .text._close_r
                0x000022c0       0x20 c:/program files (x86)/gnu arm embedded toolchain/9 2020-q2-update/bin/../lib/gcc/arm-none-eabi/9.3.1/../../../../arm-none-eabi/lib/thumb/v7e-m+fp/hard\libc_nano.a(lib_a-closer.o)
                0x000022c0                _close_r
 .text.__sflush_r
                0x000022e0      0x10c c:/program files (x86)/gnu arm embedded toolchain/9 2020-q2-update/bin/../lib/gcc/arm-none-eabi/9.3.1/../../../../arm-none-eabi/lib/thumb/v7e-m+fp/hard\libc_nano.a(lib_a-fflush.o)
                0x000022e0                __sflush_r
 .text._fflush_r
                0x000023ec       0x78 c:/program files (x86)/gnu arm embedded toolchain/9 2020-q2-update/bin/../lib/gcc/arm-none-eabi/9.3.1/../../../../arm-none-eabi/lib/thumb/v7e-m+fp/hard\libc_nano.a(lib_a-fflush.o)
                0x000023ec                _fflush_r
 .text._lseek_r
                0x00002464       0x24 c:/program files (x86)/gnu arm embedded toolchain/9 2020-q2-update/bin/../lib/gcc/arm-none-eabi/9.3.1/../../../../arm-none-eabi/lib/thumb/v7e-m+fp/hard\libc_nano.a(lib_a-lseekr.o)
                0x00002464                _lseek_r
 .text.__swhatbuf_r
                0x00002488       0x48 c:/program files (x86)/gnu arm embedded toolchain/9 2020-q2-update/bin/../lib/gcc/arm-none-eabi/9.3.1/../../../../arm-none-eabi/lib/thumb/v7e-m+fp/hard\libc_nano.a(lib_a-makebuf.o)
                0x00002488                __swhatbuf_r
 .text.__smakebuf_r
                0x000024d0       0x80 c:/program files (x86)/gnu arm embedded toolchain/9 2020-q2-update/bin/../lib/gcc/arm-none-eabi/9.3.1/../../../../arm-none-eabi/lib/thumb/v7e-m+fp/hard\libc_nano.a(lib_a-makebuf.o)
                0x000024d0                __smakebuf_r
 .text          0x00002550       0xa0 c:/program files (x86)/gnu arm embedded toolchain/9 2020-q2-update/bin/../lib/gcc/arm-none-eabi/9.3.1/../../../../arm-none-eabi/lib/thumb/v7e-m+fp/hard\libc_nano.a(lib_a-memchr.o)
                0x00002550                memchr
 .text.__malloc_lock
                0x000025f0        0xc c:/program files (x86)/gnu arm embedded toolchain/9 2020-q2-update/bin/../lib/gcc/arm-none-eabi/9.3.1/../../../../arm-none-eabi/lib/thumb/v7e-m+fp/hard\libc_nano.a(lib_a-mlock.o)
                0x000025f0                __malloc_lock
 .text.__malloc_unlock
                0x000025fc        0xc c:/program files (x86)/gnu arm embedded toolchain/9 2020-q2-update/bin/../lib/gcc/arm-none-eabi/9.3.1/../../../../arm-none-eabi/lib/thumb/v7e-m+fp/hard\libc_nano.a(lib_a-mlock.o)
                0x000025fc                __malloc_unlock
 .text._free_r  0x00002608       0xa0 c:/program files (x86)/gnu arm embedded toolchain/9 2020-q2-update/bin/../lib/gcc/arm-none-eabi/9.3.1/../../../../arm-none-eabi/lib/thumb/v7e-m+fp/hard\libc_nano.a(lib_a-nano-freer.o)
                0x00002608                _free_r
 .text._read_r  0x000026a8       0x24 c:/program files (x86)/gnu arm embedded toolchain/9 2020-q2-update/bin/../lib/gcc/arm-none-eabi/9.3.1/../../../../arm-none-eabi/lib/thumb/v7e-m+fp/hard\libc_nano.a(lib_a-readr.o)
                0x000026a8                _read_r
 .text._fstat_r
                0x000026cc       0x24 c:/program files (x86)/gnu arm embedded toolchain/9 2020-q2-update/bin/../lib/gcc/arm-none-eabi/9.3.1/../../../../arm-none-eabi/lib/thumb/v7e-m+fp/hard\libc_nano.a(lib_a-fstatr.o)
                0x000026cc                _fstat_r
 .text._isatty_r
                0x000026f0       0x20 c:/program files (x86)/gnu arm embedded toolchain/9 2020-q2-update/bin/../lib/gcc/arm-none-eabi/9.3.1/../../../../arm-none-eabi/lib/thumb/v7e-m+fp/hard\libc_nano.a(lib_a-isattyr.o)
                0x000026f0                _isatty_r
 .text._close   0x00002710       0x10 c:/program files (x86)/gnu arm embedded toolchain/9 2020-q2-update/bin/../lib/gcc/arm-none-eabi/9.3.1/../../../../arm-none-eabi/lib/thumb/v7e-m+fp/hard\libnosys.a(close.o)
                0x00002710                _close
 .text._fstat   0x00002720       0x10 c:/program files (x86)/gnu arm embedded toolchain/9 2020-q2-update/bin/../lib/gcc/arm-none-eabi/9.3.1/../../../../arm-none-eabi/lib/thumb/v7e-m+fp/hard\libnosys.a(fstat.o)
                0x00002720                _fstat
 .text._isatty  0x00002730       0x10 c:/program files (x86)/gnu arm embedded toolchain/9 2020-q2-update/bin/../lib/gcc/arm-none-eabi/9.3.1/../../../../arm-none-eabi/lib/thumb/v7e-m+fp/hard\libnosys.a(isatty.o)
                0x00002730                _isatty
 .text._lseek   0x00002740       0x10 c:/program files (x86)/gnu arm embedded toolchain/9 2020-q2-update/bin/../lib/gcc/arm-none-eabi/9.3.1/../../../../arm-none-eabi/lib/thumb/v7e-m+fp/hard\libnosys.a(lseek.o)
                0x00002740                _lseek
 .text._sbrk    0x00002750       0x1c c:/program files (x86)/gnu arm embedded toolchain/9 2020-q2-update/bin/../lib/gcc/arm-none-eabi/9.3.1/../../../../arm-none-eabi/lib/thumb/v7e-m+fp/hard\libnosys.a(sbrk.o)
                0x00002750                _sbrk
 .text._exit    0x0000276c        0x4 c:/program files (x86)/gnu arm embedded toolchain/9 2020-q2-update/bin/../lib/gcc/arm-none-eabi/9.3.1/../../../../arm-none-eabi/lib/thumb/v7e-m+fp/hard\libnosys.a(_exit.o)
                0x0000276c                _exit
 *(.init)
 .init          0x00002770        0x4 c:/program files (x86)/gnu arm embedded toolchain/9 2020-q2-update/bin/../lib/gcc/arm-none-eabi/9.3.1/thumb/v7e-m+fp/hard/crti.o
                0x00002770                _init
 .init          0x00002774        0x8 c:/program files (x86)/gnu arm embedded toolchain/9 2020-q2-update/bin/../lib/gcc/arm-none-eabi/9.3.1/thumb/v7e-m+fp/hard/crtn.o
 *(.fini)
 .fini          0x0000277c        0x4 c:/program files (x86)/gnu arm embedded toolchain/9 2020-q2-update/bin/../lib/gcc/arm-none-eabi/9.3.1/thumb/v7e-m+fp/hard/crti.o
                0x0000277c                _fini
 .fini          0x00002780        0x8 c:/program files (x86)/gnu arm embedded toolchain/9 2020-q2-update/bin/../lib/gcc/arm-none-eabi/9.3.1/thumb/v7e-m+fp/hard/crtn.o
 *crtbegin.o(.ctors)
 *crtbegin?.o(.ctors)
 *(EXCLUDE_FILE(*crtend.o *crtend?.o) .ctors)
 *(SORT_BY_NAME(.ctors.*))
 *(.ctors)
 *crtbegin.o(.dtors)
 *crtbegin?.o(.dtors)
 *(EXCLUDE_FILE(*crtend.o *crtend?.o) .dtors)
 *(SORT_BY_NAME(.dtors.*))
 *(.dtors)
 *(.rodata*)
 .rodata        0x00002788       0x20 _build/nrf52832_xxaa/app_uart_fifo.c.o
 .rodata.main.str1.4
                0x000027a8       0x27 _build/nrf52832_xxaa/main.c.o
 *fill*         0x000027cf        0x1 
 .rodata        0x000027d0       0x18 _build/nrf52832_xxaa/main.c.o
 .rodata._global_impure_ptr
                0x000027e8        0x4 c:/program files (x86)/gnu arm embedded toolchain/9 2020-q2-update/bin/../lib/gcc/arm-none-eabi/9.3.1/../../../../arm-none-eabi/lib/thumb/v7e-m+fp/hard\libc_nano.a(lib_a-impure.o)
                0x000027e8                _global_impure_ptr
 .rodata.__sf_fake_stderr
                0x000027ec       0x20 c:/program files (x86)/gnu arm embedded toolchain/9 2020-q2-update/bin/../lib/gcc/arm-none-eabi/9.3.1/../../../../arm-none-eabi/lib/thumb/v7e-m+fp/hard\libc_nano.a(lib_a-findfp.o)
                0x000027ec                __sf_fake_stderr
 .rodata.__sf_fake_stdin
                0x0000280c       0x20 c:/program files (x86)/gnu arm embedded toolchain/9 2020-q2-update/bin/../lib/gcc/arm-none-eabi/9.3.1/../../../../arm-none-eabi/lib/thumb/v7e-m+fp/hard\libc_nano.a(lib_a-findfp.o)
                0x0000280c                __sf_fake_stdin
 .rodata.__sf_fake_stdout
                0x0000282c       0x20 c:/program files (x86)/gnu arm embedded toolchain/9 2020-q2-update/bin/../lib/gcc/arm-none-eabi/9.3.1/../../../../arm-none-eabi/lib/thumb/v7e-m+fp/hard\libc_nano.a(lib_a-findfp.o)
                0x0000282c                __sf_fake_stdout
 .rodata._vfprintf_r.str1.1
                0x0000284c       0x11 c:/program files (x86)/gnu arm embedded toolchain/9 2020-q2-update/bin/../lib/gcc/arm-none-eabi/9.3.1/../../../../arm-none-eabi/lib/thumb/v7e-m+fp/hard\libc_nano.a(lib_a-nano-vfprintf.o)
 .rodata._printf_i.str1.1
                0x0000285d       0x22 c:/program files (x86)/gnu arm embedded toolchain/9 2020-q2-update/bin/../lib/gcc/arm-none-eabi/9.3.1/../../../../arm-none-eabi/lib/thumb/v7e-m+fp/hard\libc_nano.a(lib_a-nano-vfprintf_i.o)
 *(.eh_frame*)
 *fill*         0x0000287f        0x1 
 .eh_frame      0x00002880        0x0 c:/program files (x86)/gnu arm embedded toolchain/9 2020-q2-update/bin/../lib/gcc/arm-none-eabi/9.3.1/thumb/v7e-m+fp/hard/crtbegin.o
 .eh_frame      0x00002880        0x4 c:/program files (x86)/gnu arm embedded toolchain/9 2020-q2-update/bin/../lib/gcc/arm-none-eabi/9.3.1/thumb/v7e-m+fp/hard/crtend.o

.glue_7         0x00002884        0x0
 .glue_7        0x00002884        0x0 linker stubs

.glue_7t        0x00002884        0x0
 .glue_7t       0x00002884        0x0 linker stubs

.vfp11_veneer   0x00002884        0x0
 .vfp11_veneer  0x00002884        0x0 linker stubs

.v4_bx          0x00002884        0x0
 .v4_bx         0x00002884        0x0 linker stubs

.iplt           0x00002884        0x0
 .iplt          0x00002884        0x0 c:/program files (x86)/gnu arm embedded toolchain/9 2020-q2-update/bin/../lib/gcc/arm-none-eabi/9.3.1/thumb/v7e-m+fp/hard/crtbegin.o

.mem_section_dummy_rom

.log_const_data
                0x00002884        0x0
                [!provide]                PROVIDE (__start_log_const_data = .)
 *(SORT_BY_NAME(.log_const_data*))
                [!provide]                PROVIDE (__stop_log_const_data = .)

.log_backends   0x00002884        0x0
                [!provide]                PROVIDE (__start_log_backends = .)
 *(SORT_BY_NAME(.log_backends*))
                [!provide]                PROVIDE (__stop_log_backends = .)

.nrf_balloc     0x00002884        0x0
                [!provide]                PROVIDE (__start_nrf_balloc = .)
 *(.nrf_balloc)
                [!provide]                PROVIDE (__stop_nrf_balloc = .)

.ARM.extab
 *(.ARM.extab* .gnu.linkonce.armextab.*)
                0x00002884                __exidx_start = .

.ARM.exidx      0x00002884        0x8
 *(.ARM.exidx* .gnu.linkonce.armexidx.*)
 .ARM.exidx     0x00002884        0x8 c:/program files (x86)/gnu arm embedded toolchain/9 2020-q2-update/bin/../lib/gcc/arm-none-eabi/9.3.1/../../../../arm-none-eabi/lib/thumb/v7e-m+fp/hard/crt0.o
                                 0x10 (size before relaxing)
                0x0000288c                __exidx_end = .
                0x0000288c                __etext = .

.rel.dyn        0x0000288c        0x0
 .rel.iplt      0x0000288c        0x0 c:/program files (x86)/gnu arm embedded toolchain/9 2020-q2-update/bin/../lib/gcc/arm-none-eabi/9.3.1/thumb/v7e-m+fp/hard/crtbegin.o

.data           0x20000000       0x84 load address 0x0000288c
                0x20000000                __data_start__ = .
 *(vtable)
 *(.data*)
 .data.app_uart_inst
                0x20000000       0x14 _build/nrf52832_xxaa/app_uart_fifo.c.o
 .data.SystemCoreClock
                0x20000014        0x4 _build/nrf52832_xxaa/system_nrf52.c.o
                0x20000014                SystemCoreClock
 .data._impure_ptr
                0x20000018        0x4 c:/program files (x86)/gnu arm embedded toolchain/9 2020-q2-update/bin/../lib/gcc/arm-none-eabi/9.3.1/../../../../arm-none-eabi/lib/thumb/v7e-m+fp/hard\libc_nano.a(lib_a-impure.o)
                0x20000018                _impure_ptr
 .data.impure_data
                0x2000001c       0x60 c:/program files (x86)/gnu arm embedded toolchain/9 2020-q2-update/bin/../lib/gcc/arm-none-eabi/9.3.1/../../../../arm-none-eabi/lib/thumb/v7e-m+fp/hard\libc_nano.a(lib_a-impure.o)
                0x2000007c                . = ALIGN (0x4)
                0x2000007c                PROVIDE (__preinit_array_start = .)
 *(.preinit_array)
                0x2000007c                PROVIDE (__preinit_array_end = .)
                0x2000007c                . = ALIGN (0x4)
                0x2000007c                PROVIDE (__init_array_start = .)
 *(SORT_BY_NAME(.init_array.*))
 *(.init_array)
 .init_array    0x2000007c        0x4 c:/program files (x86)/gnu arm embedded toolchain/9 2020-q2-update/bin/../lib/gcc/arm-none-eabi/9.3.1/thumb/v7e-m+fp/hard/crtbegin.o
                0x20000080                PROVIDE (__init_array_end = .)
                0x20000080                . = ALIGN (0x4)
                [!provide]                PROVIDE (__fini_array_start = .)
 *(SORT_BY_NAME(.fini_array.*))
 *(.fini_array)
 .fini_array    0x20000080        0x4 c:/program files (x86)/gnu arm embedded toolchain/9 2020-q2-update/bin/../lib/gcc/arm-none-eabi/9.3.1/thumb/v7e-m+fp/hard/crtbegin.o
                [!provide]                PROVIDE (__fini_array_end = .)
 *(.jcr*)
                0x20000084                . = ALIGN (0x4)
                0x20000084                __data_end__ = .
LOAD c:/program files (x86)/gnu arm embedded toolchain/9 2020-q2-update/bin/../lib/gcc/arm-none-eabi/9.3.1/thumb/v7e-m+fp/hard/crti.o
LOAD c:/program files (x86)/gnu arm embedded toolchain/9 2020-q2-update/bin/../lib/gcc/arm-none-eabi/9.3.1/thumb/v7e-m+fp/hard/crtbegin.o
LOAD c:/program files (x86)/gnu arm embedded toolchain/9 2020-q2-update/bin/../lib/gcc/arm-none-eabi/9.3.1/../../../../arm-none-eabi/lib/thumb/v7e-m+fp/hard/crt0.o
LOAD _build/nrf52832_xxaa/gcc_startup_nrf52.S.o
LOAD _build/nrf52832_xxaa/nrf_log_frontend.c.o
LOAD _build/nrf52832_xxaa/nrf_log_str_formatter.c.o
LOAD _build/nrf52832_xxaa/boards.c.o
LOAD _build/nrf52832_xxaa/app_error.c.o
LOAD _build/nrf52832_xxaa/app_error_handler_gcc.c.o
LOAD _build/nrf52832_xxaa/app_error_weak.c.o
LOAD _build/nrf52832_xxaa/app_fifo.c.o
LOAD _build/nrf52832_xxaa/app_uart_fifo.c.o
LOAD _build/nrf52832_xxaa/app_util_platform.c.o
LOAD _build/nrf52832_xxaa/nrf_assert.c.o
LOAD _build/nrf52832_xxaa/nrf_atomic.c.o
LOAD _build/nrf52832_xxaa/nrf_balloc.c.o
LOAD _build/nrf52832_xxaa/nrf_fprintf.c.o
LOAD _build/nrf52832_xxaa/nrf_fprintf_format.c.o
LOAD _build/nrf52832_xxaa/nrf_memobj.c.o
LOAD _build/nrf52832_xxaa/nrf_ringbuf.c.o
LOAD _build/nrf52832_xxaa/nrf_strerror.c.o
LOAD _build/nrf52832_xxaa/retarget.c.o
LOAD _build/nrf52832_xxaa/nrf_drv_uart.c.o
LOAD _build/nrf52832_xxaa/nrfx_atomic.c.o
LOAD _build/nrf52832_xxaa/nrfx_prs.c.o
LOAD _build/nrf52832_xxaa/nrfx_uart.c.o
LOAD _build/nrf52832_xxaa/nrfx_uarte.c.o
LOAD _build/nrf52832_xxaa/main.c.o
LOAD _build/nrf52832_xxaa/system_nrf52.c.o
LOAD c:/program files (x86)/gnu arm embedded toolchain/9 2020-q2-update/bin/../lib/gcc/arm-none-eabi/9.3.1/../../../../arm-none-eabi/lib/thumb/v7e-m+fp/hard\libc_nano.a
LOAD c:/program files (x86)/gnu arm embedded toolchain/9 2020-q2-update/bin/../lib/gcc/arm-none-eabi/9.3.1/../../../../arm-none-eabi/lib/thumb/v7e-m+fp/hard\libnosys.a
LOAD c:/program files (x86)/gnu arm embedded toolchain/9 2020-q2-update/bin/../lib/gcc/arm-none-eabi/9.3.1/../../../../arm-none-eabi/lib/thumb/v7e-m+fp/hard\libm.a
START GROUP
LOAD c:/program files (x86)/gnu arm embedded toolchain/9 2020-q2-update/bin/../lib/gcc/arm-none-eabi/9.3.1/thumb/v7e-m+fp/hard\libgcc.a
LOAD c:/program files (x86)/gnu arm embedded toolchain/9 2020-q2-update/bin/../lib/gcc/arm-none-eabi/9.3.1/../../../../arm-none-eabi/lib/thumb/v7e-m+fp/hard\libg_nano.a
LOAD c:/program files (x86)/gnu arm embedded toolchain/9 2020-q2-update/bin/../lib/gcc/arm-none-eabi/9.3.1/../../../../arm-none-eabi/lib/thumb/v7e-m+fp/hard\libc_nano.a
END GROUP
START GROUP
LOAD c:/program files (x86)/gnu arm embedded toolchain/9 2020-q2-update/bin/../lib/gcc/arm-none-eabi/9.3.1/thumb/v7e-m+fp/hard\libgcc.a
LOAD c:/program files (x86)/gnu arm embedded toolchain/9 2020-q2-update/bin/../lib/gcc/arm-none-eabi/9.3.1/../../../../arm-none-eabi/lib/thumb/v7e-m+fp/hard\libc_nano.a
END GROUP
LOAD c:/program files (x86)/gnu arm embedded toolchain/9 2020-q2-update/bin/../lib/gcc/arm-none-eabi/9.3.1/thumb/v7e-m+fp/hard/crtend.o
LOAD c:/program files (x86)/gnu arm embedded toolchain/9 2020-q2-update/bin/../lib/gcc/arm-none-eabi/9.3.1/thumb/v7e-m+fp/hard/crtn.o
START GROUP
LOAD c:/program files (x86)/gnu arm embedded toolchain/9 2020-q2-update/bin/../lib/gcc/arm-none-eabi/9.3.1/thumb/v7e-m+fp/hard\libgcc.a
LOAD c:/program files (x86)/gnu arm embedded toolchain/9 2020-q2-update/bin/../lib/gcc/arm-none-eabi/9.3.1/../../../../arm-none-eabi/lib/thumb/v7e-m+fp/hard\libc.a
LOAD c:/program files (x86)/gnu arm embedded toolchain/9 2020-q2-update/bin/../lib/gcc/arm-none-eabi/9.3.1/../../../../arm-none-eabi/lib/thumb/v7e-m+fp/hard\libnosys.a
END GROUP

.igot.plt       0x20000084        0x0 load address 0x00002910
 .igot.plt      0x20000084        0x0 c:/program files (x86)/gnu arm embedded toolchain/9 2020-q2-update/bin/../lib/gcc/arm-none-eabi/9.3.1/thumb/v7e-m+fp/hard/crtbegin.o
                0x20000084                . = ALIGN (0x4)

.mem_section_dummy_ram

.log_dynamic_data
                0x20000084        0x0
                [!provide]                PROVIDE (__start_log_dynamic_data = .)
 *(SORT_BY_NAME(.log_dynamic_data*))
                [!provide]                PROVIDE (__stop_log_dynamic_data = .)

.log_filter_data
                0x20000084        0x0
                [!provide]                PROVIDE (__start_log_filter_data = .)
 *(SORT_BY_NAME(.log_filter_data*))
                [!provide]                PROVIDE (__stop_log_filter_data = .)

.bss            0x20000088      0x2d0 load address 0x00002918
                0x20000088                . = ALIGN (0x4)
                0x20000088                __bss_start__ = .
 *(.bss*)
 .bss           0x20000088       0x1c c:/program files (x86)/gnu arm embedded toolchain/9 2020-q2-update/bin/../lib/gcc/arm-none-eabi/9.3.1/thumb/v7e-m+fp/hard/crtbegin.o
 .bss.m_event_handler
                0x200000a4        0x4 _build/nrf52832_xxaa/app_uart_fifo.c.o
 .bss.m_rx_fifo
                0x200000a8       0x10 _build/nrf52832_xxaa/app_uart_fifo.c.o
 .bss.m_rx_ovf  0x200000b8        0x1 _build/nrf52832_xxaa/app_uart_fifo.c.o
 *fill*         0x200000b9        0x3 
 .bss.m_tx_fifo
                0x200000bc       0x10 _build/nrf52832_xxaa/app_uart_fifo.c.o
 .bss.rx_buffer
                0x200000cc        0x1 _build/nrf52832_xxaa/app_uart_fifo.c.o
 *fill*         0x200000cd        0x3 
 .bss.tx_buffer
                0x200000d0        0x1 _build/nrf52832_xxaa/app_uart_fifo.c.o
 *fill*         0x200000d1        0x3 
 .bss.m_in_critical_region
                0x200000d4        0x4 _build/nrf52832_xxaa/app_util_platform.c.o
 .bss.m_contexts
                0x200000d8        0x4 _build/nrf52832_xxaa/nrf_drv_uart.c.o
 .bss.m_handlers
                0x200000dc        0x4 _build/nrf52832_xxaa/nrf_drv_uart.c.o
 .bss.m_prs_box_4
                0x200000e0        0x8 _build/nrf52832_xxaa/nrfx_prs.c.o
 .bss.m_cb      0x200000e8       0x2c _build/nrf52832_xxaa/nrfx_uart.c.o
 *fill*         0x20000114        0x4 
 .bss.m_cb      0x20000118       0x24 _build/nrf52832_xxaa/nrfx_uarte.c.o
 .bss.rx_buf.8992
                0x2000013c      0x100 _build/nrf52832_xxaa/main.c.o
 .bss.tx_buf.8993
                0x2000023c      0x100 _build/nrf52832_xxaa/main.c.o
 .bss.__malloc_free_list
                0x2000033c        0x4 c:/program files (x86)/gnu arm embedded toolchain/9 2020-q2-update/bin/../lib/gcc/arm-none-eabi/9.3.1/../../../../arm-none-eabi/lib/thumb/v7e-m+fp/hard\libc_nano.a(lib_a-nano-mallocr.o)
                0x2000033c                __malloc_free_list
 .bss.__malloc_sbrk_start
                0x20000340        0x4 c:/program files (x86)/gnu arm embedded toolchain/9 2020-q2-update/bin/../lib/gcc/arm-none-eabi/9.3.1/../../../../arm-none-eabi/lib/thumb/v7e-m+fp/hard\libc_nano.a(lib_a-nano-mallocr.o)
                0x20000340                __malloc_sbrk_start
 .bss.heap_end.5507
                0x20000344        0x4 c:/program files (x86)/gnu arm embedded toolchain/9 2020-q2-update/bin/../lib/gcc/arm-none-eabi/9.3.1/../../../../arm-none-eabi/lib/thumb/v7e-m+fp/hard\libnosys.a(sbrk.o)
 *(COMMON)
 COMMON         0x20000348        0x1 _build/nrf52832_xxaa/nrf_drv_uart.c.o
                0x20000348                nrf_drv_uart_use_easy_dma
 COMMON         0x20000349        0x9 c:/program files (x86)/gnu arm embedded toolchain/9 2020-q2-update/bin/../lib/gcc/arm-none-eabi/9.3.1/../../../../arm-none-eabi/lib/thumb/v7e-m+fp/hard\libc_nano.a(lib_a-lock.o)
                0x20000349                __lock___atexit_recursive_mutex
                0x2000034a                __lock___arc4random_mutex
                0x2000034b                __lock___env_recursive_mutex
                0x2000034c                __lock___sinit_recursive_mutex
                0x2000034d                __lock___malloc_recursive_mutex
                0x2000034e                __lock___at_quick_exit_mutex
                0x2000034f                __lock___dd_hash_mutex
                0x20000350                __lock___tz_mutex
                0x20000351                __lock___sfp_recursive_mutex
 *fill*         0x20000352        0x2 
 COMMON         0x20000354        0x4 c:/program files (x86)/gnu arm embedded toolchain/9 2020-q2-update/bin/../lib/gcc/arm-none-eabi/9.3.1/../../../../arm-none-eabi/lib/thumb/v7e-m+fp/hard\libc_nano.a(lib_a-reent.o)
                0x20000354                errno
                0x20000358                . = ALIGN (0x4)
                0x20000358                __bss_end__ = .

.heap           0x20000358     0x2000
                0x20000358                __HeapBase = .
                0x20000358                __end__ = .
                0x20000358                PROVIDE (end = .)
 *(.heap*)
 .heap          0x20000358     0x2000 _build/nrf52832_xxaa/gcc_startup_nrf52.S.o
                0x20002358                __HeapLimit = .

.stack_dummy    0x20000358     0x2000
 *(.stack*)
 .stack         0x20000358     0x2000 _build/nrf52832_xxaa/gcc_startup_nrf52.S.o
                0x20010000                __StackTop = (ORIGIN (RAM) + LENGTH (RAM))
                0x2000e000                __StackLimit = (__StackTop - SIZEOF (.stack_dummy))
                0x20010000                PROVIDE (__stack = __StackTop)
                0x00000001                ASSERT ((__StackLimit >= __HeapLimit), region RAM overflowed with stack)
                0x00000088                DataInitFlashUsed = (__bss_start__ - __data_start__)
                0x0000288c                CodeFlashUsed = (__etext - ORIGIN (FLASH))
                0x00002914                TotalFlashUsed = (CodeFlashUsed + DataInitFlashUsed)
                0x00000001                ASSERT ((TotalFlashUsed <= LENGTH (FLASH)), region FLASH overflowed with .data and user data)
OUTPUT(_build/nrf52832_xxaa.out elf32-littlearm)
LOAD linker stubs

.ARM.attributes
                0x00000000       0x30
 .ARM.attributes
                0x00000000       0x1e c:/program files (x86)/gnu arm embedded toolchain/9 2020-q2-update/bin/../lib/gcc/arm-none-eabi/9.3.1/thumb/v7e-m+fp/hard/crti.o
 .ARM.attributes
                0x0000001e       0x34 c:/program files (x86)/gnu arm embedded toolchain/9 2020-q2-update/bin/../lib/gcc/arm-none-eabi/9.3.1/thumb/v7e-m+fp/hard/crtbegin.o
 .ARM.attributes
                0x00000052       0x1c c:/program files (x86)/gnu arm embedded toolchain/9 2020-q2-update/bin/../lib/gcc/arm-none-eabi/9.3.1/../../../../arm-none-eabi/lib/thumb/v7e-m+fp/hard/crt0.o
 .ARM.attributes
                0x0000006e       0x20 _build/nrf52832_xxaa/gcc_startup_nrf52.S.o
 .ARM.attributes
                0x0000008e       0x34 _build/nrf52832_xxaa/boards.c.o
 .ARM.attributes
                0x000000c2       0x34 _build/nrf52832_xxaa/app_error.c.o
 .ARM.attributes
                0x000000f6       0x34 _build/nrf52832_xxaa/app_error_weak.c.o
 .ARM.attributes
                0x0000012a       0x34 _build/nrf52832_xxaa/app_fifo.c.o
 .ARM.attributes
                0x0000015e       0x34 _build/nrf52832_xxaa/app_uart_fifo.c.o
 .ARM.attributes
                0x00000192       0x34 _build/nrf52832_xxaa/app_util_platform.c.o
 .ARM.attributes
                0x000001c6       0x34 _build/nrf52832_xxaa/retarget.c.o
 .ARM.attributes
                0x000001fa       0x34 _build/nrf52832_xxaa/nrf_drv_uart.c.o
 .ARM.attributes
                0x0000022e       0x34 _build/nrf52832_xxaa/nrfx_prs.c.o
 .ARM.attributes
                0x00000262       0x34 _build/nrf52832_xxaa/nrfx_uart.c.o
 .ARM.attributes
                0x00000296       0x34 _build/nrf52832_xxaa/nrfx_uarte.c.o
 .ARM.attributes
                0x000002ca       0x34 _build/nrf52832_xxaa/main.c.o
 .ARM.attributes
                0x000002fe       0x34 _build/nrf52832_xxaa/system_nrf52.c.o
 .ARM.attributes
                0x00000332       0x34 c:/program files (x86)/gnu arm embedded toolchain/9 2020-q2-update/bin/../lib/gcc/arm-none-eabi/9.3.1/../../../../arm-none-eabi/lib/thumb/v7e-m+fp/hard\libc_nano.a(lib_a-exit.o)
 .ARM.attributes
                0x00000366       0x32 c:/program files (x86)/gnu arm embedded toolchain/9 2020-q2-update/bin/../lib/gcc/arm-none-eabi/9.3.1/../../../../arm-none-eabi/lib/thumb/v7e-m+fp/hard\libc_nano.a(lib_a-impure.o)
 .ARM.attributes
                0x00000398       0x34 c:/program files (x86)/gnu arm embedded toolchain/9 2020-q2-update/bin/../lib/gcc/arm-none-eabi/9.3.1/../../../../arm-none-eabi/lib/thumb/v7e-m+fp/hard\libc_nano.a(lib_a-init.o)
 .ARM.attributes
                0x000003cc       0x34 c:/program files (x86)/gnu arm embedded toolchain/9 2020-q2-update/bin/../lib/gcc/arm-none-eabi/9.3.1/../../../../arm-none-eabi/lib/thumb/v7e-m+fp/hard\libc_nano.a(lib_a-memset.o)
 .ARM.attributes
                0x00000400       0x34 c:/program files (x86)/gnu arm embedded toolchain/9 2020-q2-update/bin/../lib/gcc/arm-none-eabi/9.3.1/../../../../arm-none-eabi/lib/thumb/v7e-m+fp/hard\libc_nano.a(lib_a-printf.o)
 .ARM.attributes
                0x00000434       0x34 c:/program files (x86)/gnu arm embedded toolchain/9 2020-q2-update/bin/../lib/gcc/arm-none-eabi/9.3.1/../../../../arm-none-eabi/lib/thumb/v7e-m+fp/hard\libc_nano.a(lib_a-findfp.o)
 .ARM.attributes
                0x00000468       0x34 c:/program files (x86)/gnu arm embedded toolchain/9 2020-q2-update/bin/../lib/gcc/arm-none-eabi/9.3.1/../../../../arm-none-eabi/lib/thumb/v7e-m+fp/hard\libc_nano.a(lib_a-fwalk.o)
 .ARM.attributes
                0x0000049c       0x34 c:/program files (x86)/gnu arm embedded toolchain/9 2020-q2-update/bin/../lib/gcc/arm-none-eabi/9.3.1/../../../../arm-none-eabi/lib/thumb/v7e-m+fp/hard\libc_nano.a(lib_a-lock.o)
 .ARM.attributes
                0x000004d0       0x34 c:/program files (x86)/gnu arm embedded toolchain/9 2020-q2-update/bin/../lib/gcc/arm-none-eabi/9.3.1/../../../../arm-none-eabi/lib/thumb/v7e-m+fp/hard\libc_nano.a(lib_a-nano-mallocr.o)
 .ARM.attributes
                0x00000504       0x34 c:/program files (x86)/gnu arm embedded toolchain/9 2020-q2-update/bin/../lib/gcc/arm-none-eabi/9.3.1/../../../../arm-none-eabi/lib/thumb/v7e-m+fp/hard\libc_nano.a(lib_a-nano-vfprintf.o)
 .ARM.attributes
                0x00000538       0x34 c:/program files (x86)/gnu arm embedded toolchain/9 2020-q2-update/bin/../lib/gcc/arm-none-eabi/9.3.1/../../../../arm-none-eabi/lib/thumb/v7e-m+fp/hard\libc_nano.a(lib_a-nano-vfprintf_i.o)
 .ARM.attributes
                0x0000056c       0x34 c:/program files (x86)/gnu arm embedded toolchain/9 2020-q2-update/bin/../lib/gcc/arm-none-eabi/9.3.1/../../../../arm-none-eabi/lib/thumb/v7e-m+fp/hard\libc_nano.a(lib_a-sbrkr.o)
 .ARM.attributes
                0x000005a0       0x34 c:/program files (x86)/gnu arm embedded toolchain/9 2020-q2-update/bin/../lib/gcc/arm-none-eabi/9.3.1/../../../../arm-none-eabi/lib/thumb/v7e-m+fp/hard\libc_nano.a(lib_a-stdio.o)
 .ARM.attributes
                0x000005d4       0x34 c:/program files (x86)/gnu arm embedded toolchain/9 2020-q2-update/bin/../lib/gcc/arm-none-eabi/9.3.1/../../../../arm-none-eabi/lib/thumb/v7e-m+fp/hard\libc_nano.a(lib_a-wbuf.o)
 .ARM.attributes
                0x00000608       0x34 c:/program files (x86)/gnu arm embedded toolchain/9 2020-q2-update/bin/../lib/gcc/arm-none-eabi/9.3.1/../../../../arm-none-eabi/lib/thumb/v7e-m+fp/hard\libc_nano.a(lib_a-writer.o)
 .ARM.attributes
                0x0000063c       0x34 c:/program files (x86)/gnu arm embedded toolchain/9 2020-q2-update/bin/../lib/gcc/arm-none-eabi/9.3.1/../../../../arm-none-eabi/lib/thumb/v7e-m+fp/hard\libc_nano.a(lib_a-wsetup.o)
 .ARM.attributes
                0x00000670       0x34 c:/program files (x86)/gnu arm embedded toolchain/9 2020-q2-update/bin/../lib/gcc/arm-none-eabi/9.3.1/../../../../arm-none-eabi/lib/thumb/v7e-m+fp/hard\libc_nano.a(lib_a-closer.o)
 .ARM.attributes
                0x000006a4       0x34 c:/program files (x86)/gnu arm embedded toolchain/9 2020-q2-update/bin/../lib/gcc/arm-none-eabi/9.3.1/../../../../arm-none-eabi/lib/thumb/v7e-m+fp/hard\libc_nano.a(lib_a-fflush.o)
 .ARM.attributes
                0x000006d8       0x34 c:/program files (x86)/gnu arm embedded toolchain/9 2020-q2-update/bin/../lib/gcc/arm-none-eabi/9.3.1/../../../../arm-none-eabi/lib/thumb/v7e-m+fp/hard\libc_nano.a(lib_a-lseekr.o)
 .ARM.attributes
                0x0000070c       0x34 c:/program files (x86)/gnu arm embedded toolchain/9 2020-q2-update/bin/../lib/gcc/arm-none-eabi/9.3.1/../../../../arm-none-eabi/lib/thumb/v7e-m+fp/hard\libc_nano.a(lib_a-makebuf.o)
 .ARM.attributes
                0x00000740       0x1c c:/program files (x86)/gnu arm embedded toolchain/9 2020-q2-update/bin/../lib/gcc/arm-none-eabi/9.3.1/../../../../arm-none-eabi/lib/thumb/v7e-m+fp/hard\libc_nano.a(lib_a-memchr.o)
 .ARM.attributes
                0x0000075c       0x34 c:/program files (x86)/gnu arm embedded toolchain/9 2020-q2-update/bin/../lib/gcc/arm-none-eabi/9.3.1/../../../../arm-none-eabi/lib/thumb/v7e-m+fp/hard\libc_nano.a(lib_a-mlock.o)
 .ARM.attributes
                0x00000790       0x34 c:/program files (x86)/gnu arm embedded toolchain/9 2020-q2-update/bin/../lib/gcc/arm-none-eabi/9.3.1/../../../../arm-none-eabi/lib/thumb/v7e-m+fp/hard\libc_nano.a(lib_a-nano-freer.o)
 .ARM.attributes
                0x000007c4       0x34 c:/program files (x86)/gnu arm embedded toolchain/9 2020-q2-update/bin/../lib/gcc/arm-none-eabi/9.3.1/../../../../arm-none-eabi/lib/thumb/v7e-m+fp/hard\libc_nano.a(lib_a-readr.o)
 .ARM.attributes
                0x000007f8       0x34 c:/program files (x86)/gnu arm embedded toolchain/9 2020-q2-update/bin/../lib/gcc/arm-none-eabi/9.3.1/../../../../arm-none-eabi/lib/thumb/v7e-m+fp/hard\libc_nano.a(lib_a-reent.o)
 .ARM.attributes
                0x0000082c       0x34 c:/program files (x86)/gnu arm embedded toolchain/9 2020-q2-update/bin/../lib/gcc/arm-none-eabi/9.3.1/../../../../arm-none-eabi/lib/thumb/v7e-m+fp/hard\libc_nano.a(lib_a-fstatr.o)
 .ARM.attributes
                0x00000860       0x34 c:/program files (x86)/gnu arm embedded toolchain/9 2020-q2-update/bin/../lib/gcc/arm-none-eabi/9.3.1/../../../../arm-none-eabi/lib/thumb/v7e-m+fp/hard\libc_nano.a(lib_a-isattyr.o)
 .ARM.attributes
                0x00000894       0x34 c:/program files (x86)/gnu arm embedded toolchain/9 2020-q2-update/bin/../lib/gcc/arm-none-eabi/9.3.1/../../../../arm-none-eabi/lib/thumb/v7e-m+fp/hard\libnosys.a(close.o)
 .ARM.attributes
                0x000008c8       0x34 c:/program files (x86)/gnu arm embedded toolchain/9 2020-q2-update/bin/../lib/gcc/arm-none-eabi/9.3.1/../../../../arm-none-eabi/lib/thumb/v7e-m+fp/hard\libnosys.a(fstat.o)
 .ARM.attributes
                0x000008fc       0x34 c:/program files (x86)/gnu arm embedded toolchain/9 2020-q2-update/bin/../lib/gcc/arm-none-eabi/9.3.1/../../../../arm-none-eabi/lib/thumb/v7e-m+fp/hard\libnosys.a(isatty.o)
 .ARM.attributes
                0x00000930       0x34 c:/program files (x86)/gnu arm embedded toolchain/9 2020-q2-update/bin/../lib/gcc/arm-none-eabi/9.3.1/../../../../arm-none-eabi/lib/thumb/v7e-m+fp/hard\libnosys.a(lseek.o)
 .ARM.attributes
                0x00000964       0x34 c:/program files (x86)/gnu arm embedded toolchain/9 2020-q2-update/bin/../lib/gcc/arm-none-eabi/9.3.1/../../../../arm-none-eabi/lib/thumb/v7e-m+fp/hard\libnosys.a(sbrk.o)
 .ARM.attributes
                0x00000998       0x34 c:/program files (x86)/gnu arm embedded toolchain/9 2020-q2-update/bin/../lib/gcc/arm-none-eabi/9.3.1/../../../../arm-none-eabi/lib/thumb/v7e-m+fp/hard\libnosys.a(_exit.o)
 .ARM.attributes
                0x000009cc       0x32 c:/program files (x86)/gnu arm embedded toolchain/9 2020-q2-update/bin/../lib/gcc/arm-none-eabi/9.3.1/thumb/v7e-m+fp/hard/crtend.o
 .ARM.attributes
                0x000009fe       0x1e c:/program files (x86)/gnu arm embedded toolchain/9 2020-q2-update/bin/../lib/gcc/arm-none-eabi/9.3.1/thumb/v7e-m+fp/hard/crtn.o

.comment        0x00000000       0x4c
 .comment       0x00000000       0x4c _build/nrf52832_xxaa/boards.c.o
                                 0x4d (size before relaxing)
 .comment       0x0000004c       0x4d _build/nrf52832_xxaa/app_error.c.o
 .comment       0x0000004c       0x4d _build/nrf52832_xxaa/app_error_weak.c.o
 .comment       0x0000004c       0x4d _build/nrf52832_xxaa/app_fifo.c.o
 .comment       0x0000004c       0x4d _build/nrf52832_xxaa/app_uart_fifo.c.o
 .comment       0x0000004c       0x4d _build/nrf52832_xxaa/app_util_platform.c.o
 .comment       0x0000004c       0x4d _build/nrf52832_xxaa/retarget.c.o
 .comment       0x0000004c       0x4d _build/nrf52832_xxaa/nrf_drv_uart.c.o
 .comment       0x0000004c       0x4d _build/nrf52832_xxaa/nrfx_prs.c.o
 .comment       0x0000004c       0x4d _build/nrf52832_xxaa/nrfx_uart.c.o
 .comment       0x0000004c       0x4d _build/nrf52832_xxaa/nrfx_uarte.c.o
 .comment       0x0000004c       0x4d _build/nrf52832_xxaa/main.c.o
 .comment       0x0000004c       0x4d _build/nrf52832_xxaa/system_nrf52.c.o

.debug_line     0x00000000     0x9ff0
 .debug_line    0x00000000       0x86 _build/nrf52832_xxaa/gcc_startup_nrf52.S.o
 .debug_line    0x00000086     0x10a9 _build/nrf52832_xxaa/boards.c.o
 .debug_line    0x0000112f      0x5e0 _build/nrf52832_xxaa/app_error.c.o
 .debug_line    0x0000170f      0x7c5 _build/nrf52832_xxaa/app_error_weak.c.o
 .debug_line    0x00001ed4      0x95d _build/nrf52832_xxaa/app_fifo.c.o
 .debug_line    0x00002831      0xdf0 _build/nrf52832_xxaa/app_uart_fifo.c.o
 .debug_line    0x00003621      0x6a0 _build/nrf52832_xxaa/app_util_platform.c.o
 .debug_line    0x00003cc1      0x615 _build/nrf52832_xxaa/retarget.c.o
 .debug_line    0x000042d6      0x87f _build/nrf52832_xxaa/nrf_drv_uart.c.o
 .debug_line    0x00004b55      0x91b _build/nrf52832_xxaa/nrfx_prs.c.o
 .debug_line    0x00005470     0x1e14 _build/nrf52832_xxaa/nrfx_uart.c.o
 .debug_line    0x00007284     0x1b1c _build/nrf52832_xxaa/nrfx_uarte.c.o
 .debug_line    0x00008da0      0x8fe _build/nrf52832_xxaa/main.c.o
 .debug_line    0x0000969e      0x952 _build/nrf52832_xxaa/system_nrf52.c.o

.debug_info     0x00000000    0x14874
 .debug_info    0x00000000       0x26 _build/nrf52832_xxaa/gcc_startup_nrf52.S.o
 .debug_info    0x00000026     0x16dd _build/nrf52832_xxaa/boards.c.o
 .debug_info    0x00001703      0xbac _build/nrf52832_xxaa/app_error.c.o
 .debug_info    0x000022af      0xf4e _build/nrf52832_xxaa/app_error_weak.c.o
 .debug_info    0x000031fd      0xfcd _build/nrf52832_xxaa/app_fifo.c.o
 .debug_info    0x000041ca     0x2177 _build/nrf52832_xxaa/app_uart_fifo.c.o
 .debug_info    0x00006341     0x10b5 _build/nrf52832_xxaa/app_util_platform.c.o
 .debug_info    0x000073f6      0xa99 _build/nrf52832_xxaa/retarget.c.o
 .debug_info    0x00007e8f     0x1a96 _build/nrf52832_xxaa/nrf_drv_uart.c.o
 .debug_info    0x00009925     0x119c _build/nrf52832_xxaa/nrfx_prs.c.o
 .debug_info    0x0000aac1     0x4055 _build/nrf52832_xxaa/nrfx_uart.c.o
 .debug_info    0x0000eb16     0x3d01 _build/nrf52832_xxaa/nrfx_uarte.c.o
 .debug_info    0x00012817      0xde6 _build/nrf52832_xxaa/main.c.o
 .debug_info    0x000135fd     0x1277 _build/nrf52832_xxaa/system_nrf52.c.o

.debug_abbrev   0x00000000     0x2ba4
 .debug_abbrev  0x00000000       0x14 _build/nrf52832_xxaa/gcc_startup_nrf52.S.o
 .debug_abbrev  0x00000014      0x408 _build/nrf52832_xxaa/boards.c.o
 .debug_abbrev  0x0000041c      0x276 _build/nrf52832_xxaa/app_error.c.o
 .debug_abbrev  0x00000692      0x2b2 _build/nrf52832_xxaa/app_error_weak.c.o
 .debug_abbrev  0x00000944      0x2d1 _build/nrf52832_xxaa/app_fifo.c.o
 .debug_abbrev  0x00000c15      0x416 _build/nrf52832_xxaa/app_uart_fifo.c.o
 .debug_abbrev  0x0000102b      0x37f _build/nrf52832_xxaa/app_util_platform.c.o
 .debug_abbrev  0x000013aa      0x24b _build/nrf52832_xxaa/retarget.c.o
 .debug_abbrev  0x000015f5      0x2da _build/nrf52832_xxaa/nrf_drv_uart.c.o
 .debug_abbrev  0x000018cf      0x34c _build/nrf52832_xxaa/nrfx_prs.c.o
 .debug_abbrev  0x00001c1b      0x55c _build/nrf52832_xxaa/nrfx_uart.c.o
 .debug_abbrev  0x00002177      0x53b _build/nrf52832_xxaa/nrfx_uarte.c.o
 .debug_abbrev  0x000026b2      0x2cc _build/nrf52832_xxaa/main.c.o
 .debug_abbrev  0x0000297e      0x226 _build/nrf52832_xxaa/system_nrf52.c.o

.debug_aranges  0x00000000      0x378
 .debug_aranges
                0x00000000       0x20 _build/nrf52832_xxaa/gcc_startup_nrf52.S.o
 .debug_aranges
                0x00000020       0x78 _build/nrf52832_xxaa/boards.c.o
 .debug_aranges
                0x00000098       0x28 _build/nrf52832_xxaa/app_error.c.o
 .debug_aranges
                0x000000c0       0x20 _build/nrf52832_xxaa/app_error_weak.c.o
 .debug_aranges
                0x000000e0       0x50 _build/nrf52832_xxaa/app_fifo.c.o
 .debug_aranges
                0x00000130       0x48 _build/nrf52832_xxaa/app_uart_fifo.c.o
 .debug_aranges
                0x00000178       0x48 _build/nrf52832_xxaa/app_util_platform.c.o
 .debug_aranges
                0x000001c0       0x28 _build/nrf52832_xxaa/retarget.c.o
 .debug_aranges
                0x000001e8       0x30 _build/nrf52832_xxaa/nrf_drv_uart.c.o
 .debug_aranges
                0x00000218       0x30 _build/nrf52832_xxaa/nrfx_prs.c.o
 .debug_aranges
                0x00000248       0x78 _build/nrf52832_xxaa/nrfx_uart.c.o
 .debug_aranges
                0x000002c0       0x68 _build/nrf52832_xxaa/nrfx_uarte.c.o
 .debug_aranges
                0x00000328       0x28 _build/nrf52832_xxaa/main.c.o
 .debug_aranges
                0x00000350       0x28 _build/nrf52832_xxaa/system_nrf52.c.o

.debug_str      0x00000000    0x74b06
 .debug_str     0x00000000       0x98 _build/nrf52832_xxaa/gcc_startup_nrf52.S.o
 .debug_str     0x00000098    0x6d767 _build/nrf52832_xxaa/boards.c.o
                              0x6e5f7 (size before relaxing)
 .debug_str     0x0006d7ff      0x116 _build/nrf52832_xxaa/app_error.c.o
                              0x60a4d (size before relaxing)
 .debug_str     0x0006d915     0x325b _build/nrf52832_xxaa/app_error_weak.c.o
                              0x6d979 (size before relaxing)
 .debug_str     0x00070b70      0x203 _build/nrf52832_xxaa/app_fifo.c.o
                              0x69fc9 (size before relaxing)
 .debug_str     0x00070d73     0x166f _build/nrf52832_xxaa/app_uart_fifo.c.o
                              0x6eda4 (size before relaxing)
 .debug_str     0x000723e2      0x353 _build/nrf52832_xxaa/app_util_platform.c.o
                              0x6123f (size before relaxing)
 .debug_str     0x00072735       0x3e _build/nrf52832_xxaa/retarget.c.o
                              0x6ae18 (size before relaxing)
 .debug_str     0x00072773      0x481 _build/nrf52832_xxaa/nrf_drv_uart.c.o
                              0x6e4d5 (size before relaxing)
 .debug_str     0x00072bf4      0x652 _build/nrf52832_xxaa/nrfx_prs.c.o
                              0x7055b (size before relaxing)
 .debug_str     0x00073246      0x790 _build/nrf52832_xxaa/nrfx_uart.c.o
                              0x716f5 (size before relaxing)
 .debug_str     0x000739d6      0x957 _build/nrf52832_xxaa/nrfx_uarte.c.o
                              0x71b89 (size before relaxing)
 .debug_str     0x0007432d      0x38a _build/nrf52832_xxaa/main.c.o
                              0x6eb42 (size before relaxing)
 .debug_str     0x000746b7      0x44f _build/nrf52832_xxaa/system_nrf52.c.o
                              0x5c55d (size before relaxing)

.debug_loc      0x00000000     0x5fd0
 .debug_loc     0x00000000      0xd67 _build/nrf52832_xxaa/boards.c.o
 .debug_loc     0x00000d67       0xc8 _build/nrf52832_xxaa/app_error.c.o
 .debug_loc     0x00000e2f       0x4a _build/nrf52832_xxaa/app_error_weak.c.o
 .debug_loc     0x00000e79      0x783 _build/nrf52832_xxaa/app_fifo.c.o
 .debug_loc     0x000015fc      0x93c _build/nrf52832_xxaa/app_uart_fifo.c.o
 .debug_loc     0x00001f38      0x11a _build/nrf52832_xxaa/app_util_platform.c.o
 .debug_loc     0x00002052       0xf1 _build/nrf52832_xxaa/retarget.c.o
 .debug_loc     0x00002143      0x1d6 _build/nrf52832_xxaa/nrf_drv_uart.c.o
 .debug_loc     0x00002319      0x10e _build/nrf52832_xxaa/nrfx_prs.c.o
 .debug_loc     0x00002427     0x1e91 _build/nrf52832_xxaa/nrfx_uart.c.o
 .debug_loc     0x000042b8     0x1caf _build/nrf52832_xxaa/nrfx_uarte.c.o
 .debug_loc     0x00005f67       0x69 _build/nrf52832_xxaa/main.c.o

.debug_ranges   0x00000000     0x20f0
 .debug_ranges  0x00000000      0x968 _build/nrf52832_xxaa/boards.c.o
 .debug_ranges  0x00000968       0x18 _build/nrf52832_xxaa/app_error.c.o
 .debug_ranges  0x00000980       0x10 _build/nrf52832_xxaa/app_error_weak.c.o
 .debug_ranges  0x00000990      0x160 _build/nrf52832_xxaa/app_fifo.c.o
 .debug_ranges  0x00000af0      0x140 _build/nrf52832_xxaa/app_uart_fifo.c.o
 .debug_ranges  0x00000c30       0x50 _build/nrf52832_xxaa/app_util_platform.c.o
 .debug_ranges  0x00000c80       0x18 _build/nrf52832_xxaa/retarget.c.o
 .debug_ranges  0x00000c98       0x20 _build/nrf52832_xxaa/nrf_drv_uart.c.o
 .debug_ranges  0x00000cb8       0x38 _build/nrf52832_xxaa/nrfx_prs.c.o
 .debug_ranges  0x00000cf0      0x968 _build/nrf52832_xxaa/nrfx_uart.c.o
 .debug_ranges  0x00001658      0x840 _build/nrf52832_xxaa/nrfx_uarte.c.o
 .debug_ranges  0x00001e98       0x50 _build/nrf52832_xxaa/main.c.o
 .debug_ranges  0x00001ee8      0x208 _build/nrf52832_xxaa/system_nrf52.c.o

.debug_macro    0x00000000     0x3e35
 .debug_macro   0x00000000      0x32f _build/nrf52832_xxaa/boards.c.o
 .debug_macro   0x0000032f       0x26 _build/nrf52832_xxaa/boards.c.o
 .debug_macro   0x00000355      0x3b1 _build/nrf52832_xxaa/boards.c.o
 .debug_macro   0x00000706       0x52 _build/nrf52832_xxaa/boards.c.o
 .debug_macro   0x00000758      0x137 _build/nrf52832_xxaa/boards.c.o
 .debug_macro   0x0000088f      0x125 _build/nrf52832_xxaa/boards.c.o
 .debug_macro   0x000009b4       0x3f _build/nrf52832_xxaa/boards.c.o
 .debug_macro   0x000009f3       0x16 _build/nrf52832_xxaa/boards.c.o
 .debug_macro   0x00000a09       0x10 _build/nrf52832_xxaa/boards.c.o
 .debug_macro   0x00000a19       0xbe _build/nrf52832_xxaa/boards.c.o
 .debug_macro   0x00000ad7       0x16 _build/nrf52832_xxaa/boards.c.o
 .debug_macro   0x00000aed      0x129 _build/nrf52832_xxaa/boards.c.o
 .debug_macro   0x00000c16       0x49 _build/nrf52832_xxaa/boards.c.o
 .debug_macro   0x00000c5f       0x8c _build/nrf52832_xxaa/boards.c.o
 .debug_macro   0x00000ceb       0x19 _build/nrf52832_xxaa/boards.c.o
 .debug_macro   0x00000d04       0x1d _build/nrf52832_xxaa/boards.c.o
 .debug_macro   0x00000d21       0x35 _build/nrf52832_xxaa/boards.c.o
 .debug_macro   0x00000d56       0x7b _build/nrf52832_xxaa/boards.c.o
 .debug_macro   0x00000dd1       0x64 _build/nrf52832_xxaa/boards.c.o
 .debug_macro   0x00000e35       0x20 _build/nrf52832_xxaa/boards.c.o
 .debug_macro   0x00000e55       0x16 _build/nrf52832_xxaa/boards.c.o
 .debug_macro   0x00000e6b      0x25a _build/nrf52832_xxaa/boards.c.o
 .debug_macro   0x000010c5      0x16d _build/nrf52832_xxaa/boards.c.o
 .debug_macro   0x00001232      0x214 _build/nrf52832_xxaa/app_error.c.o
 .debug_macro   0x00001446       0x35 _build/nrf52832_xxaa/app_error.c.o
 .debug_macro   0x0000147b       0x97 _build/nrf52832_xxaa/app_error.c.o
 .debug_macro   0x00001512       0xf6 _build/nrf52832_xxaa/app_error.c.o
 .debug_macro   0x00001608      0x303 _build/nrf52832_xxaa/app_error_weak.c.o
 .debug_macro   0x0000190b       0x16 _build/nrf52832_xxaa/app_error_weak.c.o
 .debug_macro   0x00001921       0x31 _build/nrf52832_xxaa/app_error_weak.c.o
 .debug_macro   0x00001952       0x16 _build/nrf52832_xxaa/app_error_weak.c.o
 .debug_macro   0x00001968       0x55 _build/nrf52832_xxaa/app_error_weak.c.o
 .debug_macro   0x000019bd      0x17f _build/nrf52832_xxaa/app_error_weak.c.o
 .debug_macro   0x00001b3c       0x9a _build/nrf52832_xxaa/app_error_weak.c.o
 .debug_macro   0x00001bd6       0x28 _build/nrf52832_xxaa/app_error_weak.c.o
 .debug_macro   0x00001bfe       0x23 _build/nrf52832_xxaa/app_error_weak.c.o
 .debug_macro   0x00001c21       0x1c _build/nrf52832_xxaa/app_error_weak.c.o
 .debug_macro   0x00001c3d       0x92 _build/nrf52832_xxaa/app_error_weak.c.o
 .debug_macro   0x00001ccf      0x23d _build/nrf52832_xxaa/app_fifo.c.o
 .debug_macro   0x00001f0c       0x16 _build/nrf52832_xxaa/app_fifo.c.o
 .debug_macro   0x00001f22       0x22 _build/nrf52832_xxaa/app_fifo.c.o
 .debug_macro   0x00001f44      0x3d8 _build/nrf52832_xxaa/app_uart_fifo.c.o
 .debug_macro   0x0000231c       0x18 _build/nrf52832_xxaa/app_uart_fifo.c.o
 .debug_macro   0x00002334       0x10 _build/nrf52832_xxaa/app_uart_fifo.c.o
 .debug_macro   0x00002344       0x10 _build/nrf52832_xxaa/app_uart_fifo.c.o
 .debug_macro   0x00002354       0x10 _build/nrf52832_xxaa/app_uart_fifo.c.o
 .debug_macro   0x00002364       0x10 _build/nrf52832_xxaa/app_uart_fifo.c.o
 .debug_macro   0x00002374       0x10 _build/nrf52832_xxaa/app_uart_fifo.c.o
 .debug_macro   0x00002384       0x3f _build/nrf52832_xxaa/app_uart_fifo.c.o
 .debug_macro   0x000023c3      0x22a _build/nrf52832_xxaa/app_util_platform.c.o
 .debug_macro   0x000025ed      0x292 _build/nrf52832_xxaa/retarget.c.o
 .debug_macro   0x0000287f      0x358 _build/nrf52832_xxaa/nrf_drv_uart.c.o
 .debug_macro   0x00002bd7      0x3bb _build/nrf52832_xxaa/nrfx_prs.c.o
 .debug_macro   0x00002f92       0x28 _build/nrf52832_xxaa/nrfx_prs.c.o
 .debug_macro   0x00002fba       0x1c _build/nrf52832_xxaa/nrfx_prs.c.o
 .debug_macro   0x00002fd6       0x37 _build/nrf52832_xxaa/nrfx_prs.c.o
 .debug_macro   0x0000300d       0x10 _build/nrf52832_xxaa/nrfx_prs.c.o
 .debug_macro   0x0000301d      0x179 _build/nrf52832_xxaa/nrfx_prs.c.o
 .debug_macro   0x00003196       0x42 _build/nrf52832_xxaa/nrfx_prs.c.o
 .debug_macro   0x000031d8      0x3d6 _build/nrf52832_xxaa/nrfx_uart.c.o
 .debug_macro   0x000035ae       0x1c _build/nrf52832_xxaa/nrfx_uart.c.o
 .debug_macro   0x000035ca      0x3f4 _build/nrf52832_xxaa/nrfx_uarte.c.o
 .debug_macro   0x000039be      0x386 _build/nrf52832_xxaa/main.c.o
 .debug_macro   0x00003d44       0xf1 _build/nrf52832_xxaa/system_nrf52.c.o

.debug_frame    0x00000000     0x1154
 .debug_frame   0x00000000       0xf4 _build/nrf52832_xxaa/boards.c.o
 .debug_frame   0x000000f4       0x54 _build/nrf52832_xxaa/app_error.c.o
 .debug_frame   0x00000148       0x20 _build/nrf52832_xxaa/app_error_weak.c.o
 .debug_frame   0x00000168      0x110 _build/nrf52832_xxaa/app_fifo.c.o
 .debug_frame   0x00000278       0xf0 _build/nrf52832_xxaa/app_uart_fifo.c.o
 .debug_frame   0x00000368       0x70 _build/nrf52832_xxaa/app_util_platform.c.o
 .debug_frame   0x000003d8       0x44 _build/nrf52832_xxaa/retarget.c.o
 .debug_frame   0x0000041c       0x7c _build/nrf52832_xxaa/nrf_drv_uart.c.o
 .debug_frame   0x00000498       0x4c _build/nrf52832_xxaa/nrfx_prs.c.o
 .debug_frame   0x000004e4      0x18c _build/nrf52832_xxaa/nrfx_uart.c.o
 .debug_frame   0x00000670      0x194 _build/nrf52832_xxaa/nrfx_uarte.c.o
 .debug_frame   0x00000804       0x3c _build/nrf52832_xxaa/main.c.o
 .debug_frame   0x00000840       0x40 _build/nrf52832_xxaa/system_nrf52.c.o
 .debug_frame   0x00000880       0x28 c:/program files (x86)/gnu arm embedded toolchain/9 2020-q2-update/bin/../lib/gcc/arm-none-eabi/9.3.1/../../../../arm-none-eabi/lib/thumb/v7e-m+fp/hard\libc_nano.a(lib_a-exit.o)
 .debug_frame   0x000008a8       0x2c c:/program files (x86)/gnu arm embedded toolchain/9 2020-q2-update/bin/../lib/gcc/arm-none-eabi/9.3.1/../../../../arm-none-eabi/lib/thumb/v7e-m+fp/hard\libc_nano.a(lib_a-init.o)
 .debug_frame   0x000008d4       0x20 c:/program files (x86)/gnu arm embedded toolchain/9 2020-q2-update/bin/../lib/gcc/arm-none-eabi/9.3.1/../../../../arm-none-eabi/lib/thumb/v7e-m+fp/hard\libc_nano.a(lib_a-memset.o)
 .debug_frame   0x000008f4       0x74 c:/program files (x86)/gnu arm embedded toolchain/9 2020-q2-update/bin/../lib/gcc/arm-none-eabi/9.3.1/../../../../arm-none-eabi/lib/thumb/v7e-m+fp/hard\libc_nano.a(lib_a-printf.o)
 .debug_frame   0x00000968      0x14c c:/program files (x86)/gnu arm embedded toolchain/9 2020-q2-update/bin/../lib/gcc/arm-none-eabi/9.3.1/../../../../arm-none-eabi/lib/thumb/v7e-m+fp/hard\libc_nano.a(lib_a-findfp.o)
 .debug_frame   0x00000ab4       0x54 c:/program files (x86)/gnu arm embedded toolchain/9 2020-q2-update/bin/../lib/gcc/arm-none-eabi/9.3.1/../../../../arm-none-eabi/lib/thumb/v7e-m+fp/hard\libc_nano.a(lib_a-fwalk.o)
 .debug_frame   0x00000b08       0xb0 c:/program files (x86)/gnu arm embedded toolchain/9 2020-q2-update/bin/../lib/gcc/arm-none-eabi/9.3.1/../../../../arm-none-eabi/lib/thumb/v7e-m+fp/hard\libc_nano.a(lib_a-lock.o)
 .debug_frame   0x00000bb8       0x30 c:/program files (x86)/gnu arm embedded toolchain/9 2020-q2-update/bin/../lib/gcc/arm-none-eabi/9.3.1/../../../../arm-none-eabi/lib/thumb/v7e-m+fp/hard\libc_nano.a(lib_a-nano-mallocr.o)
 .debug_frame   0x00000be8       0xac c:/program files (x86)/gnu arm embedded toolchain/9 2020-q2-update/bin/../lib/gcc/arm-none-eabi/9.3.1/../../../../arm-none-eabi/lib/thumb/v7e-m+fp/hard\libc_nano.a(lib_a-nano-vfprintf.o)
 .debug_frame   0x00000c94       0x60 c:/program files (x86)/gnu arm embedded toolchain/9 2020-q2-update/bin/../lib/gcc/arm-none-eabi/9.3.1/../../../../arm-none-eabi/lib/thumb/v7e-m+fp/hard\libc_nano.a(lib_a-nano-vfprintf_i.o)
 .debug_frame   0x00000cf4       0x2c c:/program files (x86)/gnu arm embedded toolchain/9 2020-q2-update/bin/../lib/gcc/arm-none-eabi/9.3.1/../../../../arm-none-eabi/lib/thumb/v7e-m+fp/hard\libc_nano.a(lib_a-sbrkr.o)
 .debug_frame   0x00000d20       0x88 c:/program files (x86)/gnu arm embedded toolchain/9 2020-q2-update/bin/../lib/gcc/arm-none-eabi/9.3.1/../../../../arm-none-eabi/lib/thumb/v7e-m+fp/hard\libc_nano.a(lib_a-stdio.o)
 .debug_frame   0x00000da8       0x40 c:/program files (x86)/gnu arm embedded toolchain/9 2020-q2-update/bin/../lib/gcc/arm-none-eabi/9.3.1/../../../../arm-none-eabi/lib/thumb/v7e-m+fp/hard\libc_nano.a(lib_a-wbuf.o)
 .debug_frame   0x00000de8       0x2c c:/program files (x86)/gnu arm embedded toolchain/9 2020-q2-update/bin/../lib/gcc/arm-none-eabi/9.3.1/../../../../arm-none-eabi/lib/thumb/v7e-m+fp/hard\libc_nano.a(lib_a-writer.o)
 .debug_frame   0x00000e14       0x2c c:/program files (x86)/gnu arm embedded toolchain/9 2020-q2-update/bin/../lib/gcc/arm-none-eabi/9.3.1/../../../../arm-none-eabi/lib/thumb/v7e-m+fp/hard\libc_nano.a(lib_a-wsetup.o)
 .debug_frame   0x00000e40       0x2c c:/program files (x86)/gnu arm embedded toolchain/9 2020-q2-update/bin/../lib/gcc/arm-none-eabi/9.3.1/../../../../arm-none-eabi/lib/thumb/v7e-m+fp/hard\libc_nano.a(lib_a-closer.o)
 .debug_frame   0x00000e6c       0x5c c:/program files (x86)/gnu arm embedded toolchain/9 2020-q2-update/bin/../lib/gcc/arm-none-eabi/9.3.1/../../../../arm-none-eabi/lib/thumb/v7e-m+fp/hard\libc_nano.a(lib_a-fflush.o)
 .debug_frame   0x00000ec8       0x2c c:/program files (x86)/gnu arm embedded toolchain/9 2020-q2-update/bin/../lib/gcc/arm-none-eabi/9.3.1/../../../../arm-none-eabi/lib/thumb/v7e-m+fp/hard\libc_nano.a(lib_a-lseekr.o)
 .debug_frame   0x00000ef4       0x58 c:/program files (x86)/gnu arm embedded toolchain/9 2020-q2-update/bin/../lib/gcc/arm-none-eabi/9.3.1/../../../../arm-none-eabi/lib/thumb/v7e-m+fp/hard\libc_nano.a(lib_a-makebuf.o)
 .debug_frame   0x00000f4c       0x30 c:/program files (x86)/gnu arm embedded toolchain/9 2020-q2-update/bin/../lib/gcc/arm-none-eabi/9.3.1/../../../../arm-none-eabi/lib/thumb/v7e-m+fp/hard\libc_nano.a(lib_a-mlock.o)
 .debug_frame   0x00000f7c       0x38 c:/program files (x86)/gnu arm embedded toolchain/9 2020-q2-update/bin/../lib/gcc/arm-none-eabi/9.3.1/../../../../arm-none-eabi/lib/thumb/v7e-m+fp/hard\libc_nano.a(lib_a-nano-freer.o)
 .debug_frame   0x00000fb4       0x2c c:/program files (x86)/gnu arm embedded toolchain/9 2020-q2-update/bin/../lib/gcc/arm-none-eabi/9.3.1/../../../../arm-none-eabi/lib/thumb/v7e-m+fp/hard\libc_nano.a(lib_a-readr.o)
 .debug_frame   0x00000fe0       0x5c c:/program files (x86)/gnu arm embedded toolchain/9 2020-q2-update/bin/../lib/gcc/arm-none-eabi/9.3.1/../../../../arm-none-eabi/lib/thumb/v7e-m+fp/hard\libc_nano.a(lib_a-reent.o)
 .debug_frame   0x0000103c       0x2c c:/program files (x86)/gnu arm embedded toolchain/9 2020-q2-update/bin/../lib/gcc/arm-none-eabi/9.3.1/../../../../arm-none-eabi/lib/thumb/v7e-m+fp/hard\libc_nano.a(lib_a-fstatr.o)
 .debug_frame   0x00001068       0x2c c:/program files (x86)/gnu arm embedded toolchain/9 2020-q2-update/bin/../lib/gcc/arm-none-eabi/9.3.1/../../../../arm-none-eabi/lib/thumb/v7e-m+fp/hard\libc_nano.a(lib_a-isattyr.o)
 .debug_frame   0x00001094       0x20 c:/program files (x86)/gnu arm embedded toolchain/9 2020-q2-update/bin/../lib/gcc/arm-none-eabi/9.3.1/../../../../arm-none-eabi/lib/thumb/v7e-m+fp/hard\libnosys.a(close.o)
 .debug_frame   0x000010b4       0x20 c:/program files (x86)/gnu arm embedded toolchain/9 2020-q2-update/bin/../lib/gcc/arm-none-eabi/9.3.1/../../../../arm-none-eabi/lib/thumb/v7e-m+fp/hard\libnosys.a(fstat.o)
 .debug_frame   0x000010d4       0x20 c:/program files (x86)/gnu arm embedded toolchain/9 2020-q2-update/bin/../lib/gcc/arm-none-eabi/9.3.1/../../../../arm-none-eabi/lib/thumb/v7e-m+fp/hard\libnosys.a(isatty.o)
 .debug_frame   0x000010f4       0x20 c:/program files (x86)/gnu arm embedded toolchain/9 2020-q2-update/bin/../lib/gcc/arm-none-eabi/9.3.1/../../../../arm-none-eabi/lib/thumb/v7e-m+fp/hard\libnosys.a(lseek.o)
 .debug_frame   0x00001114       0x20 c:/program files (x86)/gnu arm embedded toolchain/9 2020-q2-update/bin/../lib/gcc/arm-none-eabi/9.3.1/../../../../arm-none-eabi/lib/thumb/v7e-m+fp/hard\libnosys.a(sbrk.o)
 .debug_frame   0x00001134       0x20 c:/program files (x86)/gnu arm embedded toolchain/9 2020-q2-update/bin/../lib/gcc/arm-none-eabi/9.3.1/../../../../arm-none-eabi/lib/thumb/v7e-m+fp/hard\libnosys.a(_exit.o)

.stab           0x00000000       0x6c
 .stab          0x00000000       0x24 c:/program files (x86)/gnu arm embedded toolchain/9 2020-q2-update/bin/../lib/gcc/arm-none-eabi/9.3.1/../../../../arm-none-eabi/lib/thumb/v7e-m+fp/hard\libnosys.a(close.o)
 .stab          0x00000024       0x18 c:/program files (x86)/gnu arm embedded toolchain/9 2020-q2-update/bin/../lib/gcc/arm-none-eabi/9.3.1/../../../../arm-none-eabi/lib/thumb/v7e-m+fp/hard\libnosys.a(fstat.o)
                                 0x24 (size before relaxing)
 .stab          0x0000003c       0x18 c:/program files (x86)/gnu arm embedded toolchain/9 2020-q2-update/bin/../lib/gcc/arm-none-eabi/9.3.1/../../../../arm-none-eabi/lib/thumb/v7e-m+fp/hard\libnosys.a(isatty.o)
                                 0x24 (size before relaxing)
 .stab          0x00000054       0x18 c:/program files (x86)/gnu arm embedded toolchain/9 2020-q2-update/bin/../lib/gcc/arm-none-eabi/9.3.1/../../../../arm-none-eabi/lib/thumb/v7e-m+fp/hard\libnosys.a(lseek.o)
                                 0x24 (size before relaxing)

.stabstr        0x00000000       0xe3
 .stabstr       0x00000000       0xe3 c:/program files (x86)/gnu arm embedded toolchain/9 2020-q2-update/bin/../lib/gcc/arm-none-eabi/9.3.1/../../../../arm-none-eabi/lib/thumb/v7e-m+fp/hard\libnosys.a(close.o)
